docker : #0 building with "desktop-linux" instance using docker driver
At line:1 char:1
+ docker build --no-cache -f backend/Dockerfile -t datamodelerv1-backen ...
+ ~~~~~~~~~~~~~~~~~~~~~~~~~~~~~~~~~~~~~~~~~~~~~~~~~~~~~~~~~~~~~~~~~~~~~
    + CategoryInfo          : NotSpecified: (#0 building wit...g docker driver 
   :String) [], RemoteException
    + FullyQualifiedErrorId : NativeCommandError
 

#1 [internal] load build definition from Dockerfile
#1 transferring dockerfile: 2.28kB done
#1 DONE 0.0s

#2 [internal] load metadata for mcr.microsoft.com/dotnet/aspnet:8.0-alpine
#2 DONE 0.2s

#3 [internal] load metadata for mcr.microsoft.com/dotnet/sdk:8.0-alpine
#3 DONE 0.3s

#4 [internal] load .dockerignore
#4 transferring context: 2B done
#4 DONE 0.0s

#5 [runtime 1/6] FROM mcr.microsoft.com/dotnet/aspnet:8.0-alpine@sha256:354c2fc
fb3c23abc60d98f0380cdb403fba844a62a123b6343a8c9611209995c
#5 resolve mcr.microsoft.com/dotnet/aspnet:8.0-alpine@sha256:354c2fcfb3c23abc60
d98f0380cdb403fba844a62a123b6343a8c9611209995c 0.0s done
#5 CACHED

#6 [builder 1/6] FROM mcr.microsoft.com/dotnet/sdk:8.0-alpine@sha256:608d8a4b57
0b88bd8b1fbb792f00cee88d557eee3a56ebf06b359fdea05a50ed
#6 resolve mcr.microsoft.com/dotnet/sdk:8.0-alpine@sha256:608d8a4b570b88bd8b1fb
b792f00cee88d557eee3a56ebf06b359fdea05a50ed 0.0s done
#6 DONE 0.0s

#7 [builder 2/6] WORKDIR /src
#7 CACHED

#8 [internal] load build context
#8 transferring context: 3.60MB 1.0s done
#8 DONE 1.1s

#9 [builder 3/6] COPY [backend/DataModeler.API.csproj, backend/]
#9 DONE 0.0s

#10 [builder 4/6] COPY [backend/, backend/]
#10 DONE 0.1s

#11 [runtime 2/6] RUN apk add --no-cache     curl     ca-certificates     tini
#11 3.863 ( 1/12) Installing ca-certificates (20251003-r0)
#11 4.044 ( 2/12) Installing brotli-libs (1.2.0-r0)
#11 4.418 ( 3/12) Installing c-ares (1.34.6-r0)
#11 4.549 ( 4/12) Installing libunistring (1.4.1-r0)
#11 5.116 ( 5/12) Installing libidn2 (2.3.8-r0)
#11 5.383 ( 6/12) Installing nghttp2-libs (1.68.0-r0)
#11 5.475 ( 7/12) Installing nghttp3 (1.13.1-r0)
#11 5.569 ( 8/12) Installing libpsl (0.21.5-r3)
#11 5.657 ( 9/12) Installing zstd-libs (1.5.7-r2)
#11 5.953 (10/12) Installing libcurl (8.17.0-r1)
#11 6.400 (11/12) Installing curl (8.17.0-r1)
#11 7.082 (12/12) Installing tini (0.19.0-r3)
#11 7.170 Executing busybox-1.37.0-r30.trigger
#11 7.176 Executing ca-certificates-20251003-r0.trigger
#11 7.229 OK: 16.3 MiB in 30 packages
#11 DONE 7.3s

#12 [runtime 3/6] RUN addgroup -S appgroup && adduser -S appuser -G appgroup
#12 DONE 0.3s

#13 [builder 5/6] RUN dotnet restore "backend/DataModeler.API.csproj"     -r li
nux-musl-x64     && dotnet build "backend/DataModeler.API.csproj" -c Release -o
 /app/build     --no-restore -r linux-musl-x64
#13 0.729   Determining projects to restore...
#13 ...

#14 [runtime 4/6] WORKDIR /app
#14 DONE 0.1s

#13 [builder 5/6] RUN dotnet restore "backend/DataModeler.API.csproj"     -r li
nux-musl-x64     && dotnet build "backend/DataModeler.API.csproj" -c Release -o
 /app/build     --no-restore -r linux-musl-x64
#13 34.48 /src/backend/DataModeler.API.csproj : warning NU1903: Package 'AutoMa
pper' 13.0.1 has a known high severity vulnerability, https://github.com/adviso
ries/GHSA-rvv3-g6hj-g44x
#13 34.56   Restored /src/backend/DataModeler.API.csproj (in 33.62 sec).
#13 35.17 /src/backend/DataModeler.API.csproj : warning NU1903: Package 'AutoMa
pper' 13.0.1 has a known high severity vulnerability, https://github.com/adviso
ries/GHSA-rvv3-g6hj-g44x
#13 37.07 /src/backend/Services/BranchingManagementService.cs(20,34): warning C
S8625: Cannot convert null literal to non-nullable reference type. [/src/backen
d/DataModeler.API.csproj]
#13 37.07 /src/backend/Services/BranchingManagementService.cs(85,34): warning C
S8625: Cannot convert null literal to non-nullable reference type. [/src/backen
d/DataModeler.API.csproj]
#13 37.07 /src/backend/DTOs/RealtimeDtos.cs(366,23): warning CS8618: Non-nullab
le property 'FromTable' must contain a non-null value when exiting constructor.
 Consider adding the 'required' modifier or declaring the property as nullable.
 [/src/backend/DataModeler.API.csproj]
#13 37.07 /src/backend/DTOs/RealtimeDtos.cs(367,23): warning CS8618: Non-nullab
le property 'FromColumn' must contain a non-null value when exiting constructor
. Consider adding the 'required' modifier or declaring the property as nullable
. [/src/backend/DataModeler.API.csproj]
#13 37.07 /src/backend/DTOs/RealtimeDtos.cs(368,23): warning CS8618: Non-nullab
le property 'ToTable' must contain a non-null value when exiting constructor. C
onsider adding the 'required' modifier or declaring the property as nullable. [
/src/backend/DataModeler.API.csproj]
#13 37.07 /src/backend/DTOs/RealtimeDtos.cs(369,23): warning CS8618: Non-nullab
le property 'ToColumn' must contain a non-null value when exiting constructor. 
Consider adding the 'required' modifier or declaring the property as nullable. 
[/src/backend/DataModeler.API.csproj]
#13 37.07 /src/backend/DTOs/RealtimeDtos.cs(370,23): warning CS8618: Non-nullab
le property 'RelationType' must contain a non-null value when exiting construct
or. Consider adding the 'required' modifier or declaring the property as nullab
le. [/src/backend/DataModeler.API.csproj]
#13 37.07 /src/backend/DTOs/DevOpsDtos.cs(14,23): warning CS8618: Non-nullable 
property 'Message' must contain a non-null value when exiting constructor. Cons
ider adding the 'required' modifier or declaring the property as nullable. [/sr
c/backend/DataModeler.API.csproj]
#13 37.07 /src/backend/Services/WebSocketService.cs(444,23): warning CS8618: No
n-nullable property 'UserId' must contain a non-null value when exiting constru
ctor. Consider adding the 'required' modifier or declaring the property as null
able. [/src/backend/DataModeler.API.csproj]
#13 37.07 /src/backend/Services/WebSocketService.cs(445,23): warning CS8618: No
n-nullable property 'UserName' must contain a non-null value when exiting const
ructor. Consider adding the 'required' modifier or declaring the property as nu
llable. [/src/backend/DataModeler.API.csproj]
#13 37.07 /src/backend/Services/WebSocketService.cs(447,23): warning CS8618: No
n-nullable property 'Color' must contain a non-null value when exiting construc
tor. Consider adding the 'required' modifier or declaring the property as nulla
ble. [/src/backend/DataModeler.API.csproj]
#13 37.07 /src/backend/DTOs/RealtimeDtos.cs(351,23): warning CS8618: Non-nullab
le property 'Name' must contain a non-null value when exiting constructor. Cons
ider adding the 'required' modifier or declaring the property as nullable. [/sr
c/backend/DataModeler.API.csproj]
#13 37.07 /src/backend/DTOs/RealtimeDtos.cs(352,23): warning CS8618: Non-nullab
le property 'Type' must contain a non-null value when exiting constructor. Cons
ider adding the 'required' modifier or declaring the property as nullable. [/sr
c/backend/DataModeler.API.csproj]
#13 37.07 /src/backend/DTOs/RealtimeDtos.cs(357,23): warning CS8618: Non-nullab
le property 'DefaultValue' must contain a non-null value when exiting construct
or. Consider adding the 'required' modifier or declaring the property as nullab
le. [/src/backend/DataModeler.API.csproj]
#13 37.07 /src/backend/DTOs/RealtimeDtos.cs(358,23): warning CS8618: Non-nullab
le property 'Note' must contain a non-null value when exiting constructor. Cons
ider adding the 'required' modifier or declaring the property as nullable. [/sr
c/backend/DataModeler.API.csproj]
#13 37.07 /src/backend/Services/WebSocketService.cs(421,23): warning CS8618: No
n-nullable property 'UserId' must contain a non-null value when exiting constru
ctor. Consider adding the 'required' modifier or declaring the property as null
able. [/src/backend/DataModeler.API.csproj]
#13 37.07 /src/backend/Services/WebSocketService.cs(422,23): warning CS8618: No
n-nullable property 'UserName' must contain a non-null value when exiting const
ructor. Consider adding the 'required' modifier or declaring the property as nu
llable. [/src/backend/DataModeler.API.csproj]
#13 37.07 /src/backend/Services/WebSocketService.cs(423,23): warning CS8618: No
n-nullable property 'Color' must contain a non-null value when exiting construc
tor. Consider adding the 'required' modifier or declaring the property as nulla
ble. [/src/backend/DataModeler.API.csproj]
#13 37.07 /src/backend/Services/WebSocketService.cs(409,23): warning CS8618: No
n-nullable property 'UserId' must contain a non-null value when exiting constru
ctor. Consider adding the 'required' modifier or declaring the property as null
able. [/src/backend/DataModeler.API.csproj]
#13 37.07 /src/backend/Services/WebSocketService.cs(410,23): warning CS8618: No
n-nullable property 'UserName' must contain a non-null value when exiting const
ructor. Consider adding the 'required' modifier or declaring the property as nu
llable. [/src/backend/DataModeler.API.csproj]
#13 37.07 /src/backend/Services/WebSocketService.cs(411,26): warning CS8618: No
n-nullable property 'WebSocket' must contain a non-null value when exiting cons
tructor. Consider adding the 'required' modifier or declaring the property as n
ullable. [/src/backend/DataModeler.API.csproj]
#13 37.07 /src/backend/Services/WebSocketService.cs(413,31): warning CS8618: No
n-nullable property 'CursorPosition' must contain a non-null value when exiting
 constructor. Consider adding the 'required' modifier or declaring the property
 as nullable. [/src/backend/DataModeler.API.csproj]
#13 37.07 /src/backend/DTOs/RealtimeDtos.cs(340,23): warning CS8618: Non-nullab
le property 'Name' must contain a non-null value when exiting constructor. Cons
ider adding the 'required' modifier or declaring the property as nullable. [/sr
c/backend/DataModeler.API.csproj]
#13 37.07 /src/backend/DTOs/RealtimeDtos.cs(341,23): warning CS8618: Non-nullab
le property 'Alias' must contain a non-null value when exiting constructor. Con
sider adding the 'required' modifier or declaring the property as nullable. [/s
rc/backend/DataModeler.API.csproj]
#13 37.07 /src/backend/DTOs/RealtimeDtos.cs(343,23): warning CS8618: Non-nullab
le property 'Note' must contain a non-null value when exiting constructor. Cons
ider adding the 'required' modifier or declaring the property as nullable. [/sr
c/backend/DataModeler.API.csproj]
#13 37.07 /src/backend/DTOs/DevOpsDtos.cs(26,23): warning CS8618: Non-nullable 
property 'Id' must contain a non-null value when exiting constructor. Consider 
adding the 'required' modifier or declaring the property as nullable. [/src/bac
kend/DataModeler.API.csproj]
#13 37.07 /src/backend/DTOs/DevOpsDtos.cs(27,23): warning CS8618: Non-nullable 
property 'Name' must contain a non-null value when exiting constructor. Conside
r adding the 'required' modifier or declaring the property as nullable. [/src/b
ackend/DataModeler.API.csproj]
#13 37.07 /src/backend/DTOs/DevOpsDtos.cs(28,23): warning CS8618: Non-nullable 
property 'ProjectId' must contain a non-null value when exiting constructor. Co
nsider adding the 'required' modifier or declaring the property as nullable. [/
src/backend/DataModeler.API.csproj]
#13 37.07 /src/backend/DTOs/DevOpsDtos.cs(29,23): warning CS8618: Non-nullable 
property 'Url' must contain a non-null value when exiting constructor. Consider
 adding the 'required' modifier or declaring the property as nullable. [/src/ba
ckend/DataModeler.API.csproj]
#13 37.07 /src/backend/DTOs/DevOpsDtos.cs(30,23): warning CS8618: Non-nullable 
property 'DefaultBranch' must contain a non-null value when exiting constructor
. Consider adding the 'required' modifier or declaring the property as nullable
. [/src/backend/DataModeler.API.csproj]
#13 37.07 /src/backend/DTOs/DevOpsDtos.cs(32,23): warning CS8618: Non-nullable 
property 'SshUrl' must contain a non-null value when exiting constructor. Consi
der adding the 'required' modifier or declaring the property as nullable. [/src
/backend/DataModeler.API.csproj]
#13 37.07 /src/backend/DTOs/DevOpsDtos.cs(33,23): warning CS8618: Non-nullable 
property 'HttpUrl' must contain a non-null value when exiting constructor. Cons
ider adding the 'required' modifier or declaring the property as nullable. [/sr
c/backend/DataModeler.API.csproj]
#13 37.07 /src/backend/DTOs/RealtimeDtos.cs(318,23): warning CS8618: Non-nullab
le property 'NotificationType' must contain a non-null value when exiting const
ructor. Consider adding the 'required' modifier or declaring the property as nu
llable. [/src/backend/DataModeler.API.csproj]
#13 37.07 /src/backend/DTOs/RealtimeDtos.cs(319,23): warning CS8618: Non-nullab
le property 'Message' must contain a non-null value when exiting constructor. C
onsider adding the 'required' modifier or declaring the property as nullable. [
/src/backend/DataModeler.API.csproj]
#13 37.07 /src/backend/DTOs/RealtimeDtos.cs(320,23): warning CS8618: Non-nullab
le property 'Data' must contain a non-null value when exiting constructor. Cons
ider adding the 'required' modifier or declaring the property as nullable. [/sr
c/backend/DataModeler.API.csproj]
#13 37.07 /src/backend/DTOs/RealtimeDtos.cs(300,23): warning CS8618: Non-nullab
le property 'ErrorCode' must contain a non-null value when exiting constructor.
 Consider adding the 'required' modifier or declaring the property as nullable.
 [/src/backend/DataModeler.API.csproj]
#13 37.07 /src/backend/DTOs/RealtimeDtos.cs(301,23): warning CS8618: Non-nullab
le property 'Message' must contain a non-null value when exiting constructor. C
onsider adding the 'required' modifier or declaring the property as nullable. [
/src/backend/DataModeler.API.csproj]
#13 37.07 /src/backend/DTOs/RealtimeDtos.cs(302,23): warning CS8618: Non-nullab
le property 'Details' must contain a non-null value when exiting constructor. C
onsider adding the 'required' modifier or declaring the property as nullable. [
/src/backend/DataModeler.API.csproj]
#13 37.07 /src/backend/DTOs/RealtimeDtos.cs(289,23): warning CS8618: Non-nullab
le property 'LockId' must contain a non-null value when exiting constructor. Co
nsider adding the 'required' modifier or declaring the property as nullable. [/
src/backend/DataModeler.API.csproj]
#13 37.07 /src/backend/DTOs/RealtimeDtos.cs(290,23): warning CS8618: Non-nullab
le property 'ReleasedBy' must contain a non-null value when exiting constructor
. Consider adding the 'required' modifier or declaring the property as nullable
. [/src/backend/DataModeler.API.csproj]
#13 37.07 /src/backend/DTOs/RealtimeDtos.cs(279,23): warning CS8618: Non-nullab
le property 'LockId' must contain a non-null value when exiting constructor. Co
nsider adding the 'required' modifier or declaring the property as nullable. [/
src/backend/DataModeler.API.csproj]
#13 37.07 /src/backend/DTOs/RealtimeDtos.cs(280,25): warning CS8618: Non-nullab
le property 'Range' must contain a non-null value when exiting constructor. Con
sider adding the 'required' modifier or declaring the property as nullable. [/s
rc/backend/DataModeler.API.csproj]
#13 37.07 /src/backend/DTOs/RealtimeDtos.cs(281,23): warning CS8618: Non-nullab
le property 'LockedBy' must contain a non-null value when exiting constructor. 
Consider adding the 'required' modifier or declaring the property as nullable. 
[/src/backend/DataModeler.API.csproj]
#13 37.07 /src/backend/DTOs/RealtimeDtos.cs(270,25): warning CS8618: Non-nullab
le property 'Range' must contain a non-null value when exiting constructor. Con
sider adding the 'required' modifier or declaring the property as nullable. [/s
rc/backend/DataModeler.API.csproj]
#13 37.07 /src/backend/DTOs/RealtimeDtos.cs(259,38): warning CS8618: Non-nullab
le property 'RemoteChange' must contain a non-null value when exiting construct
or. Consider adding the 'required' modifier or declaring the property as nullab
le. [/src/backend/DataModeler.API.csproj]
#13 37.07 /src/backend/DTOs/RealtimeDtos.cs(260,23): warning CS8618: Non-nullab
le property 'ResolutionStrategy' must contain a non-null value when exiting con
structor. Consider adding the 'required' modifier or declaring the property as 
nullable. [/src/backend/DataModeler.API.csproj]
#13 37.07 /src/backend/DTOs/RealtimeDtos.cs(249,23): warning CS8618: Non-nullab
le property 'Content' must contain a non-null value when exiting constructor. C
onsider adding the 'required' modifier or declaring the property as nullable. [
/src/backend/DataModeler.API.csproj]
#13 37.07 /src/backend/DTOs/RealtimeDtos.cs(250,44): warning CS8618: Non-nullab
le property 'ChangesSincVersion' must contain a non-null value when exiting con
structor. Consider adding the 'required' modifier or declaring the property as 
nullable. [/src/backend/DataModeler.API.csproj]
#13 37.07 /src/backend/DTOs/RealtimeDtos.cs(227,23): warning CS8618: Non-nullab
le property 'ResolvedBy' must contain a non-null value when exiting constructor
. Consider adding the 'required' modifier or declaring the property as nullable
. [/src/backend/DataModeler.API.csproj]
#13 37.07 /src/backend/DTOs/RealtimeDtos.cs(210,32): warning CS8618: Non-nullab
le property 'Reply' must contain a non-null value when exiting constructor. Con
sider adding the 'required' modifier or declaring the property as nullable. [/s
rc/backend/DataModeler.API.csproj]
#13 37.07 /src/backend/DTOs/RealtimeDtos.cs(201,23): warning CS8618: Non-nullab
le property 'Content' must contain a non-null value when exiting constructor. C
onsider adding the 'required' modifier or declaring the property as nullable. [
/src/backend/DataModeler.API.csproj]
#13 37.07 /src/backend/DTOs/RealtimeDtos.cs(192,27): warning CS8618: Non-nullab
le property 'Comment' must contain a non-null value when exiting constructor. C
onsider adding the 'required' modifier or declaring the property as nullable. [
/src/backend/DataModeler.API.csproj]
#13 37.07 /src/backend/DTOs/RealtimeDtos.cs(180,23): warning CS8618: Non-nullab
le property 'UserId' must contain a non-null value when exiting constructor. Co
nsider adding the 'required' modifier or declaring the property as nullable. [/
src/backend/DataModeler.API.csproj]
#13 37.07 /src/backend/DTOs/RealtimeDtos.cs(181,23): warning CS8618: Non-nullab
le property 'UserName' must contain a non-null value when exiting constructor. 
Consider adding the 'required' modifier or declaring the property as nullable. 
[/src/backend/DataModeler.API.csproj]
#13 37.07 /src/backend/DTOs/RealtimeDtos.cs(182,23): warning CS8618: Non-nullab
le property 'Content' must contain a non-null value when exiting constructor. C
onsider adding the 'required' modifier or declaring the property as nullable. [
/src/backend/DataModeler.API.csproj]
#13 37.07 /src/backend/DTOs/RealtimeDtos.cs(162,23): warning CS8618: Non-nullab
le property 'UserId' must contain a non-null value when exiting constructor. Co
nsider adding the 'required' modifier or declaring the property as nullable. [/
src/backend/DataModeler.API.csproj]
#13 37.07 /src/backend/DTOs/RealtimeDtos.cs(163,23): warning CS8618: Non-nullab
le property 'UserName' must contain a non-null value when exiting constructor. 
Consider adding the 'required' modifier or declaring the property as nullable. 
[/src/backend/DataModeler.API.csproj]
#13 37.07 /src/backend/DTOs/RealtimeDtos.cs(164,23): warning CS8618: Non-nullab
le property 'Content' must contain a non-null value when exiting constructor. C
onsider adding the 'required' modifier or declaring the property as nullable. [
/src/backend/DataModeler.API.csproj]
#13 37.07 /src/backend/DTOs/RealtimeDtos.cs(165,34): warning CS8618: Non-nullab
le property 'Position' must contain a non-null value when exiting constructor. 
Consider adding the 'required' modifier or declaring the property as nullable. 
[/src/backend/DataModeler.API.csproj]
#13 37.07 /src/backend/DTOs/RealtimeDtos.cs(169,23): warning CS8618: Non-nullab
le property 'ResolvedBy' must contain a non-null value when exiting constructor
. Consider adding the 'required' modifier or declaring the property as nullable
. [/src/backend/DataModeler.API.csproj]
#13 37.07 /src/backend/DTOs/RealtimeDtos.cs(153,27): warning CS8618: Non-nullab
le property 'Comment' must contain a non-null value when exiting constructor. C
onsider adding the 'required' modifier or declaring the property as nullable. [
/src/backend/DataModeler.API.csproj]
#13 37.07 /src/backend/DTOs/RealtimeDtos.cs(141,23): warning CS8618: Non-nullab
le property 'UserId' must contain a non-null value when exiting constructor. Co
nsider adding the 'required' modifier or declaring the property as nullable. [/
src/backend/DataModeler.API.csproj]
#13 37.07 /src/backend/DTOs/RealtimeDtos.cs(142,23): warning CS8618: Non-nullab
le property 'Color' must contain a non-null value when exiting constructor. Con
sider adding the 'required' modifier or declaring the property as nullable. [/s
rc/backend/DataModeler.API.csproj]
#13 37.07 /src/backend/DTOs/RealtimeDtos.cs(143,25): warning CS8618: Non-nullab
le property 'Range' must contain a non-null value when exiting constructor. Con
sider adding the 'required' modifier or declaring the property as nullable. [/s
rc/backend/DataModeler.API.csproj]
#13 37.07 /src/backend/DTOs/RealtimeDtos.cs(130,23): warning CS8618: Non-nullab
le property 'UserId' must contain a non-null value when exiting constructor. Co
nsider adding the 'required' modifier or declaring the property as nullable. [/
src/backend/DataModeler.API.csproj]
#13 37.07 /src/backend/DTOs/RealtimeDtos.cs(131,23): warning CS8618: Non-nullab
le property 'UserName' must contain a non-null value when exiting constructor. 
Consider adding the 'required' modifier or declaring the property as nullable. 
[/src/backend/DataModeler.API.csproj]
#13 37.07 /src/backend/DTOs/RealtimeDtos.cs(132,23): warning CS8618: Non-nullab
le property 'Color' must contain a non-null value when exiting constructor. Con
sider adding the 'required' modifier or declaring the property as nullable. [/s
rc/backend/DataModeler.API.csproj]
#13 37.07 /src/backend/DTOs/RealtimeDtos.cs(133,34): warning CS8618: Non-nullab
le property 'Position' must contain a non-null value when exiting constructor. 
Consider adding the 'required' modifier or declaring the property as nullable. 
[/src/backend/DataModeler.API.csproj]
#13 37.07 /src/backend/DTOs/RealtimeDtos.cs(119,27): warning CS8618: Non-nullab
le property 'ErdData' must contain a non-null value when exiting constructor. C
onsider adding the 'required' modifier or declaring the property as nullable. [
/src/backend/DataModeler.API.csproj]
#13 37.07 /src/backend/DTOs/RealtimeDtos.cs(109,23): warning CS8618: Non-nullab
le property 'Content' must contain a non-null value when exiting constructor. C
onsider adding the 'required' modifier or declaring the property as nullable. [
/src/backend/DataModeler.API.csproj]
#13 37.07 /src/backend/Services/AdminDashboardService.cs(75,90): warning CS8618
: Non-nullable property 'Status' must contain a non-null value when exiting con
structor. Consider adding the 'required' modifier or declaring the property as 
nullable. [/src/backend/DataModeler.API.csproj]
#13 37.07 /src/backend/DTOs/RealtimeDtos.cs(91,34): warning CS8618: Non-nullabl
e property 'StartPosition' must contain a non-null value when exiting construct
or. Consider adding the 'required' modifier or declaring the property as nullab
le. [/src/backend/DataModeler.API.csproj]
#13 37.07 /src/backend/DTOs/RealtimeDtos.cs(92,34): warning CS8618: Non-nullabl
e property 'EndPosition' must contain a non-null value when exiting constructor
. Consider adding the 'required' modifier or declaring the property as nullable
. [/src/backend/DataModeler.API.csproj]
#13 37.07 /src/backend/DTOs/RealtimeDtos.cs(80,23): warning CS8618: Non-nullabl
e property 'ChangeType' must contain a non-null value when exiting constructor.
 Consider adding the 'required' modifier or declaring the property as nullable.
 [/src/backend/DataModeler.API.csproj]
#13 37.07 /src/backend/DTOs/RealtimeDtos.cs(81,25): warning CS8618: Non-nullabl
e property 'Range' must contain a non-null value when exiting constructor. Cons
ider adding the 'required' modifier or declaring the property as nullable. [/sr
c/backend/DataModeler.API.csproj]
#13 37.07 /src/backend/DTOs/RealtimeDtos.cs(82,23): warning CS8618: Non-nullabl
e property 'Text' must contain a non-null value when exiting constructor. Consi
der adding the 'required' modifier or declaring the property as nullable. [/src
/backend/DataModeler.API.csproj]
#13 37.07 /src/backend/DTOs/RealtimeDtos.cs(71,23): warning CS8618: Non-nullabl
e property 'SenderId' must contain a non-null value when exiting constructor. C
onsider adding the 'required' modifier or declaring the property as nullable. [
/src/backend/DataModeler.API.csproj]
#13 37.07 /src/backend/DTOs/RealtimeDtos.cs(72,38): warning CS8618: Non-nullabl
e property 'Change' must contain a non-null value when exiting constructor. Con
sider adding the 'required' modifier or declaring the property as nullable. [/s
rc/backend/DataModeler.API.csproj]
#13 37.07 /src/backend/DTOs/DevOpsDtos.cs(42,23): warning CS8618: Non-nullable 
property 'RepositoryId' must contain a non-null value when exiting constructor.
 Consider adding the 'required' modifier or declaring the property as nullable.
 [/src/backend/DataModeler.API.csproj]
#13 37.07 /src/backend/DTOs/RealtimeDtos.cs(41,23): warning CS8618: Non-nullabl
e property 'Id' must contain a non-null value when exiting constructor. Conside
r adding the 'required' modifier or declaring the property as nullable. [/src/b
ackend/DataModeler.API.csproj]
#13 37.07 /src/backend/DTOs/RealtimeDtos.cs(42,23): warning CS8618: Non-nullabl
e property 'Name' must contain a non-null value when exiting constructor. Consi
der adding the 'required' modifier or declaring the property as nullable. [/src
/backend/DataModeler.API.csproj]
#13 37.07 /src/backend/DTOs/RealtimeDtos.cs(43,23): warning CS8618: Non-nullabl
e property 'Color' must contain a non-null value when exiting constructor. Cons
ider adding the 'required' modifier or declaring the property as nullable. [/sr
c/backend/DataModeler.API.csproj]
#13 37.07 /src/backend/DTOs/RealtimeDtos.cs(45,34): warning CS8618: Non-nullabl
e property 'CursorPosition' must contain a non-null value when exiting construc
tor. Consider adding the 'required' modifier or declaring the property as nulla
ble. [/src/backend/DataModeler.API.csproj]
#13 37.07 /src/backend/DTOs/RealtimeDtos.cs(32,23): warning CS8618: Non-nullabl
e property 'UserId' must contain a non-null value when exiting constructor. Con
sider adding the 'required' modifier or declaring the property as nullable. [/s
rc/backend/DataModeler.API.csproj]
#13 37.07 /src/backend/Controllers/DevOpsController.cs(21,42): warning CS1998: 
This async method lacks 'await' operators and will run synchronously. Consider 
using the 'await' operator to await non-blocking API calls, or 'await Task.Run(
...)' to do CPU-bound work on a background thread. [/src/backend/DataModeler.AP
I.csproj]
#13 37.07 /src/backend/Controllers/CollaborationController.cs(18,42): warning C
S1998: This async method lacks 'await' operators and will run synchronously. Co
nsider using the 'await' operator to await non-blocking API calls, or 'await Ta
sk.Run(...)' to do CPU-bound work on a background thread. [/src/backend/DataMod
eler.API.csproj]
#13 37.07 /src/backend/DTOs/RealtimeDtos.cs(24,32): warning CS8618: Non-nullabl
e property 'User' must contain a non-null value when exiting constructor. Consi
der adding the 'required' modifier or declaring the property as nullable. [/src
/backend/DataModeler.API.csproj]
#13 37.07 /src/backend/DTOs/RealtimeDtos.cs(13,23): warning CS8618: Non-nullabl
e property 'Type' must contain a non-null value when exiting constructor. Consi
der adding the 'required' modifier or declaring the property as nullable. [/src
/backend/DataModeler.API.csproj]
#13 37.07 /src/backend/DTOs/DevOpsDtos.cs(336,23): warning CS8618: Non-nullable
 property 'UserId' must contain a non-null value when exiting constructor. Cons
ider adding the 'required' modifier or declaring the property as nullable. [/sr
c/backend/DataModeler.API.csproj]
#13 37.07 /src/backend/DTOs/DevOpsDtos.cs(337,23): warning CS8618: Non-nullable
 property 'OrganizationUrl' must contain a non-null value when exiting construc
tor. Consider adding the 'required' modifier or declaring the property as nulla
ble. [/src/backend/DataModeler.API.csproj]
#13 37.07 /src/backend/DTOs/DevOpsDtos.cs(340,23): warning CS8618: Non-nullable
 property 'LinkedBy' must contain a non-null value when exiting constructor. Co
nsider adding the 'required' modifier or declaring the property as nullable. [/
src/backend/DataModeler.API.csproj]
#13 37.07 /src/backend/Controllers/DevOpsController.cs(28,42): warning CS1998: 
This async method lacks 'await' operators and will run synchronously. Consider 
using the 'await' operator to await non-blocking API calls, or 'await Task.Run(
...)' to do CPU-bound work on a background thread. [/src/backend/DataModeler.AP
I.csproj]
#13 37.07 /src/backend/DTOs/DevOpsDtos.cs(324,23): warning CS8618: Non-nullable
 property 'DefaultOrganizationUrl' must contain a non-null value when exiting c
onstructor. Consider adding the 'required' modifier or declaring the property a
s nullable. [/src/backend/DataModeler.API.csproj]
#13 37.07 /src/backend/DTOs/DevOpsDtos.cs(325,23): warning CS8618: Non-nullable
 property 'DefaultProjectId' must contain a non-null value when exiting constru
ctor. Consider adding the 'required' modifier or declaring the property as null
able. [/src/backend/DataModeler.API.csproj]
#13 37.07 /src/backend/DTOs/DevOpsDtos.cs(312,23): warning CS8618: Non-nullable
 property 'DefaultOrganizationUrl' must contain a non-null value when exiting c
onstructor. Consider adding the 'required' modifier or declaring the property a
s nullable. [/src/backend/DataModeler.API.csproj]
#13 37.07 /src/backend/DTOs/DevOpsDtos.cs(313,23): warning CS8618: Non-nullable
 property 'DefaultProjectId' must contain a non-null value when exiting constru
ctor. Consider adding the 'required' modifier or declaring the property as null
able. [/src/backend/DataModeler.API.csproj]
#13 37.07 /src/backend/DTOs/DevOpsDtos.cs(295,23): warning CS8618: Non-nullable
 property 'SyncDirection' must contain a non-null value when exiting constructo
r. Consider adding the 'required' modifier or declaring the property as nullabl
e. [/src/backend/DataModeler.API.csproj]
#13 37.07 /src/backend/DTOs/DevOpsDtos.cs(296,23): warning CS8618: Non-nullable
 property 'Status' must contain a non-null value when exiting constructor. Cons
ider adding the 'required' modifier or declaring the property as nullable. [/sr
c/backend/DataModeler.API.csproj]
#13 37.07 /src/backend/DTOs/DevOpsDtos.cs(297,23): warning CS8618: Non-nullable
 property 'DevOpsCommitId' must contain a non-null value when exiting construct
or. Consider adding the 'required' modifier or declaring the property as nullab
le. [/src/backend/DataModeler.API.csproj]
#13 37.07 /src/backend/DTOs/DevOpsDtos.cs(298,23): warning CS8618: Non-nullable
 property 'LocalVersionId' must contain a non-null value when exiting construct
or. Consider adding the 'required' modifier or declaring the property as nullab
le. [/src/backend/DataModeler.API.csproj]
#13 37.07 /src/backend/DTOs/DevOpsDtos.cs(299,23): warning CS8618: Non-nullable
 property 'Details' must contain a non-null value when exiting constructor. Con
sider adding the 'required' modifier or declaring the property as nullable. [/s
rc/backend/DataModeler.API.csproj]
#13 37.07 /src/backend/DTOs/DevOpsDtos.cs(302,23): warning CS8618: Non-nullable
 property 'InitiatedBy' must contain a non-null value when exiting constructor.
 Consider adding the 'required' modifier or declaring the property as nullable.
 [/src/backend/DataModeler.API.csproj]
#13 37.07 /src/backend/DTOs/DevOpsDtos.cs(279,23): warning CS8618: Non-nullable
 property 'DbmlContent' must contain a non-null value when exiting constructor.
 Consider adding the 'required' modifier or declaring the property as nullable.
 [/src/backend/DataModeler.API.csproj]
#13 37.07 /src/backend/DTOs/DevOpsDtos.cs(280,23): warning CS8618: Non-nullable
 property 'CommitId' must contain a non-null value when exiting constructor. Co
nsider adding the 'required' modifier or declaring the property as nullable. [/
src/backend/DataModeler.API.csproj]
#13 37.07 /src/backend/DTOs/DevOpsDtos.cs(281,23): warning CS8618: Non-nullable
 property 'Author' must contain a non-null value when exiting constructor. Cons
ider adding the 'required' modifier or declaring the property as nullable. [/sr
c/backend/DataModeler.API.csproj]
#13 37.07 /src/backend/DTOs/DevOpsDtos.cs(283,23): warning CS8618: Non-nullable
 property 'Message' must contain a non-null value when exiting constructor. Con
sider adding the 'required' modifier or declaring the property as nullable. [/s
rc/backend/DataModeler.API.csproj]
#13 37.07 /src/backend/DTOs/DevOpsDtos.cs(270,23): warning CS8618: Non-nullable
 property 'CommitId' must contain a non-null value when exiting constructor. Co
nsider adding the 'required' modifier or declaring the property as nullable. [/
src/backend/DataModeler.API.csproj]
#13 37.07 /src/backend/DTOs/DevOpsDtos.cs(257,23): warning CS8618: Non-nullable
 property 'CommitId' must contain a non-null value when exiting constructor. Co
nsider adding the 'required' modifier or declaring the property as nullable. [/
src/backend/DataModeler.API.csproj]
#13 37.07 /src/backend/DTOs/DevOpsDtos.cs(259,23): warning CS8618: Non-nullable
 property 'Message' must contain a non-null value when exiting constructor. Con
sider adding the 'required' modifier or declaring the property as nullable. [/s
rc/backend/DataModeler.API.csproj]
#13 37.07 /src/backend/DTOs/DevOpsDtos.cs(261,23): warning CS8618: Non-nullable
 property 'DevOpsUrl' must contain a non-null value when exiting constructor. C
onsider adding the 'required' modifier or declaring the property as nullable. [
/src/backend/DataModeler.API.csproj]
#13 37.07 /src/backend/DTOs/DevOpsDtos.cs(244,23): warning CS8618: Non-nullable
 property 'DbmlContent' must contain a non-null value when exiting constructor.
 Consider adding the 'required' modifier or declaring the property as nullable.
 [/src/backend/DataModeler.API.csproj]
#13 37.07 /src/backend/DTOs/DevOpsDtos.cs(245,23): warning CS8618: Non-nullable
 property 'CommitMessage' must contain a non-null value when exiting constructo
r. Consider adding the 'required' modifier or declaring the property as nullabl
e. [/src/backend/DataModeler.API.csproj]
#13 37.07 /src/backend/DTOs/DevOpsDtos.cs(247,23): warning CS8618: Non-nullable
 property 'PullRequestTitle' must contain a non-null value when exiting constru
ctor. Consider adding the 'required' modifier or declaring the property as null
able. [/src/backend/DataModeler.API.csproj]
#13 37.07 /src/backend/DTOs/DevOpsDtos.cs(248,23): warning CS8618: Non-nullable
 property 'PullRequestDescription' must contain a non-null value when exiting c
onstructor. Consider adding the 'required' modifier or declaring the property a
s nullable. [/src/backend/DataModeler.API.csproj]
#13 37.07 /src/backend/DTOs/DevOpsDtos.cs(225,23): warning CS8618: Non-nullable
 property 'OrganizationUrl' must contain a non-null value when exiting construc
tor. Consider adding the 'required' modifier or declaring the property as nulla
ble. [/src/backend/DataModeler.API.csproj]
#13 37.07 /src/backend/DTOs/DevOpsDtos.cs(226,23): warning CS8618: Non-nullable
 property 'ProjectId' must contain a non-null value when exiting constructor. C
onsider adding the 'required' modifier or declaring the property as nullable. [
/src/backend/DataModeler.API.csproj]
#13 37.07 /src/backend/DTOs/DevOpsDtos.cs(227,23): warning CS8618: Non-nullable
 property 'RepositoryId' must contain a non-null value when exiting constructor
. Consider adding the 'required' modifier or declaring the property as nullable
. [/src/backend/DataModeler.API.csproj]
#13 37.07 /src/backend/DTOs/DevOpsDtos.cs(210,23): warning CS8618: Non-nullable
 property 'EventType' must contain a non-null value when exiting constructor. C
onsider adding the 'required' modifier or declaring the property as nullable. [
/src/backend/DataModeler.API.csproj]
#13 37.07 /src/backend/DTOs/DevOpsDtos.cs(211,23): warning CS8618: Non-nullable
 property 'Status' must contain a non-null value when exiting constructor. Cons
ider adding the 'required' modifier or declaring the property as nullable. [/sr
c/backend/DataModeler.API.csproj]
#13 37.07 /src/backend/DTOs/DevOpsDtos.cs(212,23): warning CS8618: Non-nullable
 property 'Details' must contain a non-null value when exiting constructor. Con
sider adding the 'required' modifier or declaring the property as nullable. [/s
rc/backend/DataModeler.API.csproj]
#13 37.07 /src/backend/Program.cs(59,28): error CS0246: The type or namespace n
ame 'IAuthenticationService' could not be found (are you missing a using direct
ive or an assembly reference?) [/src/backend/DataModeler.API.csproj]
#13 37.07 /src/backend/Program.cs(59,52): error CS0246: The type or namespace n
ame 'AuthenticationService' could not be found (are you missing a using directi
ve or an assembly reference?) [/src/backend/DataModeler.API.csproj]
#13 37.07 /src/backend/DTOs/DevOpsDtos.cs(199,23): warning CS8618: Non-nullable
 property 'TriggerReason' must contain a non-null value when exiting constructo
r. Consider adding the 'required' modifier or declaring the property as nullabl
e. [/src/backend/DataModeler.API.csproj]
#13 37.07 /src/backend/DTOs/DevOpsDtos.cs(184,23): warning CS8618: Non-nullable
 property 'Name' must contain a non-null value when exiting constructor. Consid
er adding the 'required' modifier or declaring the property as nullable. [/src/
backend/DataModeler.API.csproj]
#13 37.07 /src/backend/DTOs/DevOpsDtos.cs(185,23): warning CS8618: Non-nullable
 property 'State' must contain a non-null value when exiting constructor. Consi
der adding the 'required' modifier or declaring the property as nullable. [/src
/backend/DataModeler.API.csproj]
#13 37.07 /src/backend/DTOs/DevOpsDtos.cs(186,23): warning CS8618: Non-nullable
 property 'Result' must contain a non-null value when exiting constructor. Cons
ider adding the 'required' modifier or declaring the property as nullable. [/sr
c/backend/DataModeler.API.csproj]
#13 37.07 /src/backend/DTOs/DevOpsDtos.cs(189,23): warning CS8618: Non-nullable
 property 'Url' must contain a non-null value when exiting constructor. Conside
r adding the 'required' modifier or declaring the property as nullable. [/src/b
ackend/DataModeler.API.csproj]
#13 37.07 /src/backend/DTOs/DevOpsDtos.cs(172,23): warning CS8618: Non-nullable
 property 'Name' must contain a non-null value when exiting constructor. Consid
er adding the 'required' modifier or declaring the property as nullable. [/src/
backend/DataModeler.API.csproj]
#13 37.07 /src/backend/DTOs/DevOpsDtos.cs(173,23): warning CS8618: Non-nullable
 property 'Url' must contain a non-null value when exiting constructor. Conside
r adding the 'required' modifier or declaring the property as nullable. [/src/b
ackend/DataModeler.API.csproj]
#13 37.07 /src/backend/DTOs/DevOpsDtos.cs(174,23): warning CS8618: Non-nullable
 property 'Folder' must contain a non-null value when exiting constructor. Cons
ider adding the 'required' modifier or declaring the property as nullable. [/sr
c/backend/DataModeler.API.csproj]
#13 37.07 /src/backend/Services/BranchingManagementService.cs(580,23): warning 
CS8618: Non-nullable property 'SourceBranch' must contain a non-null value when
 exiting constructor. Consider adding the 'required' modifier or declaring the 
property as nullable. [/src/backend/DataModeler.API.csproj]
#13 37.07 /src/backend/Services/BranchingManagementService.cs(581,23): warning 
CS8618: Non-nullable property 'TargetBranch' must contain a non-null value when
 exiting constructor. Consider adding the 'required' modifier or declaring the 
property as nullable. [/src/backend/DataModeler.API.csproj]
#13 37.07 /src/backend/Services/BranchingManagementService.cs(583,23): warning 
CS8618: Non-nullable property 'Status' must contain a non-null value when exiti
ng constructor. Consider adding the 'required' modifier or declaring the proper
ty as nullable. [/src/backend/DataModeler.API.csproj]
#13 37.07 /src/backend/Services/BranchingManagementService.cs(585,23): warning 
CS8618: Non-nullable property 'MergedBy' must contain a non-null value when exi
ting constructor. Consider adding the 'required' modifier or declaring the prop
erty as nullable. [/src/backend/DataModeler.API.csproj]
#13 37.07 /src/backend/Services/BranchingManagementService.cs(589,23): warning 
CS8618: Non-nullable property 'CommitMessage' must contain a non-null value whe
n exiting constructor. Consider adding the 'required' modifier or declaring the
 property as nullable. [/src/backend/DataModeler.API.csproj]
#13 37.07 /src/backend/Services/BranchingManagementService.cs(591,23): warning 
CS8618: Non-nullable property 'ErrorMessage' must contain a non-null value when
 exiting constructor. Consider adding the 'required' modifier or declaring the 
property as nullable. [/src/backend/DataModeler.API.csproj]
#13 37.07 /src/backend/Services/BranchingManagementService.cs(562,23): warning 
CS8618: Non-nullable property 'Name' must contain a non-null value when exiting
 constructor. Consider adding the 'required' modifier or declaring the property
 as nullable. [/src/backend/DataModeler.API.csproj]
#13 37.07 /src/backend/Services/BranchingManagementService.cs(563,23): warning 
CS8618: Non-nullable property 'CreatedBy' must contain a non-null value when ex
iting constructor. Consider adding the 'required' modifier or declaring the pro
perty as nullable. [/src/backend/DataModeler.API.csproj]
#13 37.07 /src/backend/Services/BranchingManagementService.cs(568,23): warning 
CS8618: Non-nullable property 'Description' must contain a non-null value when 
exiting constructor. Consider adding the 'required' modifier or declaring the p
roperty as nullable. [/src/backend/DataModeler.API.csproj]
#13 37.07 /src/backend/Services/BranchingManagementService.cs(571,23): warning 
CS8618: Non-nullable property 'LastModifiedBy' must contain a non-null value wh
en exiting constructor. Consider adding the 'required' modifier or declaring th
e property as nullable. [/src/backend/DataModeler.API.csproj]
#13 37.07 /src/backend/Services/BranchingManagementService.cs(573,23): warning 
CS8618: Non-nullable property 'LastAccessedBy' must contain a non-null value wh
en exiting constructor. Consider adding the 'required' modifier or declaring th
e property as nullable. [/src/backend/DataModeler.API.csproj]
#13 37.07 /src/backend/Services/BranchingManagementService.cs(575,23): warning 
CS8618: Non-nullable property 'MergeSourceBranch' must contain a non-null value
 when exiting constructor. Consider adding the 'required' modifier or declaring
 the property as nullable. [/src/backend/DataModeler.API.csproj]
#13 37.07 /src/backend/Services/BranchingManagementService.cs(596,23): warning 
CS8618: Non-nullable property 'ConflictType' must contain a non-null value when
 exiting constructor. Consider adding the 'required' modifier or declaring the 
property as nullable. [/src/backend/DataModeler.API.csproj]
#13 37.07 /src/backend/Services/BranchingManagementService.cs(597,23): warning 
CS8618: Non-nullable property 'Severity' must contain a non-null value when exi
ting constructor. Consider adding the 'required' modifier or declaring the prop
erty as nullable. [/src/backend/DataModeler.API.csproj]
#13 37.07 /src/backend/Services/BranchingManagementService.cs(598,23): warning 
CS8618: Non-nullable property 'Description' must contain a non-null value when 
exiting constructor. Consider adding the 'required' modifier or declaring the p
roperty as nullable. [/src/backend/DataModeler.API.csproj]
#13 37.07 /src/backend/Services/BranchingManagementService.cs(599,23): warning 
CS8618: Non-nullable property 'Resolution' must contain a non-null value when e
xiting constructor. Consider adding the 'required' modifier or declaring the pr
operty as nullable. [/src/backend/DataModeler.API.csproj]
#13 37.07 /src/backend/Services/BranchingManagementService.cs(608,23): warning 
CS8618: Non-nullable property 'MostActiveBranch' must contain a non-null value 
when exiting constructor. Consider adding the 'required' modifier or declaring 
the property as nullable. [/src/backend/DataModeler.API.csproj]
#13 37.07 /src/backend/DTOs/DevOpsDtos.cs(151,23): warning CS8618: Non-nullable
 property 'Title' must contain a non-null value when exiting constructor. Consi
der adding the 'required' modifier or declaring the property as nullable. [/src
/backend/DataModeler.API.csproj]
#13 37.08 /src/backend/DTOs/DevOpsDtos.cs(152,23): warning CS8618: Non-nullable
 property 'Description' must contain a non-null value when exiting constructor.
 Consider adding the 'required' modifier or declaring the property as nullable.
 [/src/backend/DataModeler.API.csproj]
#13 37.08 /src/backend/DTOs/DevOpsDtos.cs(153,23): warning CS8618: Non-nullable
 property 'Status' must contain a non-null value when exiting constructor. Cons
ider adding the 'required' modifier or declaring the property as nullable. [/sr
c/backend/DataModeler.API.csproj]
#13 37.08 /src/backend/DTOs/DevOpsDtos.cs(154,23): warning CS8618: Non-nullable
 property 'CreatedBy' must contain a non-null value when exiting constructor. C
onsider adding the 'required' modifier or declaring the property as nullable. [
/src/backend/DataModeler.API.csproj]
#13 37.08 /src/backend/DTOs/DevOpsDtos.cs(157,23): warning CS8618: Non-nullable
 property 'SourceBranch' must contain a non-null value when exiting constructor
. Consider adding the 'required' modifier or declaring the property as nullable
. [/src/backend/DataModeler.API.csproj]
#13 37.08 /src/backend/DTOs/DevOpsDtos.cs(158,23): warning CS8618: Non-nullable
 property 'TargetBranch' must contain a non-null value when exiting constructor
. Consider adding the 'required' modifier or declaring the property as nullable
. [/src/backend/DataModeler.API.csproj]
#13 37.08 /src/backend/DTOs/DevOpsDtos.cs(161,23): warning CS8618: Non-nullable
 property 'Url' must contain a non-null value when exiting constructor. Conside
r adding the 'required' modifier or declaring the property as nullable. [/src/b
ackend/DataModeler.API.csproj]
#13 37.08 /src/backend/DTOs/DevOpsDtos.cs(71,23): warning CS8618: Non-nullable 
property 'CommitId' must contain a non-null value when exiting constructor. Con
sider adding the 'required' modifier or declaring the property as nullable. [/s
rc/backend/DataModeler.API.csproj]
#13 37.08 /src/backend/DTOs/DevOpsDtos.cs(72,23): warning CS8618: Non-nullable 
property 'Author' must contain a non-null value when exiting constructor. Consi
der adding the 'required' modifier or declaring the property as nullable. [/src
/backend/DataModeler.API.csproj]
#13 37.08 /src/backend/DTOs/DevOpsDtos.cs(73,23): warning CS8618: Non-nullable 
property 'AuthorEmail' must contain a non-null value when exiting constructor. 
Consider adding the 'required' modifier or declaring the property as nullable. 
[/src/backend/DataModeler.API.csproj]
#13 37.08 /src/backend/DTOs/DevOpsDtos.cs(74,23): warning CS8618: Non-nullable 
property 'Comment' must contain a non-null value when exiting constructor. Cons
ider adding the 'required' modifier or declaring the property as nullable. [/sr
c/backend/DataModeler.API.csproj]
#13 37.08 /src/backend/DTOs/DevOpsDtos.cs(76,23): warning CS8618: Non-nullable 
property 'Url' must contain a non-null value when exiting constructor. Consider
 adding the 'required' modifier or declaring the property as nullable. [/src/ba
ckend/DataModeler.API.csproj]
#13 37.08 /src/backend/DTOs/DevOpsDtos.cs(54,23): warning CS8618: Non-nullable 
property 'RepositoryId' must contain a non-null value when exiting constructor.
 Consider adding the 'required' modifier or declaring the property as nullable.
 [/src/backend/DataModeler.API.csproj]
#13 37.08 /src/backend/DTOs/DevOpsDtos.cs(55,23): warning CS8618: Non-nullable 
property 'RepositoryName' must contain a non-null value when exiting constructo
r. Consider adding the 'required' modifier or declaring the property as nullabl
e. [/src/backend/DataModeler.API.csproj]
#13 37.08 /src/backend/DTOs/DevOpsDtos.cs(56,23): warning CS8618: Non-nullable 
property 'BranchName' must contain a non-null value when exiting constructor. C
onsider adding the 'required' modifier or declaring the property as nullable. [
/src/backend/DataModeler.API.csproj]
#13 37.08 /src/backend/DTOs/DevOpsDtos.cs(57,23): warning CS8618: Non-nullable 
property 'FilePath' must contain a non-null value when exiting constructor. Con
sider adding the 'required' modifier or declaring the property as nullable. [/s
rc/backend/DataModeler.API.csproj]
#13 37.08 /src/backend/DTOs/DevOpsDtos.cs(61,23): warning CS8618: Non-nullable 
property 'LastSyncStatus' must contain a non-null value when exiting constructo
r. Consider adding the 'required' modifier or declaring the property as nullabl
e. [/src/backend/DataModeler.API.csproj]
#13 37.08 /src/backend/DTOs/DevOpsDtos.cs(136,23): warning CS8618: Non-nullable
 property 'SourceBranch' must contain a non-null value when exiting constructor
. Consider adding the 'required' modifier or declaring the property as nullable
. [/src/backend/DataModeler.API.csproj]
#13 37.08 /src/backend/DTOs/DevOpsDtos.cs(137,23): warning CS8618: Non-nullable
 property 'TargetBranch' must contain a non-null value when exiting constructor
. Consider adding the 'required' modifier or declaring the property as nullable
. [/src/backend/DataModeler.API.csproj]
#13 37.08 /src/backend/DTOs/DevOpsDtos.cs(138,23): warning CS8618: Non-nullable
 property 'Title' must contain a non-null value when exiting constructor. Consi
der adding the 'required' modifier or declaring the property as nullable. [/src
/backend/DataModeler.API.csproj]
#13 37.08 /src/backend/DTOs/DevOpsDtos.cs(139,23): warning CS8618: Non-nullable
 property 'Description' must contain a non-null value when exiting constructor.
 Consider adding the 'required' modifier or declaring the property as nullable.
 [/src/backend/DataModeler.API.csproj]
#13 37.08 /src/backend/DTOs/DevOpsDtos.cs(122,23): warning CS8618: Non-nullable
 property 'CommitId' must contain a non-null value when exiting constructor. Co
nsider adding the 'required' modifier or declaring the property as nullable. [/
src/backend/DataModeler.API.csproj]
#13 37.08 /src/backend/DTOs/DevOpsDtos.cs(123,23): warning CS8618: Non-nullable
 property 'Branch' must contain a non-null value when exiting constructor. Cons
ider adding the 'required' modifier or declaring the property as nullable. [/sr
c/backend/DataModeler.API.csproj]
#13 37.08 /src/backend/DTOs/DevOpsDtos.cs(125,23): warning CS8618: Non-nullable
 property 'Url' must contain a non-null value when exiting constructor. Conside
r adding the 'required' modifier or declaring the property as nullable. [/src/b
ackend/DataModeler.API.csproj]
#13 37.08 /src/backend/DTOs/DevOpsDtos.cs(84,23): warning CS8618: Non-nullable 
property 'CommitId' must contain a non-null value when exiting constructor. Con
sider adding the 'required' modifier or declaring the property as nullable. [/s
rc/backend/DataModeler.API.csproj]
#13 37.08 /src/backend/DTOs/DevOpsDtos.cs(85,23): warning CS8618: Non-nullable 
property 'Author' must contain a non-null value when exiting constructor. Consi
der adding the 'required' modifier or declaring the property as nullable. [/src
/backend/DataModeler.API.csproj]
#13 37.08 /src/backend/DTOs/DevOpsDtos.cs(86,23): warning CS8618: Non-nullable 
property 'AuthorEmail' must contain a non-null value when exiting constructor. 
Consider adding the 'required' modifier or declaring the property as nullable. 
[/src/backend/DataModeler.API.csproj]
#13 37.08 /src/backend/DTOs/DevOpsDtos.cs(87,23): warning CS8618: Non-nullable 
property 'Comment' must contain a non-null value when exiting constructor. Cons
ider adding the 'required' modifier or declaring the property as nullable. [/sr
c/backend/DataModeler.API.csproj]
#13 37.08 /src/backend/DTOs/DevOpsDtos.cs(91,23): warning CS8618: Non-nullable 
property 'Url' must contain a non-null value when exiting constructor. Consider
 adding the 'required' modifier or declaring the property as nullable. [/src/ba
ckend/DataModeler.API.csproj]
#13 37.08 /src/backend/DTOs/DevOpsDtos.cs(110,23): warning CS8618: Non-nullable
 property 'BranchName' must contain a non-null value when exiting constructor. 
Consider adding the 'required' modifier or declaring the property as nullable. 
[/src/backend/DataModeler.API.csproj]
#13 37.08 /src/backend/DTOs/DevOpsDtos.cs(111,23): warning CS8618: Non-nullable
 property 'FilePath' must contain a non-null value when exiting constructor. Co
nsider adding the 'required' modifier or declaring the property as nullable. [/
src/backend/DataModeler.API.csproj]
#13 37.08 /src/backend/DTOs/DevOpsDtos.cs(112,23): warning CS8618: Non-nullable
 property 'FileContent' must contain a non-null value when exiting constructor.
 Consider adding the 'required' modifier or declaring the property as nullable.
 [/src/backend/DataModeler.API.csproj]
#13 37.08 /src/backend/DTOs/DevOpsDtos.cs(113,23): warning CS8618: Non-nullable
 property 'Comment' must contain a non-null value when exiting constructor. Con
sider adding the 'required' modifier or declaring the property as nullable. [/s
rc/backend/DataModeler.API.csproj]
#13 37.08 /src/backend/DTOs/DevOpsDtos.cs(114,23): warning CS8618: Non-nullable
 property 'OldObjectId' must contain a non-null value when exiting constructor.
 Consider adding the 'required' modifier or declaring the property as nullable.
 [/src/backend/DataModeler.API.csproj]
#13 37.08 /src/backend/Services/ModelVersioningService.cs(570,23): warning CS86
18: Non-nullable property 'VersionId' must contain a non-null value when exitin
g constructor. Consider adding the 'required' modifier or declaring the propert
y as nullable. [/src/backend/DataModeler.API.csproj]
#13 37.08 /src/backend/Services/ModelVersioningService.cs(571,23): warning CS86
18: Non-nullable property 'ModelId' must contain a non-null value when exiting 
constructor. Consider adding the 'required' modifier or declaring the property 
as nullable. [/src/backend/DataModeler.API.csproj]
#13 37.08 /src/backend/Services/ModelVersioningService.cs(572,23): warning CS86
18: Non-nullable property 'DbmlContent' must contain a non-null value when exit
ing constructor. Consider adding the 'required' modifier or declaring the prope
rty as nullable. [/src/backend/DataModeler.API.csproj]
#13 37.08 /src/backend/Services/ModelVersioningService.cs(573,23): warning CS86
18: Non-nullable property 'CreatedBy' must contain a non-null value when exitin
g constructor. Consider adding the 'required' modifier or declaring the propert
y as nullable. [/src/backend/DataModeler.API.csproj]
#13 37.08 /src/backend/Services/ModelVersioningService.cs(575,23): warning CS86
18: Non-nullable property 'CommitMessage' must contain a non-null value when ex
iting constructor. Consider adding the 'required' modifier or declaring the pro
perty as nullable. [/src/backend/DataModeler.API.csproj]
#13 37.08 /src/backend/Services/ModelVersioningService.cs(576,23): warning CS86
18: Non-nullable property 'BranchName' must contain a non-null value when exiti
ng constructor. Consider adding the 'required' modifier or declaring the proper
ty as nullable. [/src/backend/DataModeler.API.csproj]
#13 37.08 /src/backend/Services/ModelVersioningService.cs(580,23): warning CS86
18: Non-nullable property 'Checksum' must contain a non-null value when exiting
 constructor. Consider adding the 'required' modifier or declaring the property
 as nullable. [/src/backend/DataModeler.API.csproj]
#13 37.08 /src/backend/Services/ModelVersioningService.cs(581,43): warning CS86
18: Non-nullable property 'Statistics' must contain a non-null value when exiti
ng constructor. Consider adding the 'required' modifier or declaring the proper
ty as nullable. [/src/backend/DataModeler.API.csproj]
#13 37.08 /src/backend/DTOs/DevOpsDtos.cs(100,23): warning CS8618: Non-nullable
 property 'ObjectId' must contain a non-null value when exiting constructor. Co
nsider adding the 'required' modifier or declaring the property as nullable. [/
src/backend/DataModeler.API.csproj]
#13 37.08 /src/backend/DTOs/DevOpsDtos.cs(101,23): warning CS8618: Non-nullable
 property 'Path' must contain a non-null value when exiting constructor. Consid
er adding the 'required' modifier or declaring the property as nullable. [/src/
backend/DataModeler.API.csproj]
#13 37.08 /src/backend/DTOs/DevOpsDtos.cs(102,23): warning CS8618: Non-nullable
 property 'ChangeType' must contain a non-null value when exiting constructor. 
Consider adding the 'required' modifier or declaring the property as nullable. 
[/src/backend/DataModeler.API.csproj]
#13 37.08 /src/backend/Services/ModelVersioningService.cs(595,23): warning CS86
18: Non-nullable property 'PreviousVersionId' must contain a non-null value whe
n exiting constructor. Consider adding the 'required' modifier or declaring the
 property as nullable. [/src/backend/DataModeler.API.csproj]
#13 37.08 /src/backend/Services/ModelVersioningService.cs(596,23): warning CS86
18: Non-nullable property 'NewVersionId' must contain a non-null value when exi
ting constructor. Consider adding the 'required' modifier or declaring the prop
erty as nullable. [/src/backend/DataModeler.API.csproj]
#13 37.08 /src/backend/Services/ModelVersioningService.cs(598,23): warning CS86
18: Non-nullable property 'Content' must contain a non-null value when exiting 
constructor. Consider adding the 'required' modifier or declaring the property 
as nullable. [/src/backend/DataModeler.API.csproj]
#13 37.08 /src/backend/Services/ModelVersioningService.cs(599,23): warning CS86
18: Non-nullable property 'Message' must contain a non-null value when exiting 
constructor. Consider adding the 'required' modifier or declaring the property 
as nullable. [/src/backend/DataModeler.API.csproj]
#13 37.08 /src/backend/Services/ModelVersioningService.cs(621,23): warning CS86
18: Non-nullable property 'ChangeId' must contain a non-null value when exiting
 constructor. Consider adding the 'required' modifier or declaring the property
 as nullable. [/src/backend/DataModeler.API.csproj]
#13 37.08 /src/backend/Services/ModelVersioningService.cs(622,23): warning CS86
18: Non-nullable property 'ChangeType' must contain a non-null value when exiti
ng constructor. Consider adding the 'required' modifier or declaring the proper
ty as nullable. [/src/backend/DataModeler.API.csproj]
#13 37.08 /src/backend/Services/ModelVersioningService.cs(623,23): warning CS86
18: Non-nullable property 'Description' must contain a non-null value when exit
ing constructor. Consider adding the 'required' modifier or declaring the prope
rty as nullable. [/src/backend/DataModeler.API.csproj]
#13 37.08 /src/backend/Services/ModelVersioningService.cs(627,23): warning CS86
18: Non-nullable property 'Severity' must contain a non-null value when exiting
 constructor. Consider adding the 'required' modifier or declaring the property
 as nullable. [/src/backend/DataModeler.API.csproj]
#13 37.08 /src/backend/Services/ModelVersioningService.cs(604,23): warning CS86
18: Non-nullable property 'ModelId' must contain a non-null value when exiting 
constructor. Consider adding the 'required' modifier or declaring the property 
as nullable. [/src/backend/DataModeler.API.csproj]
#13 37.08 /src/backend/Services/ModelVersioningService.cs(605,23): warning CS86
18: Non-nullable property 'Version1Id' must contain a non-null value when exiti
ng constructor. Consider adding the 'required' modifier or declaring the proper
ty as nullable. [/src/backend/DataModeler.API.csproj]
#13 37.08 /src/backend/Services/ModelVersioningService.cs(606,23): warning CS86
18: Non-nullable property 'Version2Id' must contain a non-null value when exiti
ng constructor. Consider adding the 'required' modifier or declaring the proper
ty as nullable. [/src/backend/DataModeler.API.csproj]
#13 37.08 /src/backend/Services/ModelVersioningService.cs(648,23): warning CS86
18: Non-nullable property 'TagId' must contain a non-null value when exiting co
nstructor. Consider adding the 'required' modifier or declaring the property as
 nullable. [/src/backend/DataModeler.API.csproj]
#13 37.08 /src/backend/Services/ModelVersioningService.cs(649,23): warning CS86
18: Non-nullable property 'ModelId' must contain a non-null value when exiting 
constructor. Consider adding the 'required' modifier or declaring the property 
as nullable. [/src/backend/DataModeler.API.csproj]
#13 37.08 /src/backend/Services/ModelVersioningService.cs(650,23): warning CS86
18: Non-nullable property 'VersionId' must contain a non-null value when exitin
g constructor. Consider adding the 'required' modifier or declaring the propert
y as nullable. [/src/backend/DataModeler.API.csproj]
#13 37.08 /src/backend/Services/ModelVersioningService.cs(651,23): warning CS86
18: Non-nullable property 'TagName' must contain a non-null value when exiting 
constructor. Consider adding the 'required' modifier or declaring the property 
as nullable. [/src/backend/DataModeler.API.csproj]
#13 37.08 /src/backend/Services/ModelVersioningService.cs(652,23): warning CS86
18: Non-nullable property 'Description' must contain a non-null value when exit
ing constructor. Consider adding the 'required' modifier or declaring the prope
rty as nullable. [/src/backend/DataModeler.API.csproj]
#13 37.08 /src/backend/Services/ModelVersioningService.cs(632,23): warning CS86
18: Non-nullable property 'VersionId' must contain a non-null value when exitin
g constructor. Consider adding the 'required' modifier or declaring the propert
y as nullable. [/src/backend/DataModeler.API.csproj]
#13 37.08 /src/backend/Services/ModelVersioningService.cs(633,23): warning CS86
18: Non-nullable property 'ModelId' must contain a non-null value when exiting 
constructor. Consider adding the 'required' modifier or declaring the property 
as nullable. [/src/backend/DataModeler.API.csproj]
#13 37.08 /src/backend/Services/ModelVersioningService.cs(635,23): warning CS86
18: Non-nullable property 'CreatedBy' must contain a non-null value when exitin
g constructor. Consider adding the 'required' modifier or declaring the propert
y as nullable. [/src/backend/DataModeler.API.csproj]
#13 37.08 /src/backend/Services/ModelVersioningService.cs(636,23): warning CS86
18: Non-nullable property 'CommitMessage' must contain a non-null value when ex
iting constructor. Consider adding the 'required' modifier or declaring the pro
perty as nullable. [/src/backend/DataModeler.API.csproj]
#13 37.08 /src/backend/Services/ModelVersioningService.cs(637,23): warning CS86
18: Non-nullable property 'BranchName' must contain a non-null value when exiti
ng constructor. Consider adding the 'required' modifier or declaring the proper
ty as nullable. [/src/backend/DataModeler.API.csproj]
#13 37.08 /src/backend/Services/ModelVersioningService.cs(639,23): warning CS86
18: Non-nullable property 'Checksum' must contain a non-null value when exiting
 constructor. Consider adding the 'required' modifier or declaring the property
 as nullable. [/src/backend/DataModeler.API.csproj]
#13 37.08 /src/backend/Services/ModelVersioningService.cs(642,43): warning CS86
18: Non-nullable property 'Statistics' must contain a non-null value when exiti
ng constructor. Consider adding the 'required' modifier or declaring the proper
ty as nullable. [/src/backend/DataModeler.API.csproj]
#13 37.08 /src/backend/Services/ModelVersioningService.cs(670,23): warning CS86
18: Non-nullable property 'BranchName' must contain a non-null value when exiti
ng constructor. Consider adding the 'required' modifier or declaring the proper
ty as nullable. [/src/backend/DataModeler.API.csproj]
#13 37.08 /src/backend/Services/ModelVersioningService.cs(678,23): warning CS86
18: Non-nullable property 'UserId' must contain a non-null value when exiting c
onstructor. Consider adding the 'required' modifier or declaring the property a
s nullable. [/src/backend/DataModeler.API.csproj]
#13 37.08 /src/backend/Services/ModelVersioningService.cs(658,23): warning CS86
18: Non-nullable property 'ModelId' must contain a non-null value when exiting 
constructor. Consider adding the 'required' modifier or declaring the property 
as nullable. [/src/backend/DataModeler.API.csproj]
#13 37.08 /src/backend/Services/RelationshipPathTraversalService.cs(597,23): wa
rning CS8618: Non-nullable property 'TableName' must contain a non-null value w
hen exiting constructor. Consider adding the 'required' modifier or declaring t
he property as nullable. [/src/backend/DataModeler.API.csproj]
#13 37.08 /src/backend/Services/RelationshipPathTraversalService.cs(611,23): wa
rning CS8618: Non-nullable property 'ConnectedTableName' must contain a non-nul
l value when exiting constructor. Consider adding the 'required' modifier or de
claring the property as nullable. [/src/backend/DataModeler.API.csproj]
#13 37.08 /src/backend/Services/RelationshipPathTraversalService.cs(612,23): wa
rning CS8618: Non-nullable property 'ConnectionType' must contain a non-null va
lue when exiting constructor. Consider adding the 'required' modifier or declar
ing the property as nullable. [/src/backend/DataModeler.API.csproj]
#13 37.08 /src/backend/Services/RelationshipPathTraversalService.cs(613,23): wa
rning CS8618: Non-nullable property 'Cardinality' must contain a non-null value
 when exiting constructor. Consider adding the 'required' modifier or declaring
 the property as nullable. [/src/backend/DataModeler.API.csproj]
#13 37.08 /src/backend/Services/RelationshipPathTraversalService.cs(614,23): wa
rning CS8618: Non-nullable property 'FromColumn' must contain a non-null value 
when exiting constructor. Consider adding the 'required' modifier or declaring 
the property as nullable. [/src/backend/DataModeler.API.csproj]
#13 37.08 /src/backend/Services/RelationshipPathTraversalService.cs(615,23): wa
rning CS8618: Non-nullable property 'ToColumn' must contain a non-null value wh
en exiting constructor. Consider adding the 'required' modifier or declaring th
e property as nullable. [/src/backend/DataModeler.API.csproj]
#13 37.08 /src/backend/Services/RelationshipPathTraversalService.cs(603,23): wa
rning CS8618: Non-nullable property 'TableName' must contain a non-null value w
hen exiting constructor. Consider adding the 'required' modifier or declaring t
he property as nullable. [/src/backend/DataModeler.API.csproj]
#13 37.08 /src/backend/Services/RelationshipPathTraversalService.cs(631,23): wa
rning CS8618: Non-nullable property 'Severity' must contain a non-null value wh
en exiting constructor. Consider adding the 'required' modifier or declaring th
e property as nullable. [/src/backend/DataModeler.API.csproj]
#13 37.08 /src/backend/Services/RelationshipPathTraversalService.cs(645,23): wa
rning CS8618: Non-nullable property 'MostConnectedTable' must contain a non-nul
l value when exiting constructor. Consider adding the 'required' modifier or de
claring the property as nullable. [/src/backend/DataModeler.API.csproj]
#13 37.08 /src/backend/Services/SqlSchemaComparatorService.cs(610,23): warning 
CS8618: Non-nullable property 'StageName' must contain a non-null value when ex
iting constructor. Consider adding the 'required' modifier or declaring the pro
perty as nullable. [/src/backend/DataModeler.API.csproj]
#13 37.08 /src/backend/Services/SqlSchemaComparatorService.cs(611,23): warning 
CS8618: Non-nullable property 'Description' must contain a non-null value when 
exiting constructor. Consider adding the 'required' modifier or declaring the p
roperty as nullable. [/src/backend/DataModeler.API.csproj]
#13 37.08 /src/backend/Services/RelationshipPathTraversalService.cs(584,23): wa
rning CS8618: Non-nullable property 'SourceTable' must contain a non-null value
 when exiting constructor. Consider adding the 'required' modifier or declaring
 the property as nullable. [/src/backend/DataModeler.API.csproj]
#13 37.08 /src/backend/Services/RelationshipPathTraversalService.cs(585,23): wa
rning CS8618: Non-nullable property 'TargetTable' must contain a non-null value
 when exiting constructor. Consider adding the 'required' modifier or declaring
 the property as nullable. [/src/backend/DataModeler.API.csproj]
#13 37.08 /src/backend/Services/SqlSchemaComparatorService.cs(640,23): warning 
CS8618: Non-nullable property 'Message' must contain a non-null value when exit
ing constructor. Consider adding the 'required' modifier or declaring the prope
rty as nullable. [/src/backend/DataModeler.API.csproj]
#13 37.08 /src/backend/Services/SqlSchemaComparatorService.cs(651,23): warning 
CS8618: Non-nullable property 'Message' must contain a non-null value when exit
ing constructor. Consider adding the 'required' modifier or declaring the prope
rty as nullable. [/src/backend/DataModeler.API.csproj]
#13 37.08 /src/backend/Services/StatementOrderingService.cs(401,36): warning CS
8618: Non-nullable property 'OriginalPlan' must contain a non-null value when e
xiting constructor. Consider adding the 'required' modifier or declaring the pr
operty as nullable. [/src/backend/DataModeler.API.csproj]
#13 37.08 /src/backend/Services/StatementOrderingService.cs(437,23): warning CS
8618: Non-nullable property 'Description' must contain a non-null value when ex
iting constructor. Consider adding the 'required' modifier or declaring the pro
perty as nullable. [/src/backend/DataModeler.API.csproj]
#13 37.08 /src/backend/Services/StatementOrderingService.cs(438,23): warning CS
8618: Non-nullable property 'RequiredAction' must contain a non-null value when
 exiting constructor. Consider adding the 'required' modifier or declaring the 
property as nullable. [/src/backend/DataModeler.API.csproj]
#13 37.08 /src/backend/Services/SqlSchemaComparatorService.cs(595,23): warning 
CS8618: Non-nullable property 'DatabaseDialect' must contain a non-null value w
hen exiting constructor. Consider adding the 'required' modifier or declaring t
he property as nullable. [/src/backend/DataModeler.API.csproj]
#13 37.08 /src/backend/Services/SqlSchemaComparatorService.cs(602,23): warning 
CS8618: Non-nullable property 'Summary' must contain a non-null value when exit
ing constructor. Consider adding the 'required' modifier or declaring the prope
rty as nullable. [/src/backend/DataModeler.API.csproj]
#13 37.08 /src/backend/Services/StatementOrderingService.cs(459,23): warning CS
8618: Non-nullable property 'Resolution' must contain a non-null value when exi
ting constructor. Consider adding the 'required' modifier or declaring the prop
erty as nullable. [/src/backend/DataModeler.API.csproj]
#13 37.08 /src/backend/Services/StatementOrderingService.cs(425,38): warning CS
8618: Non-nullable property 'Operation' must contain a non-null value when exit
ing constructor. Consider adding the 'required' modifier or declaring the prope
rty as nullable. [/src/backend/DataModeler.API.csproj]
#13 37.08 /src/backend/Services/VersionComparisonService.cs(625,23): warning CS
8618: Non-nullable property 'OriginalContent' must contain a non-null value whe
n exiting constructor. Consider adding the 'required' modifier or declaring the
 property as nullable. [/src/backend/DataModeler.API.csproj]
#13 37.08 /src/backend/Services/VersionComparisonService.cs(626,23): warning CS
8618: Non-nullable property 'ModifiedContent' must contain a non-null value whe
n exiting constructor. Consider adding the 'required' modifier or declaring the
 property as nullable. [/src/backend/DataModeler.API.csproj]
#13 37.08 /src/backend/Services/VersionComparisonService.cs(636,23): warning CS
8618: Non-nullable property 'Type' must contain a non-null value when exiting c
onstructor. Consider adding the 'required' modifier or declaring the property a
s nullable. [/src/backend/DataModeler.API.csproj]
#13 37.08 /src/backend/Services/VersionComparisonService.cs(638,23): warning CS
8618: Non-nullable property 'Content' must contain a non-null value when exitin
g constructor. Consider adding the 'required' modifier or declaring the propert
y as nullable. [/src/backend/DataModeler.API.csproj]
#13 37.08 /src/backend/Services/VersionComparisonService.cs(655,23): warning CS
8618: Non-nullable property 'ChangeType' must contain a non-null value when exi
ting constructor. Consider adding the 'required' modifier or declaring the prop
erty as nullable. [/src/backend/DataModeler.API.csproj]
#13 37.08 /src/backend/Services/VersionComparisonService.cs(656,23): warning CS
8618: Non-nullable property 'EntityName' must contain a non-null value when exi
ting constructor. Consider adding the 'required' modifier or declaring the prop
erty as nullable. [/src/backend/DataModeler.API.csproj]
#13 37.08 /src/backend/Services/VersionComparisonService.cs(657,23): warning CS
8618: Non-nullable property 'Severity' must contain a non-null value when exiti
ng constructor. Consider adding the 'required' modifier or declaring the proper
ty as nullable. [/src/backend/DataModeler.API.csproj]
#13 37.08 /src/backend/Services/VersionComparisonService.cs(658,23): warning CS
8618: Non-nullable property 'Details' must contain a non-null value when exitin
g constructor. Consider adding the 'required' modifier or declaring the propert
y as nullable. [/src/backend/DataModeler.API.csproj]
#13 37.08 /src/backend/Services/ModelVersioningService.cs(129,50): warning CS19
98: This async method lacks 'await' operators and will run synchronously. Consi
der using the 'await' operator to await non-blocking API calls, or 'await Task.
Run(...)' to do CPU-bound work on a background thread. [/src/backend/DataModele
r.API.csproj]
#13 37.08 /src/backend/Services/ModelVersioningService.cs(169,45): warning CS19
98: This async method lacks 'await' operators and will run synchronously. Consi
der using the 'await' operator to await non-blocking API calls, or 'await Task.
Run(...)' to do CPU-bound work on a background thread. [/src/backend/DataModele
r.API.csproj]
#13 37.08 /src/backend/Services/VersionComparisonService.cs(673,34): warning CS
8618: Non-nullable property 'StructuralChanges' must contain a non-null value w
hen exiting constructor. Consider adding the 'required' modifier or declaring t
he property as nullable. [/src/backend/DataModeler.API.csproj]
#13 37.08 /src/backend/Services/VersionComparisonService.cs(674,32): warning CS
8618: Non-nullable property 'DetailedDiff' must contain a non-null value when e
xiting constructor. Consider adding the 'required' modifier or declaring the pr
operty as nullable. [/src/backend/DataModeler.API.csproj]
#13 37.08 /src/backend/Services/VersionComparisonService.cs(675,35): warning CS
8618: Non-nullable property 'Similarity' must contain a non-null value when exi
ting constructor. Consider adding the 'required' modifier or declaring the prop
erty as nullable. [/src/backend/DataModeler.API.csproj]
#13 37.08 /src/backend/Services/VersionComparisonService.cs(676,23): warning CS
8618: Non-nullable property 'SummaryText' must contain a non-null value when ex
iting constructor. Consider adding the 'required' modifier or declaring the pro
perty as nullable. [/src/backend/DataModeler.API.csproj]
#13 37.08 /src/backend/Services/ModelVersioningService.cs(192,45): warning CS19
98: This async method lacks 'await' operators and will run synchronously. Consi
der using the 'await' operator to await non-blocking API calls, or 'await Task.
Run(...)' to do CPU-bound work on a background thread. [/src/backend/DataModele
r.API.csproj]
#13 37.08 /src/backend/Services/ModelVersioningService.cs(408,48): warning CS19
98: This async method lacks 'await' operators and will run synchronously. Consi
der using the 'await' operator to await non-blocking API calls, or 'await Task.
Run(...)' to do CPU-bound work on a background thread. [/src/backend/DataModele
r.API.csproj]
#13 37.08 /src/backend/Services/BranchingManagementService.cs(271,33): warning 
CS1998: This async method lacks 'await' operators and will run synchronously. C
onsider using the 'await' operator to await non-blocking API calls, or 'await T
ask.Run(...)' to do CPU-bound work on a background thread. [/src/backend/DataMo
deler.API.csproj]
#13 37.08 /src/backend/Services/BranchingManagementService.cs(306,38): warning 
CS1998: This async method lacks 'await' operators and will run synchronously. C
onsider using the 'await' operator to await non-blocking API calls, or 'await T
ask.Run(...)' to do CPU-bound work on a background thread. [/src/backend/DataMo
deler.API.csproj]
#13 37.08 /src/backend/Services/BranchingManagementService.cs(332,38): warning 
CS1998: This async method lacks 'await' operators and will run synchronously. C
onsider using the 'await' operator to await non-blocking API calls, or 'await T
ask.Run(...)' to do CPU-bound work on a background thread. [/src/backend/DataMo
deler.API.csproj]
#13 37.08 /src/backend/Services/BranchingManagementService.cs(428,40): warning 
CS8601: Possible null reference assignment. [/src/backend/DataModeler.API.cspro
j]
#13 37.08 /src/backend/Services/ModelVersioningService.cs(557,37): warning CS19
98: This async method lacks 'await' operators and will run synchronously. Consi
der using the 'await' operator to await non-blocking API calls, or 'await Task.
Run(...)' to do CPU-bound work on a background thread. [/src/backend/DataModele
r.API.csproj]
#13 37.08 /src/backend/Services/BranchingManagementService.cs(509,20): warning 
CS8603: Possible null reference return. [/src/backend/DataModeler.API.csproj]
#13 37.08 /src/backend/Services/BranchingManagementService.cs(537,27): warning 
CS8618: Non-nullable property 'Name' must contain a non-null value when exiting
 constructor. Consider adding the 'required' modifier or declaring the property
 as nullable. [/src/backend/DataModeler.API.csproj]
#13 37.08 /src/backend/Services/BranchingManagementService.cs(538,27): warning 
CS8618: Non-nullable property 'CreatedBy' must contain a non-null value when ex
iting constructor. Consider adding the 'required' modifier or declaring the pro
perty as nullable. [/src/backend/DataModeler.API.csproj]
#13 37.08 /src/backend/Services/BranchingManagementService.cs(544,27): warning 
CS8618: Non-nullable property 'Description' must contain a non-null value when 
exiting constructor. Consider adding the 'required' modifier or declaring the p
roperty as nullable. [/src/backend/DataModeler.API.csproj]
#13 37.08 /src/backend/Services/BranchingManagementService.cs(545,31): warning 
CS8618: Non-nullable property 'VersionIds' must contain a non-null value when e
xiting constructor. Consider adding the 'required' modifier or declaring the pr
operty as nullable. [/src/backend/DataModeler.API.csproj]
#13 37.08 /src/backend/Services/BranchingManagementService.cs(547,27): warning 
CS8618: Non-nullable property 'LastModifiedBy' must contain a non-null value wh
en exiting constructor. Consider adding the 'required' modifier or declaring th
e property as nullable. [/src/backend/DataModeler.API.csproj]
#13 37.08 /src/backend/Services/BranchingManagementService.cs(549,27): warning 
CS8618: Non-nullable property 'LastAccessedBy' must contain a non-null value wh
en exiting constructor. Consider adding the 'required' modifier or declaring th
e property as nullable. [/src/backend/DataModeler.API.csproj]
#13 37.08 /src/backend/Services/BranchingManagementService.cs(551,27): warning 
CS8618: Non-nullable property 'MergeSourceBranch' must contain a non-null value
 when exiting constructor. Consider adding the 'required' modifier or declaring
 the property as nullable. [/src/backend/DataModeler.API.csproj]
#13 37.08 /src/backend/Services/VersionComparisonService.cs(612,27): warning CS
8618: Non-nullable property 'FromTable' must contain a non-null value when exit
ing constructor. Consider adding the 'required' modifier or declaring the prope
rty as nullable. [/src/backend/DataModeler.API.csproj]
#13 37.08 /src/backend/Services/VersionComparisonService.cs(613,27): warning CS
8618: Non-nullable property 'FromColumn' must contain a non-null value when exi
ting constructor. Consider adding the 'required' modifier or declaring the prop
erty as nullable. [/src/backend/DataModeler.API.csproj]
#13 37.08 /src/backend/Services/VersionComparisonService.cs(614,27): warning CS
8618: Non-nullable property 'ToTable' must contain a non-null value when exitin
g constructor. Consider adding the 'required' modifier or declaring the propert
y as nullable. [/src/backend/DataModeler.API.csproj]
#13 37.08 /src/backend/Services/VersionComparisonService.cs(615,27): warning CS
8618: Non-nullable property 'ToColumn' must contain a non-null value when exiti
ng constructor. Consider adding the 'required' modifier or declaring the proper
ty as nullable. [/src/backend/DataModeler.API.csproj]
#13 37.08 
#13 37.09 Build FAILED.
#13 37.09 
#13 37.09 /src/backend/DataModeler.API.csproj : warning NU1903: Package 'AutoMa
pper' 13.0.1 has a known high severity vulnerability, https://github.com/adviso
ries/GHSA-rvv3-g6hj-g44x
#13 37.09 /src/backend/Services/BranchingManagementService.cs(20,34): warning C
S8625: Cannot convert null literal to non-nullable reference type. [/src/backen
d/DataModeler.API.csproj]
#13 37.09 /src/backend/Services/BranchingManagementService.cs(85,34): warning C
S8625: Cannot convert null literal to non-nullable reference type. [/src/backen
d/DataModeler.API.csproj]
#13 37.09 /src/backend/DTOs/RealtimeDtos.cs(366,23): warning CS8618: Non-nullab
le property 'FromTable' must contain a non-null value when exiting constructor.
 Consider adding the 'required' modifier or declaring the property as nullable.
 [/src/backend/DataModeler.API.csproj]
#13 37.09 /src/backend/DTOs/RealtimeDtos.cs(367,23): warning CS8618: Non-nullab
le property 'FromColumn' must contain a non-null value when exiting constructor
. Consider adding the 'required' modifier or declaring the property as nullable
. [/src/backend/DataModeler.API.csproj]
#13 37.09 /src/backend/DTOs/RealtimeDtos.cs(368,23): warning CS8618: Non-nullab
le property 'ToTable' must contain a non-null value when exiting constructor. C
onsider adding the 'required' modifier or declaring the property as nullable. [
/src/backend/DataModeler.API.csproj]
#13 37.09 /src/backend/DTOs/RealtimeDtos.cs(369,23): warning CS8618: Non-nullab
le property 'ToColumn' must contain a non-null value when exiting constructor. 
Consider adding the 'required' modifier or declaring the property as nullable. 
[/src/backend/DataModeler.API.csproj]
#13 37.09 /src/backend/DTOs/RealtimeDtos.cs(370,23): warning CS8618: Non-nullab
le property 'RelationType' must contain a non-null value when exiting construct
or. Consider adding the 'required' modifier or declaring the property as nullab
le. [/src/backend/DataModeler.API.csproj]
#13 37.09 /src/backend/DTOs/DevOpsDtos.cs(14,23): warning CS8618: Non-nullable 
property 'Message' must contain a non-null value when exiting constructor. Cons
ider adding the 'required' modifier or declaring the property as nullable. [/sr
c/backend/DataModeler.API.csproj]
#13 37.09 /src/backend/Services/WebSocketService.cs(444,23): warning CS8618: No
n-nullable property 'UserId' must contain a non-null value when exiting constru
ctor. Consider adding the 'required' modifier or declaring the property as null
able. [/src/backend/DataModeler.API.csproj]
#13 37.09 /src/backend/Services/WebSocketService.cs(445,23): warning CS8618: No
n-nullable property 'UserName' must contain a non-null value when exiting const
ructor. Consider adding the 'required' modifier or declaring the property as nu
llable. [/src/backend/DataModeler.API.csproj]
#13 37.09 /src/backend/Services/WebSocketService.cs(447,23): warning CS8618: No
n-nullable property 'Color' must contain a non-null value when exiting construc
tor. Consider adding the 'required' modifier or declaring the property as nulla
ble. [/src/backend/DataModeler.API.csproj]
#13 37.09 /src/backend/DTOs/RealtimeDtos.cs(351,23): warning CS8618: Non-nullab
le property 'Name' must contain a non-null value when exiting constructor. Cons
ider adding the 'required' modifier or declaring the property as nullable. [/sr
c/backend/DataModeler.API.csproj]
#13 37.09 /src/backend/DTOs/RealtimeDtos.cs(352,23): warning CS8618: Non-nullab
le property 'Type' must contain a non-null value when exiting constructor. Cons
ider adding the 'required' modifier or declaring the property as nullable. [/sr
c/backend/DataModeler.API.csproj]
#13 37.09 /src/backend/DTOs/RealtimeDtos.cs(357,23): warning CS8618: Non-nullab
le property 'DefaultValue' must contain a non-null value when exiting construct
or. Consider adding the 'required' modifier or declaring the property as nullab
le. [/src/backend/DataModeler.API.csproj]
#13 37.09 /src/backend/DTOs/RealtimeDtos.cs(358,23): warning CS8618: Non-nullab
le property 'Note' must contain a non-null value when exiting constructor. Cons
ider adding the 'required' modifier or declaring the property as nullable. [/sr
c/backend/DataModeler.API.csproj]
#13 37.09 /src/backend/Services/WebSocketService.cs(421,23): warning CS8618: No
n-nullable property 'UserId' must contain a non-null value when exiting constru
ctor. Consider adding the 'required' modifier or declaring the property as null
able. [/src/backend/DataModeler.API.csproj]
#13 37.09 /src/backend/Services/WebSocketService.cs(422,23): warning CS8618: No
n-nullable property 'UserName' must contain a non-null value when exiting const
ructor. Consider adding the 'required' modifier or declaring the property as nu
llable. [/src/backend/DataModeler.API.csproj]
#13 37.09 /src/backend/Services/WebSocketService.cs(423,23): warning CS8618: No
n-nullable property 'Color' must contain a non-null value when exiting construc
tor. Consider adding the 'required' modifier or declaring the property as nulla
ble. [/src/backend/DataModeler.API.csproj]
#13 37.09 /src/backend/Services/WebSocketService.cs(409,23): warning CS8618: No
n-nullable property 'UserId' must contain a non-null value when exiting constru
ctor. Consider adding the 'required' modifier or declaring the property as null
able. [/src/backend/DataModeler.API.csproj]
#13 37.09 /src/backend/Services/WebSocketService.cs(410,23): warning CS8618: No
n-nullable property 'UserName' must contain a non-null value when exiting const
ructor. Consider adding the 'required' modifier or declaring the property as nu
llable. [/src/backend/DataModeler.API.csproj]
#13 37.09 /src/backend/Services/WebSocketService.cs(411,26): warning CS8618: No
n-nullable property 'WebSocket' must contain a non-null value when exiting cons
tructor. Consider adding the 'required' modifier or declaring the property as n
ullable. [/src/backend/DataModeler.API.csproj]
#13 37.09 /src/backend/Services/WebSocketService.cs(413,31): warning CS8618: No
n-nullable property 'CursorPosition' must contain a non-null value when exiting
 constructor. Consider adding the 'required' modifier or declaring the property
 as nullable. [/src/backend/DataModeler.API.csproj]
#13 37.09 /src/backend/DTOs/RealtimeDtos.cs(340,23): warning CS8618: Non-nullab
le property 'Name' must contain a non-null value when exiting constructor. Cons
ider adding the 'required' modifier or declaring the property as nullable. [/sr
c/backend/DataModeler.API.csproj]
#13 37.09 /src/backend/DTOs/RealtimeDtos.cs(341,23): warning CS8618: Non-nullab
le property 'Alias' must contain a non-null value when exiting constructor. Con
sider adding the 'required' modifier or declaring the property as nullable. [/s
rc/backend/DataModeler.API.csproj]
#13 37.09 /src/backend/DTOs/RealtimeDtos.cs(343,23): warning CS8618: Non-nullab
le property 'Note' must contain a non-null value when exiting constructor. Cons
ider adding the 'required' modifier or declaring the property as nullable. [/sr
c/backend/DataModeler.API.csproj]
#13 37.09 /src/backend/DTOs/DevOpsDtos.cs(26,23): warning CS8618: Non-nullable 
property 'Id' must contain a non-null value when exiting constructor. Consider 
adding the 'required' modifier or declaring the property as nullable. [/src/bac
kend/DataModeler.API.csproj]
#13 37.09 /src/backend/DTOs/DevOpsDtos.cs(27,23): warning CS8618: Non-nullable 
property 'Name' must contain a non-null value when exiting constructor. Conside
r adding the 'required' modifier or declaring the property as nullable. [/src/b
ackend/DataModeler.API.csproj]
#13 37.09 /src/backend/DTOs/DevOpsDtos.cs(28,23): warning CS8618: Non-nullable 
property 'ProjectId' must contain a non-null value when exiting constructor. Co
nsider adding the 'required' modifier or declaring the property as nullable. [/
src/backend/DataModeler.API.csproj]
#13 37.09 /src/backend/DTOs/DevOpsDtos.cs(29,23): warning CS8618: Non-nullable 
property 'Url' must contain a non-null value when exiting constructor. Consider
 adding the 'required' modifier or declaring the property as nullable. [/src/ba
ckend/DataModeler.API.csproj]
#13 37.09 /src/backend/DTOs/DevOpsDtos.cs(30,23): warning CS8618: Non-nullable 
property 'DefaultBranch' must contain a non-null value when exiting constructor
. Consider adding the 'required' modifier or declaring the property as nullable
. [/src/backend/DataModeler.API.csproj]
#13 37.09 /src/backend/DTOs/DevOpsDtos.cs(32,23): warning CS8618: Non-nullable 
property 'SshUrl' must contain a non-null value when exiting constructor. Consi
der adding the 'required' modifier or declaring the property as nullable. [/src
/backend/DataModeler.API.csproj]
#13 37.09 /src/backend/DTOs/DevOpsDtos.cs(33,23): warning CS8618: Non-nullable 
property 'HttpUrl' must contain a non-null value when exiting constructor. Cons
ider adding the 'required' modifier or declaring the property as nullable. [/sr
c/backend/DataModeler.API.csproj]
#13 37.09 /src/backend/DTOs/RealtimeDtos.cs(318,23): warning CS8618: Non-nullab
le property 'NotificationType' must contain a non-null value when exiting const
ructor. Consider adding the 'required' modifier or declaring the property as nu
llable. [/src/backend/DataModeler.API.csproj]
#13 37.09 /src/backend/DTOs/RealtimeDtos.cs(319,23): warning CS8618: Non-nullab
le property 'Message' must contain a non-null value when exiting constructor. C
onsider adding the 'required' modifier or declaring the property as nullable. [
/src/backend/DataModeler.API.csproj]
#13 37.09 /src/backend/DTOs/RealtimeDtos.cs(320,23): warning CS8618: Non-nullab
le property 'Data' must contain a non-null value when exiting constructor. Cons
ider adding the 'required' modifier or declaring the property as nullable. [/sr
c/backend/DataModeler.API.csproj]
#13 37.09 /src/backend/DTOs/RealtimeDtos.cs(300,23): warning CS8618: Non-nullab
le property 'ErrorCode' must contain a non-null value when exiting constructor.
 Consider adding the 'required' modifier or declaring the property as nullable.
 [/src/backend/DataModeler.API.csproj]
#13 37.09 /src/backend/DTOs/RealtimeDtos.cs(301,23): warning CS8618: Non-nullab
le property 'Message' must contain a non-null value when exiting constructor. C
onsider adding the 'required' modifier or declaring the property as nullable. [
/src/backend/DataModeler.API.csproj]
#13 37.09 /src/backend/DTOs/RealtimeDtos.cs(302,23): warning CS8618: Non-nullab
le property 'Details' must contain a non-null value when exiting constructor. C
onsider adding the 'required' modifier or declaring the property as nullable. [
/src/backend/DataModeler.API.csproj]
#13 37.09 /src/backend/DTOs/RealtimeDtos.cs(289,23): warning CS8618: Non-nullab
le property 'LockId' must contain a non-null value when exiting constructor. Co
nsider adding the 'required' modifier or declaring the property as nullable. [/
src/backend/DataModeler.API.csproj]
#13 37.09 /src/backend/DTOs/RealtimeDtos.cs(290,23): warning CS8618: Non-nullab
le property 'ReleasedBy' must contain a non-null value when exiting constructor
. Consider adding the 'required' modifier or declaring the property as nullable
. [/src/backend/DataModeler.API.csproj]
#13 37.09 /src/backend/DTOs/RealtimeDtos.cs(279,23): warning CS8618: Non-nullab
le property 'LockId' must contain a non-null value when exiting constructor. Co
nsider adding the 'required' modifier or declaring the property as nullable. [/
src/backend/DataModeler.API.csproj]
#13 37.09 /src/backend/DTOs/RealtimeDtos.cs(280,25): warning CS8618: Non-nullab
le property 'Range' must contain a non-null value when exiting constructor. Con
sider adding the 'required' modifier or declaring the property as nullable. [/s
rc/backend/DataModeler.API.csproj]
#13 37.09 /src/backend/DTOs/RealtimeDtos.cs(281,23): warning CS8618: Non-nullab
le property 'LockedBy' must contain a non-null value when exiting constructor. 
Consider adding the 'required' modifier or declaring the property as nullable. 
[/src/backend/DataModeler.API.csproj]
#13 37.09 /src/backend/DTOs/RealtimeDtos.cs(270,25): warning CS8618: Non-nullab
le property 'Range' must contain a non-null value when exiting constructor. Con
sider adding the 'required' modifier or declaring the property as nullable. [/s
rc/backend/DataModeler.API.csproj]
#13 37.09 /src/backend/DTOs/RealtimeDtos.cs(259,38): warning CS8618: Non-nullab
le property 'RemoteChange' must contain a non-null value when exiting construct
or. Consider adding the 'required' modifier or declaring the property as nullab
le. [/src/backend/DataModeler.API.csproj]
#13 37.09 /src/backend/DTOs/RealtimeDtos.cs(260,23): warning CS8618: Non-nullab
le property 'ResolutionStrategy' must contain a non-null value when exiting con
structor. Consider adding the 'required' modifier or declaring the property as 
nullable. [/src/backend/DataModeler.API.csproj]
#13 37.09 /src/backend/DTOs/RealtimeDtos.cs(249,23): warning CS8618: Non-nullab
le property 'Content' must contain a non-null value when exiting constructor. C
onsider adding the 'required' modifier or declaring the property as nullable. [
/src/backend/DataModeler.API.csproj]
#13 37.09 /src/backend/DTOs/RealtimeDtos.cs(250,44): warning CS8618: Non-nullab
le property 'ChangesSincVersion' must contain a non-null value when exiting con
structor. Consider adding the 'required' modifier or declaring the property as 
nullable. [/src/backend/DataModeler.API.csproj]
#13 37.09 /src/backend/DTOs/RealtimeDtos.cs(227,23): warning CS8618: Non-nullab
le property 'ResolvedBy' must contain a non-null value when exiting constructor
. Consider adding the 'required' modifier or declaring the property as nullable
. [/src/backend/DataModeler.API.csproj]
#13 37.09 /src/backend/DTOs/RealtimeDtos.cs(210,32): warning CS8618: Non-nullab
le property 'Reply' must contain a non-null value when exiting constructor. Con
sider adding the 'required' modifier or declaring the property as nullable. [/s
rc/backend/DataModeler.API.csproj]
#13 37.09 /src/backend/DTOs/RealtimeDtos.cs(201,23): warning CS8618: Non-nullab
le property 'Content' must contain a non-null value when exiting constructor. C
onsider adding the 'required' modifier or declaring the property as nullable. [
/src/backend/DataModeler.API.csproj]
#13 37.09 /src/backend/DTOs/RealtimeDtos.cs(192,27): warning CS8618: Non-nullab
le property 'Comment' must contain a non-null value when exiting constructor. C
onsider adding the 'required' modifier or declaring the property as nullable. [
/src/backend/DataModeler.API.csproj]
#13 37.09 /src/backend/DTOs/RealtimeDtos.cs(180,23): warning CS8618: Non-nullab
le property 'UserId' must contain a non-null value when exiting constructor. Co
nsider adding the 'required' modifier or declaring the property as nullable. [/
src/backend/DataModeler.API.csproj]
#13 37.09 /src/backend/DTOs/RealtimeDtos.cs(181,23): warning CS8618: Non-nullab
le property 'UserName' must contain a non-null value when exiting constructor. 
Consider adding the 'required' modifier or declaring the property as nullable. 
[/src/backend/DataModeler.API.csproj]
#13 37.09 /src/backend/DTOs/RealtimeDtos.cs(182,23): warning CS8618: Non-nullab
le property 'Content' must contain a non-null value when exiting constructor. C
onsider adding the 'required' modifier or declaring the property as nullable. [
/src/backend/DataModeler.API.csproj]
#13 37.09 /src/backend/DTOs/RealtimeDtos.cs(162,23): warning CS8618: Non-nullab
le property 'UserId' must contain a non-null value when exiting constructor. Co
nsider adding the 'required' modifier or declaring the property as nullable. [/
src/backend/DataModeler.API.csproj]
#13 37.09 /src/backend/DTOs/RealtimeDtos.cs(163,23): warning CS8618: Non-nullab
le property 'UserName' must contain a non-null value when exiting constructor. 
Consider adding the 'required' modifier or declaring the property as nullable. 
[/src/backend/DataModeler.API.csproj]
#13 37.09 /src/backend/DTOs/RealtimeDtos.cs(164,23): warning CS8618: Non-nullab
le property 'Content' must contain a non-null value when exiting constructor. C
onsider adding the 'required' modifier or declaring the property as nullable. [
/src/backend/DataModeler.API.csproj]
#13 37.09 /src/backend/DTOs/RealtimeDtos.cs(165,34): warning CS8618: Non-nullab
le property 'Position' must contain a non-null value when exiting constructor. 
Consider adding the 'required' modifier or declaring the property as nullable. 
[/src/backend/DataModeler.API.csproj]
#13 37.09 /src/backend/DTOs/RealtimeDtos.cs(169,23): warning CS8618: Non-nullab
le property 'ResolvedBy' must contain a non-null value when exiting constructor
. Consider adding the 'required' modifier or declaring the property as nullable
. [/src/backend/DataModeler.API.csproj]
#13 37.09 /src/backend/DTOs/RealtimeDtos.cs(153,27): warning CS8618: Non-nullab
le property 'Comment' must contain a non-null value when exiting constructor. C
onsider adding the 'required' modifier or declaring the property as nullable. [
/src/backend/DataModeler.API.csproj]
#13 37.09 /src/backend/DTOs/RealtimeDtos.cs(141,23): warning CS8618: Non-nullab
le property 'UserId' must contain a non-null value when exiting constructor. Co
nsider adding the 'required' modifier or declaring the property as nullable. [/
src/backend/DataModeler.API.csproj]
#13 37.09 /src/backend/DTOs/RealtimeDtos.cs(142,23): warning CS8618: Non-nullab
le property 'Color' must contain a non-null value when exiting constructor. Con
sider adding the 'required' modifier or declaring the property as nullable. [/s
rc/backend/DataModeler.API.csproj]
#13 37.09 /src/backend/DTOs/RealtimeDtos.cs(143,25): warning CS8618: Non-nullab
le property 'Range' must contain a non-null value when exiting constructor. Con
sider adding the 'required' modifier or declaring the property as nullable. [/s
rc/backend/DataModeler.API.csproj]
#13 37.09 /src/backend/DTOs/RealtimeDtos.cs(130,23): warning CS8618: Non-nullab
le property 'UserId' must contain a non-null value when exiting constructor. Co
nsider adding the 'required' modifier or declaring the property as nullable. [/
src/backend/DataModeler.API.csproj]
#13 37.09 /src/backend/DTOs/RealtimeDtos.cs(131,23): warning CS8618: Non-nullab
le property 'UserName' must contain a non-null value when exiting constructor. 
Consider adding the 'required' modifier or declaring the property as nullable. 
[/src/backend/DataModeler.API.csproj]
#13 37.09 /src/backend/DTOs/RealtimeDtos.cs(132,23): warning CS8618: Non-nullab
le property 'Color' must contain a non-null value when exiting constructor. Con
sider adding the 'required' modifier or declaring the property as nullable. [/s
rc/backend/DataModeler.API.csproj]
#13 37.09 /src/backend/DTOs/RealtimeDtos.cs(133,34): warning CS8618: Non-nullab
le property 'Position' must contain a non-null value when exiting constructor. 
Consider adding the 'required' modifier or declaring the property as nullable. 
[/src/backend/DataModeler.API.csproj]
#13 37.09 /src/backend/DTOs/RealtimeDtos.cs(119,27): warning CS8618: Non-nullab
le property 'ErdData' must contain a non-null value when exiting constructor. C
onsider adding the 'required' modifier or declaring the property as nullable. [
/src/backend/DataModeler.API.csproj]
#13 37.09 /src/backend/DTOs/RealtimeDtos.cs(109,23): warning CS8618: Non-nullab
le property 'Content' must contain a non-null value when exiting constructor. C
onsider adding the 'required' modifier or declaring the property as nullable. [
/src/backend/DataModeler.API.csproj]
#13 37.09 /src/backend/Services/AdminDashboardService.cs(75,90): warning CS8618
: Non-nullable property 'Status' must contain a non-null value when exiting con
structor. Consider adding the 'required' modifier or declaring the property as 
nullable. [/src/backend/DataModeler.API.csproj]
#13 37.09 /src/backend/DTOs/RealtimeDtos.cs(91,34): warning CS8618: Non-nullabl
e property 'StartPosition' must contain a non-null value when exiting construct
or. Consider adding the 'required' modifier or declaring the property as nullab
le. [/src/backend/DataModeler.API.csproj]
#13 37.09 /src/backend/DTOs/RealtimeDtos.cs(92,34): warning CS8618: Non-nullabl
e property 'EndPosition' must contain a non-null value when exiting constructor
. Consider adding the 'required' modifier or declaring the property as nullable
. [/src/backend/DataModeler.API.csproj]
#13 37.09 /src/backend/DTOs/RealtimeDtos.cs(80,23): warning CS8618: Non-nullabl
e property 'ChangeType' must contain a non-null value when exiting constructor.
 Consider adding the 'required' modifier or declaring the property as nullable.
 [/src/backend/DataModeler.API.csproj]
#13 37.09 /src/backend/DTOs/RealtimeDtos.cs(81,25): warning CS8618: Non-nullabl
e property 'Range' must contain a non-null value when exiting constructor. Cons
ider adding the 'required' modifier or declaring the property as nullable. [/sr
c/backend/DataModeler.API.csproj]
#13 37.09 /src/backend/DTOs/RealtimeDtos.cs(82,23): warning CS8618: Non-nullabl
e property 'Text' must contain a non-null value when exiting constructor. Consi
der adding the 'required' modifier or declaring the property as nullable. [/src
/backend/DataModeler.API.csproj]
#13 37.09 /src/backend/DTOs/RealtimeDtos.cs(71,23): warning CS8618: Non-nullabl
e property 'SenderId' must contain a non-null value when exiting constructor. C
onsider adding the 'required' modifier or declaring the property as nullable. [
/src/backend/DataModeler.API.csproj]
#13 37.09 /src/backend/DTOs/RealtimeDtos.cs(72,38): warning CS8618: Non-nullabl
e property 'Change' must contain a non-null value when exiting constructor. Con
sider adding the 'required' modifier or declaring the property as nullable. [/s
rc/backend/DataModeler.API.csproj]
#13 37.09 /src/backend/DTOs/DevOpsDtos.cs(42,23): warning CS8618: Non-nullable 
property 'RepositoryId' must contain a non-null value when exiting constructor.
 Consider adding the 'required' modifier or declaring the property as nullable.
 [/src/backend/DataModeler.API.csproj]
#13 37.09 /src/backend/DTOs/RealtimeDtos.cs(41,23): warning CS8618: Non-nullabl
e property 'Id' must contain a non-null value when exiting constructor. Conside
r adding the 'required' modifier or declaring the property as nullable. [/src/b
ackend/DataModeler.API.csproj]
#13 37.09 /src/backend/DTOs/RealtimeDtos.cs(42,23): warning CS8618: Non-nullabl
e property 'Name' must contain a non-null value when exiting constructor. Consi
der adding the 'required' modifier or declaring the property as nullable. [/src
/backend/DataModeler.API.csproj]
#13 37.09 /src/backend/DTOs/RealtimeDtos.cs(43,23): warning CS8618: Non-nullabl
e property 'Color' must contain a non-null value when exiting constructor. Cons
ider adding the 'required' modifier or declaring the property as nullable. [/sr
c/backend/DataModeler.API.csproj]
#13 37.09 /src/backend/DTOs/RealtimeDtos.cs(45,34): warning CS8618: Non-nullabl
e property 'CursorPosition' must contain a non-null value when exiting construc
tor. Consider adding the 'required' modifier or declaring the property as nulla
ble. [/src/backend/DataModeler.API.csproj]
#13 37.09 /src/backend/DTOs/RealtimeDtos.cs(32,23): warning CS8618: Non-nullabl
e property 'UserId' must contain a non-null value when exiting constructor. Con
sider adding the 'required' modifier or declaring the property as nullable. [/s
rc/backend/DataModeler.API.csproj]
#13 37.09 /src/backend/Controllers/DevOpsController.cs(21,42): warning CS1998: 
This async method lacks 'await' operators and will run synchronously. Consider 
using the 'await' operator to await non-blocking API calls, or 'await Task.Run(
...)' to do CPU-bound work on a background thread. [/src/backend/DataModeler.AP
I.csproj]
#13 37.09 /src/backend/Controllers/CollaborationController.cs(18,42): warning C
S1998: This async method lacks 'await' operators and will run synchronously. Co
nsider using the 'await' operator to await non-blocking API calls, or 'await Ta
sk.Run(...)' to do CPU-bound work on a background thread. [/src/backend/DataMod
eler.API.csproj]
#13 37.09 /src/backend/DTOs/RealtimeDtos.cs(24,32): warning CS8618: Non-nullabl
e property 'User' must contain a non-null value when exiting constructor. Consi
der adding the 'required' modifier or declaring the property as nullable. [/src
/backend/DataModeler.API.csproj]
#13 37.09 /src/backend/DTOs/RealtimeDtos.cs(13,23): warning CS8618: Non-nullabl
e property 'Type' must contain a non-null value when exiting constructor. Consi
der adding the 'required' modifier or declaring the property as nullable. [/src
/backend/DataModeler.API.csproj]
#13 37.09 /src/backend/DTOs/DevOpsDtos.cs(336,23): warning CS8618: Non-nullable
 property 'UserId' must contain a non-null value when exiting constructor. Cons
ider adding the 'required' modifier or declaring the property as nullable. [/sr
c/backend/DataModeler.API.csproj]
#13 37.09 /src/backend/DTOs/DevOpsDtos.cs(337,23): warning CS8618: Non-nullable
 property 'OrganizationUrl' must contain a non-null value when exiting construc
tor. Consider adding the 'required' modifier or declaring the property as nulla
ble. [/src/backend/DataModeler.API.csproj]
#13 37.09 /src/backend/DTOs/DevOpsDtos.cs(340,23): warning CS8618: Non-nullable
 property 'LinkedBy' must contain a non-null value when exiting constructor. Co
nsider adding the 'required' modifier or declaring the property as nullable. [/
src/backend/DataModeler.API.csproj]
#13 37.09 /src/backend/Controllers/DevOpsController.cs(28,42): warning CS1998: 
This async method lacks 'await' operators and will run synchronously. Consider 
using the 'await' operator to await non-blocking API calls, or 'await Task.Run(
...)' to do CPU-bound work on a background thread. [/src/backend/DataModeler.AP
I.csproj]
#13 37.09 /src/backend/DTOs/DevOpsDtos.cs(324,23): warning CS8618: Non-nullable
 property 'DefaultOrganizationUrl' must contain a non-null value when exiting c
onstructor. Consider adding the 'required' modifier or declaring the property a
s nullable. [/src/backend/DataModeler.API.csproj]
#13 37.09 /src/backend/DTOs/DevOpsDtos.cs(325,23): warning CS8618: Non-nullable
 property 'DefaultProjectId' must contain a non-null value when exiting constru
ctor. Consider adding the 'required' modifier or declaring the property as null
able. [/src/backend/DataModeler.API.csproj]
#13 37.09 /src/backend/DTOs/DevOpsDtos.cs(312,23): warning CS8618: Non-nullable
 property 'DefaultOrganizationUrl' must contain a non-null value when exiting c
onstructor. Consider adding the 'required' modifier or declaring the property a
s nullable. [/src/backend/DataModeler.API.csproj]
#13 37.09 /src/backend/DTOs/DevOpsDtos.cs(313,23): warning CS8618: Non-nullable
 property 'DefaultProjectId' must contain a non-null value when exiting constru
ctor. Consider adding the 'required' modifier or declaring the property as null
able. [/src/backend/DataModeler.API.csproj]
#13 37.09 /src/backend/DTOs/DevOpsDtos.cs(295,23): warning CS8618: Non-nullable
 property 'SyncDirection' must contain a non-null value when exiting constructo
r. Consider adding the 'required' modifier or declaring the property as nullabl
e. [/src/backend/DataModeler.API.csproj]
#13 37.09 /src/backend/DTOs/DevOpsDtos.cs(296,23): warning CS8618: Non-nullable
 property 'Status' must contain a non-null value when exiting constructor. Cons
ider adding the 'required' modifier or declaring the property as nullable. [/sr
c/backend/DataModeler.API.csproj]
#13 37.09 /src/backend/DTOs/DevOpsDtos.cs(297,23): warning CS8618: Non-nullable
 property 'DevOpsCommitId' must contain a non-null value when exiting construct
or. Consider adding the 'required' modifier or declaring the property as nullab
le. [/src/backend/DataModeler.API.csproj]
#13 37.09 /src/backend/DTOs/DevOpsDtos.cs(298,23): warning CS8618: Non-nullable
 property 'LocalVersionId' must contain a non-null value when exiting construct
or. Consider adding the 'required' modifier or declaring the property as nullab
le. [/src/backend/DataModeler.API.csproj]
#13 37.09 /src/backend/DTOs/DevOpsDtos.cs(299,23): warning CS8618: Non-nullable
 property 'Details' must contain a non-null value when exiting constructor. Con
sider adding the 'required' modifier or declaring the property as nullable. [/s
rc/backend/DataModeler.API.csproj]
#13 37.09 /src/backend/DTOs/DevOpsDtos.cs(302,23): warning CS8618: Non-nullable
 property 'InitiatedBy' must contain a non-null value when exiting constructor.
 Consider adding the 'required' modifier or declaring the property as nullable.
 [/src/backend/DataModeler.API.csproj]
#13 37.09 /src/backend/DTOs/DevOpsDtos.cs(279,23): warning CS8618: Non-nullable
 property 'DbmlContent' must contain a non-null value when exiting constructor.
 Consider adding the 'required' modifier or declaring the property as nullable.
 [/src/backend/DataModeler.API.csproj]
#13 37.09 /src/backend/DTOs/DevOpsDtos.cs(280,23): warning CS8618: Non-nullable
 property 'CommitId' must contain a non-null value when exiting constructor. Co
nsider adding the 'required' modifier or declaring the property as nullable. [/
src/backend/DataModeler.API.csproj]
#13 37.09 /src/backend/DTOs/DevOpsDtos.cs(281,23): warning CS8618: Non-nullable
 property 'Author' must contain a non-null value when exiting constructor. Cons
ider adding the 'required' modifier or declaring the property as nullable. [/sr
c/backend/DataModeler.API.csproj]
#13 37.09 /src/backend/DTOs/DevOpsDtos.cs(283,23): warning CS8618: Non-nullable
 property 'Message' must contain a non-null value when exiting constructor. Con
sider adding the 'required' modifier or declaring the property as nullable. [/s
rc/backend/DataModeler.API.csproj]
#13 37.09 /src/backend/DTOs/DevOpsDtos.cs(270,23): warning CS8618: Non-nullable
 property 'CommitId' must contain a non-null value when exiting constructor. Co
nsider adding the 'required' modifier or declaring the property as nullable. [/
src/backend/DataModeler.API.csproj]
#13 37.09 /src/backend/DTOs/DevOpsDtos.cs(257,23): warning CS8618: Non-nullable
 property 'CommitId' must contain a non-null value when exiting constructor. Co
nsider adding the 'required' modifier or declaring the property as nullable. [/
src/backend/DataModeler.API.csproj]
#13 37.09 /src/backend/DTOs/DevOpsDtos.cs(259,23): warning CS8618: Non-nullable
 property 'Message' must contain a non-null value when exiting constructor. Con
sider adding the 'required' modifier or declaring the property as nullable. [/s
rc/backend/DataModeler.API.csproj]
#13 37.09 /src/backend/DTOs/DevOpsDtos.cs(261,23): warning CS8618: Non-nullable
 property 'DevOpsUrl' must contain a non-null value when exiting constructor. C
onsider adding the 'required' modifier or declaring the property as nullable. [
/src/backend/DataModeler.API.csproj]
#13 37.09 /src/backend/DTOs/DevOpsDtos.cs(244,23): warning CS8618: Non-nullable
 property 'DbmlContent' must contain a non-null value when exiting constructor.
 Consider adding the 'required' modifier or declaring the property as nullable.
 [/src/backend/DataModeler.API.csproj]
#13 37.09 /src/backend/DTOs/DevOpsDtos.cs(245,23): warning CS8618: Non-nullable
 property 'CommitMessage' must contain a non-null value when exiting constructo
r. Consider adding the 'required' modifier or declaring the property as nullabl
e. [/src/backend/DataModeler.API.csproj]
#13 37.09 /src/backend/DTOs/DevOpsDtos.cs(247,23): warning CS8618: Non-nullable
 property 'PullRequestTitle' must contain a non-null value when exiting constru
ctor. Consider adding the 'required' modifier or declaring the property as null
able. [/src/backend/DataModeler.API.csproj]
#13 37.09 /src/backend/DTOs/DevOpsDtos.cs(248,23): warning CS8618: Non-nullable
 property 'PullRequestDescription' must contain a non-null value when exiting c
onstructor. Consider adding the 'required' modifier or declaring the property a
s nullable. [/src/backend/DataModeler.API.csproj]
#13 37.09 /src/backend/DTOs/DevOpsDtos.cs(225,23): warning CS8618: Non-nullable
 property 'OrganizationUrl' must contain a non-null value when exiting construc
tor. Consider adding the 'required' modifier or declaring the property as nulla
ble. [/src/backend/DataModeler.API.csproj]
#13 37.09 /src/backend/DTOs/DevOpsDtos.cs(226,23): warning CS8618: Non-nullable
 property 'ProjectId' must contain a non-null value when exiting constructor. C
onsider adding the 'required' modifier or declaring the property as nullable. [
/src/backend/DataModeler.API.csproj]
#13 37.09 /src/backend/DTOs/DevOpsDtos.cs(227,23): warning CS8618: Non-nullable
 property 'RepositoryId' must contain a non-null value when exiting constructor
. Consider adding the 'required' modifier or declaring the property as nullable
. [/src/backend/DataModeler.API.csproj]
#13 37.09 /src/backend/DTOs/DevOpsDtos.cs(210,23): warning CS8618: Non-nullable
 property 'EventType' must contain a non-null value when exiting constructor. C
onsider adding the 'required' modifier or declaring the property as nullable. [
/src/backend/DataModeler.API.csproj]
#13 37.09 /src/backend/DTOs/DevOpsDtos.cs(211,23): warning CS8618: Non-nullable
 property 'Status' must contain a non-null value when exiting constructor. Cons
ider adding the 'required' modifier or declaring the property as nullable. [/sr
c/backend/DataModeler.API.csproj]
#13 37.09 /src/backend/DTOs/DevOpsDtos.cs(212,23): warning CS8618: Non-nullable
 property 'Details' must contain a non-null value when exiting constructor. Con
sider adding the 'required' modifier or declaring the property as nullable. [/s
rc/backend/DataModeler.API.csproj]
#13 37.09 /src/backend/DTOs/DevOpsDtos.cs(199,23): warning CS8618: Non-nullable
 property 'TriggerReason' must contain a non-null value when exiting constructo
r. Consider adding the 'required' modifier or declaring the property as nullabl
e. [/src/backend/DataModeler.API.csproj]
#13 37.09 /src/backend/DTOs/DevOpsDtos.cs(184,23): warning CS8618: Non-nullable
 property 'Name' must contain a non-null value when exiting constructor. Consid
er adding the 'required' modifier or declaring the property as nullable. [/src/
backend/DataModeler.API.csproj]
#13 37.09 /src/backend/DTOs/DevOpsDtos.cs(185,23): warning CS8618: Non-nullable
 property 'State' must contain a non-null value when exiting constructor. Consi
der adding the 'required' modifier or declaring the property as nullable. [/src
/backend/DataModeler.API.csproj]
#13 37.09 /src/backend/DTOs/DevOpsDtos.cs(186,23): warning CS8618: Non-nullable
 property 'Result' must contain a non-null value when exiting constructor. Cons
ider adding the 'required' modifier or declaring the property as nullable. [/sr
c/backend/DataModeler.API.csproj]
#13 37.09 /src/backend/DTOs/DevOpsDtos.cs(189,23): warning CS8618: Non-nullable
 property 'Url' must contain a non-null value when exiting constructor. Conside
r adding the 'required' modifier or declaring the property as nullable. [/src/b
ackend/DataModeler.API.csproj]
#13 37.09 /src/backend/DTOs/DevOpsDtos.cs(172,23): warning CS8618: Non-nullable
 property 'Name' must contain a non-null value when exiting constructor. Consid
er adding the 'required' modifier or declaring the property as nullable. [/src/
backend/DataModeler.API.csproj]
#13 37.09 /src/backend/DTOs/DevOpsDtos.cs(173,23): warning CS8618: Non-nullable
 property 'Url' must contain a non-null value when exiting constructor. Conside
r adding the 'required' modifier or declaring the property as nullable. [/src/b
ackend/DataModeler.API.csproj]
#13 37.09 /src/backend/DTOs/DevOpsDtos.cs(174,23): warning CS8618: Non-nullable
 property 'Folder' must contain a non-null value when exiting constructor. Cons
ider adding the 'required' modifier or declaring the property as nullable. [/sr
c/backend/DataModeler.API.csproj]
#13 37.09 /src/backend/Services/BranchingManagementService.cs(580,23): warning 
CS8618: Non-nullable property 'SourceBranch' must contain a non-null value when
 exiting constructor. Consider adding the 'required' modifier or declaring the 
property as nullable. [/src/backend/DataModeler.API.csproj]
#13 37.09 /src/backend/Services/BranchingManagementService.cs(581,23): warning 
CS8618: Non-nullable property 'TargetBranch' must contain a non-null value when
 exiting constructor. Consider adding the 'required' modifier or declaring the 
property as nullable. [/src/backend/DataModeler.API.csproj]
#13 37.09 /src/backend/Services/BranchingManagementService.cs(583,23): warning 
CS8618: Non-nullable property 'Status' must contain a non-null value when exiti
ng constructor. Consider adding the 'required' modifier or declaring the proper
ty as nullable. [/src/backend/DataModeler.API.csproj]
#13 37.09 /src/backend/Services/BranchingManagementService.cs(585,23): warning 
CS8618: Non-nullable property 'MergedBy' must contain a non-null value when exi
ting constructor. Consider adding the 'required' modifier or declaring the prop
erty as nullable. [/src/backend/DataModeler.API.csproj]
#13 37.09 /src/backend/Services/BranchingManagementService.cs(589,23): warning 
CS8618: Non-nullable property 'CommitMessage' must contain a non-null value whe
n exiting constructor. Consider adding the 'required' modifier or declaring the
 property as nullable. [/src/backend/DataModeler.API.csproj]
#13 37.09 /src/backend/Services/BranchingManagementService.cs(591,23): warning 
CS8618: Non-nullable property 'ErrorMessage' must contain a non-null value when
 exiting constructor. Consider adding the 'required' modifier or declaring the 
property as nullable. [/src/backend/DataModeler.API.csproj]
#13 37.09 /src/backend/Services/BranchingManagementService.cs(562,23): warning 
CS8618: Non-nullable property 'Name' must contain a non-null value when exiting
 constructor. Consider adding the 'required' modifier or declaring the property
 as nullable. [/src/backend/DataModeler.API.csproj]
#13 37.09 /src/backend/Services/BranchingManagementService.cs(563,23): warning 
CS8618: Non-nullable property 'CreatedBy' must contain a non-null value when ex
iting constructor. Consider adding the 'required' modifier or declaring the pro
perty as nullable. [/src/backend/DataModeler.API.csproj]
#13 37.09 /src/backend/Services/BranchingManagementService.cs(568,23): warning 
CS8618: Non-nullable property 'Description' must contain a non-null value when 
exiting constructor. Consider adding the 'required' modifier or declaring the p
roperty as nullable. [/src/backend/DataModeler.API.csproj]
#13 37.09 /src/backend/Services/BranchingManagementService.cs(571,23): warning 
CS8618: Non-nullable property 'LastModifiedBy' must contain a non-null value wh
en exiting constructor. Consider adding the 'required' modifier or declaring th
e property as nullable. [/src/backend/DataModeler.API.csproj]
#13 37.09 /src/backend/Services/BranchingManagementService.cs(573,23): warning 
CS8618: Non-nullable property 'LastAccessedBy' must contain a non-null value wh
en exiting constructor. Consider adding the 'required' modifier or declaring th
e property as nullable. [/src/backend/DataModeler.API.csproj]
#13 37.09 /src/backend/Services/BranchingManagementService.cs(575,23): warning 
CS8618: Non-nullable property 'MergeSourceBranch' must contain a non-null value
 when exiting constructor. Consider adding the 'required' modifier or declaring
 the property as nullable. [/src/backend/DataModeler.API.csproj]
#13 37.09 /src/backend/Services/BranchingManagementService.cs(596,23): warning 
CS8618: Non-nullable property 'ConflictType' must contain a non-null value when
 exiting constructor. Consider adding the 'required' modifier or declaring the 
property as nullable. [/src/backend/DataModeler.API.csproj]
#13 37.09 /src/backend/Services/BranchingManagementService.cs(597,23): warning 
CS8618: Non-nullable property 'Severity' must contain a non-null value when exi
ting constructor. Consider adding the 'required' modifier or declaring the prop
erty as nullable. [/src/backend/DataModeler.API.csproj]
#13 37.09 /src/backend/Services/BranchingManagementService.cs(598,23): warning 
CS8618: Non-nullable property 'Description' must contain a non-null value when 
exiting constructor. Consider adding the 'required' modifier or declaring the p
roperty as nullable. [/src/backend/DataModeler.API.csproj]
#13 37.09 /src/backend/Services/BranchingManagementService.cs(599,23): warning 
CS8618: Non-nullable property 'Resolution' must contain a non-null value when e
xiting constructor. Consider adding the 'required' modifier or declaring the pr
operty as nullable. [/src/backend/DataModeler.API.csproj]
#13 37.09 /src/backend/Services/BranchingManagementService.cs(608,23): warning 
CS8618: Non-nullable property 'MostActiveBranch' must contain a non-null value 
when exiting constructor. Consider adding the 'required' modifier or declaring 
the property as nullable. [/src/backend/DataModeler.API.csproj]
#13 37.09 /src/backend/DTOs/DevOpsDtos.cs(151,23): warning CS8618: Non-nullable
 property 'Title' must contain a non-null value when exiting constructor. Consi
der adding the 'required' modifier or declaring the property as nullable. [/src
/backend/DataModeler.API.csproj]
#13 37.09 /src/backend/DTOs/DevOpsDtos.cs(152,23): warning CS8618: Non-nullable
 property 'Description' must contain a non-null value when exiting constructor.
 Consider adding the 'required' modifier or declaring the property as nullable.
 [/src/backend/DataModeler.API.csproj]
#13 37.09 /src/backend/DTOs/DevOpsDtos.cs(153,23): warning CS8618: Non-nullable
 property 'Status' must contain a non-null value when exiting constructor. Cons
ider adding the 'required' modifier or declaring the property as nullable. [/sr
c/backend/DataModeler.API.csproj]
#13 37.09 /src/backend/DTOs/DevOpsDtos.cs(154,23): warning CS8618: Non-nullable
 property 'CreatedBy' must contain a non-null value when exiting constructor. C
onsider adding the 'required' modifier or declaring the property as nullable. [
/src/backend/DataModeler.API.csproj]
#13 37.09 /src/backend/DTOs/DevOpsDtos.cs(157,23): warning CS8618: Non-nullable
 property 'SourceBranch' must contain a non-null value when exiting constructor
. Consider adding the 'required' modifier or declaring the property as nullable
. [/src/backend/DataModeler.API.csproj]
#13 37.09 /src/backend/DTOs/DevOpsDtos.cs(158,23): warning CS8618: Non-nullable
 property 'TargetBranch' must contain a non-null value when exiting constructor
. Consider adding the 'required' modifier or declaring the property as nullable
. [/src/backend/DataModeler.API.csproj]
#13 37.09 /src/backend/DTOs/DevOpsDtos.cs(161,23): warning CS8618: Non-nullable
 property 'Url' must contain a non-null value when exiting constructor. Conside
r adding the 'required' modifier or declaring the property as nullable. [/src/b
ackend/DataModeler.API.csproj]
#13 37.09 /src/backend/DTOs/DevOpsDtos.cs(71,23): warning CS8618: Non-nullable 
property 'CommitId' must contain a non-null value when exiting constructor. Con
sider adding the 'required' modifier or declaring the property as nullable. [/s
rc/backend/DataModeler.API.csproj]
#13 37.09 /src/backend/DTOs/DevOpsDtos.cs(72,23): warning CS8618: Non-nullable 
property 'Author' must contain a non-null value when exiting constructor. Consi
der adding the 'required' modifier or declaring the property as nullable. [/src
/backend/DataModeler.API.csproj]
#13 37.09 /src/backend/DTOs/DevOpsDtos.cs(73,23): warning CS8618: Non-nullable 
property 'AuthorEmail' must contain a non-null value when exiting constructor. 
Consider adding the 'required' modifier or declaring the property as nullable. 
[/src/backend/DataModeler.API.csproj]
#13 37.09 /src/backend/DTOs/DevOpsDtos.cs(74,23): warning CS8618: Non-nullable 
property 'Comment' must contain a non-null value when exiting constructor. Cons
ider adding the 'required' modifier or declaring the property as nullable. [/sr
c/backend/DataModeler.API.csproj]
#13 37.09 /src/backend/DTOs/DevOpsDtos.cs(76,23): warning CS8618: Non-nullable 
property 'Url' must contain a non-null value when exiting constructor. Consider
 adding the 'required' modifier or declaring the property as nullable. [/src/ba
ckend/DataModeler.API.csproj]
#13 37.09 /src/backend/DTOs/DevOpsDtos.cs(54,23): warning CS8618: Non-nullable 
property 'RepositoryId' must contain a non-null value when exiting constructor.
 Consider adding the 'required' modifier or declaring the property as nullable.
 [/src/backend/DataModeler.API.csproj]
#13 37.09 /src/backend/DTOs/DevOpsDtos.cs(55,23): warning CS8618: Non-nullable 
property 'RepositoryName' must contain a non-null value when exiting constructo
r. Consider adding the 'required' modifier or declaring the property as nullabl
e. [/src/backend/DataModeler.API.csproj]
#13 37.09 /src/backend/DTOs/DevOpsDtos.cs(56,23): warning CS8618: Non-nullable 
property 'BranchName' must contain a non-null value when exiting constructor. C
onsider adding the 'required' modifier or declaring the property as nullable. [
/src/backend/DataModeler.API.csproj]
#13 37.09 /src/backend/DTOs/DevOpsDtos.cs(57,23): warning CS8618: Non-nullable 
property 'FilePath' must contain a non-null value when exiting constructor. Con
sider adding the 'required' modifier or declaring the property as nullable. [/s
rc/backend/DataModeler.API.csproj]
#13 37.09 /src/backend/DTOs/DevOpsDtos.cs(61,23): warning CS8618: Non-nullable 
property 'LastSyncStatus' must contain a non-null value when exiting constructo
r. Consider adding the 'required' modifier or declaring the property as nullabl
e. [/src/backend/DataModeler.API.csproj]
#13 37.09 /src/backend/DTOs/DevOpsDtos.cs(136,23): warning CS8618: Non-nullable
 property 'SourceBranch' must contain a non-null value when exiting constructor
. Consider adding the 'required' modifier or declaring the property as nullable
. [/src/backend/DataModeler.API.csproj]
#13 37.09 /src/backend/DTOs/DevOpsDtos.cs(137,23): warning CS8618: Non-nullable
 property 'TargetBranch' must contain a non-null value when exiting constructor
. Consider adding the 'required' modifier or declaring the property as nullable
. [/src/backend/DataModeler.API.csproj]
#13 37.09 /src/backend/DTOs/DevOpsDtos.cs(138,23): warning CS8618: Non-nullable
 property 'Title' must contain a non-null value when exiting constructor. Consi
der adding the 'required' modifier or declaring the property as nullable. [/src
/backend/DataModeler.API.csproj]
#13 37.09 /src/backend/DTOs/DevOpsDtos.cs(139,23): warning CS8618: Non-nullable
 property 'Description' must contain a non-null value when exiting constructor.
 Consider adding the 'required' modifier or declaring the property as nullable.
 [/src/backend/DataModeler.API.csproj]
#13 37.09 /src/backend/DTOs/DevOpsDtos.cs(122,23): warning CS8618: Non-nullable
 property 'CommitId' must contain a non-null value when exiting constructor. Co
nsider adding the 'required' modifier or declaring the property as nullable. [/
src/backend/DataModeler.API.csproj]
#13 37.09 /src/backend/DTOs/DevOpsDtos.cs(123,23): warning CS8618: Non-nullable
 property 'Branch' must contain a non-null value when exiting constructor. Cons
ider adding the 'required' modifier or declaring the property as nullable. [/sr
c/backend/DataModeler.API.csproj]
#13 37.09 /src/backend/DTOs/DevOpsDtos.cs(125,23): warning CS8618: Non-nullable
 property 'Url' must contain a non-null value when exiting constructor. Conside
r adding the 'required' modifier or declaring the property as nullable. [/src/b
ackend/DataModeler.API.csproj]
#13 37.09 /src/backend/DTOs/DevOpsDtos.cs(84,23): warning CS8618: Non-nullable 
property 'CommitId' must contain a non-null value when exiting constructor. Con
sider adding the 'required' modifier or declaring the property as nullable. [/s
rc/backend/DataModeler.API.csproj]
#13 37.09 /src/backend/DTOs/DevOpsDtos.cs(85,23): warning CS8618: Non-nullable 
property 'Author' must contain a non-null value when exiting constructor. Consi
der adding the 'required' modifier or declaring the property as nullable. [/src
/backend/DataModeler.API.csproj]
#13 37.09 /src/backend/DTOs/DevOpsDtos.cs(86,23): warning CS8618: Non-nullable 
property 'AuthorEmail' must contain a non-null value when exiting constructor. 
Consider adding the 'required' modifier or declaring the property as nullable. 
[/src/backend/DataModeler.API.csproj]
#13 37.09 /src/backend/DTOs/DevOpsDtos.cs(87,23): warning CS8618: Non-nullable 
property 'Comment' must contain a non-null value when exiting constructor. Cons
ider adding the 'required' modifier or declaring the property as nullable. [/sr
c/backend/DataModeler.API.csproj]
#13 37.09 /src/backend/DTOs/DevOpsDtos.cs(91,23): warning CS8618: Non-nullable 
property 'Url' must contain a non-null value when exiting constructor. Consider
 adding the 'required' modifier or declaring the property as nullable. [/src/ba
ckend/DataModeler.API.csproj]
#13 37.09 /src/backend/DTOs/DevOpsDtos.cs(110,23): warning CS8618: Non-nullable
 property 'BranchName' must contain a non-null value when exiting constructor. 
Consider adding the 'required' modifier or declaring the property as nullable. 
[/src/backend/DataModeler.API.csproj]
#13 37.09 /src/backend/DTOs/DevOpsDtos.cs(111,23): warning CS8618: Non-nullable
 property 'FilePath' must contain a non-null value when exiting constructor. Co
nsider adding the 'required' modifier or declaring the property as nullable. [/
src/backend/DataModeler.API.csproj]
#13 37.09 /src/backend/DTOs/DevOpsDtos.cs(112,23): warning CS8618: Non-nullable
 property 'FileContent' must contain a non-null value when exiting constructor.
 Consider adding the 'required' modifier or declaring the property as nullable.
 [/src/backend/DataModeler.API.csproj]
#13 37.09 /src/backend/DTOs/DevOpsDtos.cs(113,23): warning CS8618: Non-nullable
 property 'Comment' must contain a non-null value when exiting constructor. Con
sider adding the 'required' modifier or declaring the property as nullable. [/s
rc/backend/DataModeler.API.csproj]
#13 37.09 /src/backend/DTOs/DevOpsDtos.cs(114,23): warning CS8618: Non-nullable
 property 'OldObjectId' must contain a non-null value when exiting constructor.
 Consider adding the 'required' modifier or declaring the property as nullable.
 [/src/backend/DataModeler.API.csproj]
#13 37.09 /src/backend/Services/ModelVersioningService.cs(570,23): warning CS86
18: Non-nullable property 'VersionId' must contain a non-null value when exitin
g constructor. Consider adding the 'required' modifier or declaring the propert
y as nullable. [/src/backend/DataModeler.API.csproj]
#13 37.09 /src/backend/Services/ModelVersioningService.cs(571,23): warning CS86
18: Non-nullable property 'ModelId' must contain a non-null value when exiting 
constructor. Consider adding the 'required' modifier or declaring the property 
as nullable. [/src/backend/DataModeler.API.csproj]
#13 37.09 /src/backend/Services/ModelVersioningService.cs(572,23): warning CS86
18: Non-nullable property 'DbmlContent' must contain a non-null value when exit
ing constructor. Consider adding the 'required' modifier or declaring the prope
rty as nullable. [/src/backend/DataModeler.API.csproj]
#13 37.09 /src/backend/Services/ModelVersioningService.cs(573,23): warning CS86
18: Non-nullable property 'CreatedBy' must contain a non-null value when exitin
g constructor. Consider adding the 'required' modifier or declaring the propert
y as nullable. [/src/backend/DataModeler.API.csproj]
#13 37.09 /src/backend/Services/ModelVersioningService.cs(575,23): warning CS86
18: Non-nullable property 'CommitMessage' must contain a non-null value when ex
iting constructor. Consider adding the 'required' modifier or declaring the pro
perty as nullable. [/src/backend/DataModeler.API.csproj]
#13 37.09 /src/backend/Services/ModelVersioningService.cs(576,23): warning CS86
18: Non-nullable property 'BranchName' must contain a non-null value when exiti
ng constructor. Consider adding the 'required' modifier or declaring the proper
ty as nullable. [/src/backend/DataModeler.API.csproj]
#13 37.09 /src/backend/Services/ModelVersioningService.cs(580,23): warning CS86
18: Non-nullable property 'Checksum' must contain a non-null value when exiting
 constructor. Consider adding the 'required' modifier or declaring the property
 as nullable. [/src/backend/DataModeler.API.csproj]
#13 37.09 /src/backend/Services/ModelVersioningService.cs(581,43): warning CS86
18: Non-nullable property 'Statistics' must contain a non-null value when exiti
ng constructor. Consider adding the 'required' modifier or declaring the proper
ty as nullable. [/src/backend/DataModeler.API.csproj]
#13 37.09 /src/backend/DTOs/DevOpsDtos.cs(100,23): warning CS8618: Non-nullable
 property 'ObjectId' must contain a non-null value when exiting constructor. Co
nsider adding the 'required' modifier or declaring the property as nullable. [/
src/backend/DataModeler.API.csproj]
#13 37.09 /src/backend/DTOs/DevOpsDtos.cs(101,23): warning CS8618: Non-nullable
 property 'Path' must contain a non-null value when exiting constructor. Consid
er adding the 'required' modifier or declaring the property as nullable. [/src/
backend/DataModeler.API.csproj]
#13 37.09 /src/backend/DTOs/DevOpsDtos.cs(102,23): warning CS8618: Non-nullable
 property 'ChangeType' must contain a non-null value when exiting constructor. 
Consider adding the 'required' modifier or declaring the property as nullable. 
[/src/backend/DataModeler.API.csproj]
#13 37.09 /src/backend/Services/ModelVersioningService.cs(595,23): warning CS86
18: Non-nullable property 'PreviousVersionId' must contain a non-null value whe
n exiting constructor. Consider adding the 'required' modifier or declaring the
 property as nullable. [/src/backend/DataModeler.API.csproj]
#13 37.09 /src/backend/Services/ModelVersioningService.cs(596,23): warning CS86
18: Non-nullable property 'NewVersionId' must contain a non-null value when exi
ting constructor. Consider adding the 'required' modifier or declaring the prop
erty as nullable. [/src/backend/DataModeler.API.csproj]
#13 37.09 /src/backend/Services/ModelVersioningService.cs(598,23): warning CS86
18: Non-nullable property 'Content' must contain a non-null value when exiting 
constructor. Consider adding the 'required' modifier or declaring the property 
as nullable. [/src/backend/DataModeler.API.csproj]
#13 37.09 /src/backend/Services/ModelVersioningService.cs(599,23): warning CS86
18: Non-nullable property 'Message' must contain a non-null value when exiting 
constructor. Consider adding the 'required' modifier or declaring the property 
as nullable. [/src/backend/DataModeler.API.csproj]
#13 37.09 /src/backend/Services/ModelVersioningService.cs(621,23): warning CS86
18: Non-nullable property 'ChangeId' must contain a non-null value when exiting
 constructor. Consider adding the 'required' modifier or declaring the property
 as nullable. [/src/backend/DataModeler.API.csproj]
#13 37.09 /src/backend/Services/ModelVersioningService.cs(622,23): warning CS86
18: Non-nullable property 'ChangeType' must contain a non-null value when exiti
ng constructor. Consider adding the 'required' modifier or declaring the proper
ty as nullable. [/src/backend/DataModeler.API.csproj]
#13 37.09 /src/backend/Services/ModelVersioningService.cs(623,23): warning CS86
18: Non-nullable property 'Description' must contain a non-null value when exit
ing constructor. Consider adding the 'required' modifier or declaring the prope
rty as nullable. [/src/backend/DataModeler.API.csproj]
#13 37.09 /src/backend/Services/ModelVersioningService.cs(627,23): warning CS86
18: Non-nullable property 'Severity' must contain a non-null value when exiting
 constructor. Consider adding the 'required' modifier or declaring the property
 as nullable. [/src/backend/DataModeler.API.csproj]
#13 37.09 /src/backend/Services/ModelVersioningService.cs(604,23): warning CS86
18: Non-nullable property 'ModelId' must contain a non-null value when exiting 
constructor. Consider adding the 'required' modifier or declaring the property 
as nullable. [/src/backend/DataModeler.API.csproj]
#13 37.09 /src/backend/Services/ModelVersioningService.cs(605,23): warning CS86
18: Non-nullable property 'Version1Id' must contain a non-null value when exiti
ng constructor. Consider adding the 'required' modifier or declaring the proper
ty as nullable. [/src/backend/DataModeler.API.csproj]
#13 37.09 /src/backend/Services/ModelVersioningService.cs(606,23): warning CS86
18: Non-nullable property 'Version2Id' must contain a non-null value when exiti
ng constructor. Consider adding the 'required' modifier or declaring the proper
ty as nullable. [/src/backend/DataModeler.API.csproj]
#13 37.09 /src/backend/Services/ModelVersioningService.cs(648,23): warning CS86
18: Non-nullable property 'TagId' must contain a non-null value when exiting co
nstructor. Consider adding the 'required' modifier or declaring the property as
 nullable. [/src/backend/DataModeler.API.csproj]
#13 37.09 /src/backend/Services/ModelVersioningService.cs(649,23): warning CS86
18: Non-nullable property 'ModelId' must contain a non-null value when exiting 
constructor. Consider adding the 'required' modifier or declaring the property 
as nullable. [/src/backend/DataModeler.API.csproj]
#13 37.09 /src/backend/Services/ModelVersioningService.cs(650,23): warning CS86
18: Non-nullable property 'VersionId' must contain a non-null value when exitin
g constructor. Consider adding the 'required' modifier or declaring the propert
y as nullable. [/src/backend/DataModeler.API.csproj]
#13 37.09 /src/backend/Services/ModelVersioningService.cs(651,23): warning CS86
18: Non-nullable property 'TagName' must contain a non-null value when exiting 
constructor. Consider adding the 'required' modifier or declaring the property 
as nullable. [/src/backend/DataModeler.API.csproj]
#13 37.09 /src/backend/Services/ModelVersioningService.cs(652,23): warning CS86
18: Non-nullable property 'Description' must contain a non-null value when exit
ing constructor. Consider adding the 'required' modifier or declaring the prope
rty as nullable. [/src/backend/DataModeler.API.csproj]
#13 37.09 /src/backend/Services/ModelVersioningService.cs(632,23): warning CS86
18: Non-nullable property 'VersionId' must contain a non-null value when exitin
g constructor. Consider adding the 'required' modifier or declaring the propert
y as nullable. [/src/backend/DataModeler.API.csproj]
#13 37.09 /src/backend/Services/ModelVersioningService.cs(633,23): warning CS86
18: Non-nullable property 'ModelId' must contain a non-null value when exiting 
constructor. Consider adding the 'required' modifier or declaring the property 
as nullable. [/src/backend/DataModeler.API.csproj]
#13 37.09 /src/backend/Services/ModelVersioningService.cs(635,23): warning CS86
18: Non-nullable property 'CreatedBy' must contain a non-null value when exitin
g constructor. Consider adding the 'required' modifier or declaring the propert
y as nullable. [/src/backend/DataModeler.API.csproj]
#13 37.09 /src/backend/Services/ModelVersioningService.cs(636,23): warning CS86
18: Non-nullable property 'CommitMessage' must contain a non-null value when ex
iting constructor. Consider adding the 'required' modifier or declaring the pro
perty as nullable. [/src/backend/DataModeler.API.csproj]
#13 37.09 /src/backend/Services/ModelVersioningService.cs(637,23): warning CS86
18: Non-nullable property 'BranchName' must contain a non-null value when exiti
ng constructor. Consider adding the 'required' modifier or declaring the proper
ty as nullable. [/src/backend/DataModeler.API.csproj]
#13 37.09 /src/backend/Services/ModelVersioningService.cs(639,23): warning CS86
18: Non-nullable property 'Checksum' must contain a non-null value when exiting
 constructor. Consider adding the 'required' modifier or declaring the property
 as nullable. [/src/backend/DataModeler.API.csproj]
#13 37.09 /src/backend/Services/ModelVersioningService.cs(642,43): warning CS86
18: Non-nullable property 'Statistics' must contain a non-null value when exiti
ng constructor. Consider adding the 'required' modifier or declaring the proper
ty as nullable. [/src/backend/DataModeler.API.csproj]
#13 37.09 /src/backend/Services/ModelVersioningService.cs(670,23): warning CS86
18: Non-nullable property 'BranchName' must contain a non-null value when exiti
ng constructor. Consider adding the 'required' modifier or declaring the proper
ty as nullable. [/src/backend/DataModeler.API.csproj]
#13 37.09 /src/backend/Services/ModelVersioningService.cs(678,23): warning CS86
18: Non-nullable property 'UserId' must contain a non-null value when exiting c
onstructor. Consider adding the 'required' modifier or declaring the property a
s nullable. [/src/backend/DataModeler.API.csproj]
#13 37.09 /src/backend/Services/ModelVersioningService.cs(658,23): warning CS86
18: Non-nullable property 'ModelId' must contain a non-null value when exiting 
constructor. Consider adding the 'required' modifier or declaring the property 
as nullable. [/src/backend/DataModeler.API.csproj]
#13 37.09 /src/backend/Services/RelationshipPathTraversalService.cs(597,23): wa
rning CS8618: Non-nullable property 'TableName' must contain a non-null value w
hen exiting constructor. Consider adding the 'required' modifier or declaring t
he property as nullable. [/src/backend/DataModeler.API.csproj]
#13 37.09 /src/backend/Services/RelationshipPathTraversalService.cs(611,23): wa
rning CS8618: Non-nullable property 'ConnectedTableName' must contain a non-nul
l value when exiting constructor. Consider adding the 'required' modifier or de
claring the property as nullable. [/src/backend/DataModeler.API.csproj]
#13 37.09 /src/backend/Services/RelationshipPathTraversalService.cs(612,23): wa
rning CS8618: Non-nullable property 'ConnectionType' must contain a non-null va
lue when exiting constructor. Consider adding the 'required' modifier or declar
ing the property as nullable. [/src/backend/DataModeler.API.csproj]
#13 37.09 /src/backend/Services/RelationshipPathTraversalService.cs(613,23): wa
rning CS8618: Non-nullable property 'Cardinality' must contain a non-null value
 when exiting constructor. Consider adding the 'required' modifier or declaring
 the property as nullable. [/src/backend/DataModeler.API.csproj]
#13 37.09 /src/backend/Services/RelationshipPathTraversalService.cs(614,23): wa
rning CS8618: Non-nullable property 'FromColumn' must contain a non-null value 
when exiting constructor. Consider adding the 'required' modifier or declaring 
the property as nullable. [/src/backend/DataModeler.API.csproj]
#13 37.09 /src/backend/Services/RelationshipPathTraversalService.cs(615,23): wa
rning CS8618: Non-nullable property 'ToColumn' must contain a non-null value wh
en exiting constructor. Consider adding the 'required' modifier or declaring th
e property as nullable. [/src/backend/DataModeler.API.csproj]
#13 37.09 /src/backend/Services/RelationshipPathTraversalService.cs(603,23): wa
rning CS8618: Non-nullable property 'TableName' must contain a non-null value w
hen exiting constructor. Consider adding the 'required' modifier or declaring t
he property as nullable. [/src/backend/DataModeler.API.csproj]
#13 37.09 /src/backend/Services/RelationshipPathTraversalService.cs(631,23): wa
rning CS8618: Non-nullable property 'Severity' must contain a non-null value wh
en exiting constructor. Consider adding the 'required' modifier or declaring th
e property as nullable. [/src/backend/DataModeler.API.csproj]
#13 37.09 /src/backend/Services/RelationshipPathTraversalService.cs(645,23): wa
rning CS8618: Non-nullable property 'MostConnectedTable' must contain a non-nul
l value when exiting constructor. Consider adding the 'required' modifier or de
claring the property as nullable. [/src/backend/DataModeler.API.csproj]
#13 37.09 /src/backend/Services/SqlSchemaComparatorService.cs(610,23): warning 
CS8618: Non-nullable property 'StageName' must contain a non-null value when ex
iting constructor. Consider adding the 'required' modifier or declaring the pro
perty as nullable. [/src/backend/DataModeler.API.csproj]
#13 37.09 /src/backend/Services/SqlSchemaComparatorService.cs(611,23): warning 
CS8618: Non-nullable property 'Description' must contain a non-null value when 
exiting constructor. Consider adding the 'required' modifier or declaring the p
roperty as nullable. [/src/backend/DataModeler.API.csproj]
#13 37.09 /src/backend/Services/RelationshipPathTraversalService.cs(584,23): wa
rning CS8618: Non-nullable property 'SourceTable' must contain a non-null value
 when exiting constructor. Consider adding the 'required' modifier or declaring
 the property as nullable. [/src/backend/DataModeler.API.csproj]
#13 37.09 /src/backend/Services/RelationshipPathTraversalService.cs(585,23): wa
rning CS8618: Non-nullable property 'TargetTable' must contain a non-null value
 when exiting constructor. Consider adding the 'required' modifier or declaring
 the property as nullable. [/src/backend/DataModeler.API.csproj]
#13 37.09 /src/backend/Services/SqlSchemaComparatorService.cs(640,23): warning 
CS8618: Non-nullable property 'Message' must contain a non-null value when exit
ing constructor. Consider adding the 'required' modifier or declaring the prope
rty as nullable. [/src/backend/DataModeler.API.csproj]
#13 37.09 /src/backend/Services/SqlSchemaComparatorService.cs(651,23): warning 
CS8618: Non-nullable property 'Message' must contain a non-null value when exit
ing constructor. Consider adding the 'required' modifier or declaring the prope
rty as nullable. [/src/backend/DataModeler.API.csproj]
#13 37.09 /src/backend/Services/StatementOrderingService.cs(401,36): warning CS
8618: Non-nullable property 'OriginalPlan' must contain a non-null value when e
xiting constructor. Consider adding the 'required' modifier or declaring the pr
operty as nullable. [/src/backend/DataModeler.API.csproj]
#13 37.09 /src/backend/Services/StatementOrderingService.cs(437,23): warning CS
8618: Non-nullable property 'Description' must contain a non-null value when ex
iting constructor. Consider adding the 'required' modifier or declaring the pro
perty as nullable. [/src/backend/DataModeler.API.csproj]
#13 37.09 /src/backend/Services/StatementOrderingService.cs(438,23): warning CS
8618: Non-nullable property 'RequiredAction' must contain a non-null value when
 exiting constructor. Consider adding the 'required' modifier or declaring the 
property as nullable. [/src/backend/DataModeler.API.csproj]
#13 37.09 /src/backend/Services/SqlSchemaComparatorService.cs(595,23): warning 
CS8618: Non-nullable property 'DatabaseDialect' must contain a non-null value w
hen exiting constructor. Consider adding the 'required' modifier or declaring t
he property as nullable. [/src/backend/DataModeler.API.csproj]
#13 37.09 /src/backend/Services/SqlSchemaComparatorService.cs(602,23): warning 
CS8618: Non-nullable property 'Summary' must contain a non-null value when exit
ing constructor. Consider adding the 'required' modifier or declaring the prope
rty as nullable. [/src/backend/DataModeler.API.csproj]
#13 37.09 /src/backend/Services/StatementOrderingService.cs(459,23): warning CS
8618: Non-nullable property 'Resolution' must contain a non-null value when exi
ting constructor. Consider adding the 'required' modifier or declaring the prop
erty as nullable. [/src/backend/DataModeler.API.csproj]
#13 37.09 /src/backend/Services/StatementOrderingService.cs(425,38): warning CS
8618: Non-nullable property 'Operation' must contain a non-null value when exit
ing constructor. Consider adding the 'required' modifier or declaring the prope
rty as nullable. [/src/backend/DataModeler.API.csproj]
#13 37.09 /src/backend/Services/VersionComparisonService.cs(625,23): warning CS
8618: Non-nullable property 'OriginalContent' must contain a non-null value whe
n exiting constructor. Consider adding the 'required' modifier or declaring the
 property as nullable. [/src/backend/DataModeler.API.csproj]
#13 37.09 /src/backend/Services/VersionComparisonService.cs(626,23): warning CS
8618: Non-nullable property 'ModifiedContent' must contain a non-null value whe
n exiting constructor. Consider adding the 'required' modifier or declaring the
 property as nullable. [/src/backend/DataModeler.API.csproj]
#13 37.09 /src/backend/Services/VersionComparisonService.cs(636,23): warning CS
8618: Non-nullable property 'Type' must contain a non-null value when exiting c
onstructor. Consider adding the 'required' modifier or declaring the property a
s nullable. [/src/backend/DataModeler.API.csproj]
#13 37.09 /src/backend/Services/VersionComparisonService.cs(638,23): warning CS
8618: Non-nullable property 'Content' must contain a non-null value when exitin
g constructor. Consider adding the 'required' modifier or declaring the propert
y as nullable. [/src/backend/DataModeler.API.csproj]
#13 37.09 /src/backend/Services/VersionComparisonService.cs(655,23): warning CS
8618: Non-nullable property 'ChangeType' must contain a non-null value when exi
ting constructor. Consider adding the 'required' modifier or declaring the prop
erty as nullable. [/src/backend/DataModeler.API.csproj]
#13 37.09 /src/backend/Services/VersionComparisonService.cs(656,23): warning CS
8618: Non-nullable property 'EntityName' must contain a non-null value when exi
ting constructor. Consider adding the 'required' modifier or declaring the prop
erty as nullable. [/src/backend/DataModeler.API.csproj]
#13 37.09 /src/backend/Services/VersionComparisonService.cs(657,23): warning CS
8618: Non-nullable property 'Severity' must contain a non-null value when exiti
ng constructor. Consider adding the 'required' modifier or declaring the proper
ty as nullable. [/src/backend/DataModeler.API.csproj]
#13 37.09 /src/backend/Services/VersionComparisonService.cs(658,23): warning CS
8618: Non-nullable property 'Details' must contain a non-null value when exitin
g constructor. Consider adding the 'required' modifier or declaring the propert
y as nullable. [/src/backend/DataModeler.API.csproj]
#13 37.09 /src/backend/Services/ModelVersioningService.cs(129,50): warning CS19
98: This async method lacks 'await' operators and will run synchronously. Consi
der using the 'await' operator to await non-blocking API calls, or 'await Task.
Run(...)' to do CPU-bound work on a background thread. [/src/backend/DataModele
r.API.csproj]
#13 37.09 /src/backend/Services/ModelVersioningService.cs(169,45): warning CS19
98: This async method lacks 'await' operators and will run synchronously. Consi
der using the 'await' operator to await non-blocking API calls, or 'await Task.
Run(...)' to do CPU-bound work on a background thread. [/src/backend/DataModele
r.API.csproj]
#13 37.09 /src/backend/Services/VersionComparisonService.cs(673,34): warning CS
8618: Non-nullable property 'StructuralChanges' must contain a non-null value w
hen exiting constructor. Consider adding the 'required' modifier or declaring t
he property as nullable. [/src/backend/DataModeler.API.csproj]
#13 37.09 /src/backend/Services/VersionComparisonService.cs(674,32): warning CS
8618: Non-nullable property 'DetailedDiff' must contain a non-null value when e
xiting constructor. Consider adding the 'required' modifier or declaring the pr
operty as nullable. [/src/backend/DataModeler.API.csproj]
#13 37.09 /src/backend/Services/VersionComparisonService.cs(675,35): warning CS
8618: Non-nullable property 'Similarity' must contain a non-null value when exi
ting constructor. Consider adding the 'required' modifier or declaring the prop
erty as nullable. [/src/backend/DataModeler.API.csproj]
#13 37.09 /src/backend/Services/VersionComparisonService.cs(676,23): warning CS
8618: Non-nullable property 'SummaryText' must contain a non-null value when ex
iting constructor. Consider adding the 'required' modifier or declaring the pro
perty as nullable. [/src/backend/DataModeler.API.csproj]
#13 37.09 /src/backend/Services/ModelVersioningService.cs(192,45): warning CS19
98: This async method lacks 'await' operators and will run synchronously. Consi
der using the 'await' operator to await non-blocking API calls, or 'await Task.
Run(...)' to do CPU-bound work on a background thread. [/src/backend/DataModele
r.API.csproj]
#13 37.09 /src/backend/Services/ModelVersioningService.cs(408,48): warning CS19
98: This async method lacks 'await' operators and will run synchronously. Consi
der using the 'await' operator to await non-blocking API calls, or 'await Task.
Run(...)' to do CPU-bound work on a background thread. [/src/backend/DataModele
r.API.csproj]
#13 37.09 /src/backend/Services/BranchingManagementService.cs(271,33): warning 
CS1998: This async method lacks 'await' operators and will run synchronously. C
onsider using the 'await' operator to await non-blocking API calls, or 'await T
ask.Run(...)' to do CPU-bound work on a background thread. [/src/backend/DataMo
deler.API.csproj]
#13 37.09 /src/backend/Services/BranchingManagementService.cs(306,38): warning 
CS1998: This async method lacks 'await' operators and will run synchronously. C
onsider using the 'await' operator to await non-blocking API calls, or 'await T
ask.Run(...)' to do CPU-bound work on a background thread. [/src/backend/DataMo
deler.API.csproj]
#13 37.09 /src/backend/Services/BranchingManagementService.cs(332,38): warning 
CS1998: This async method lacks 'await' operators and will run synchronously. C
onsider using the 'await' operator to await non-blocking API calls, or 'await T
ask.Run(...)' to do CPU-bound work on a background thread. [/src/backend/DataMo
deler.API.csproj]
#13 37.09 /src/backend/Services/BranchingManagementService.cs(428,40): warning 
CS8601: Possible null reference assignment. [/src/backend/DataModeler.API.cspro
j]
#13 37.09 /src/backend/Services/ModelVersioningService.cs(557,37): warning CS19
98: This async method lacks 'await' operators and will run synchronously. Consi
der using the 'await' operator to await non-blocking API calls, or 'await Task.
Run(...)' to do CPU-bound work on a background thread. [/src/backend/DataModele
r.API.csproj]
#13 37.09 /src/backend/Services/BranchingManagementService.cs(509,20): warning 
CS8603: Possible null reference return. [/src/backend/DataModeler.API.csproj]
#13 37.09 /src/backend/Services/BranchingManagementService.cs(537,27): warning 
CS8618: Non-nullable property 'Name' must contain a non-null value when exiting
 constructor. Consider adding the 'required' modifier or declaring the property
 as nullable. [/src/backend/DataModeler.API.csproj]
#13 37.09 /src/backend/Services/BranchingManagementService.cs(538,27): warning 
CS8618: Non-nullable property 'CreatedBy' must contain a non-null value when ex
iting constructor. Consider adding the 'required' modifier or declaring the pro
perty as nullable. [/src/backend/DataModeler.API.csproj]
#13 37.09 /src/backend/Services/BranchingManagementService.cs(544,27): warning 
CS8618: Non-nullable property 'Description' must contain a non-null value when 
exiting constructor. Consider adding the 'required' modifier or declaring the p
roperty as nullable. [/src/backend/DataModeler.API.csproj]
#13 37.09 /src/backend/Services/BranchingManagementService.cs(545,31): warning 
CS8618: Non-nullable property 'VersionIds' must contain a non-null value when e
xiting constructor. Consider adding the 'required' modifier or declaring the pr
operty as nullable. [/src/backend/DataModeler.API.csproj]
#13 37.09 /src/backend/Services/BranchingManagementService.cs(547,27): warning 
CS8618: Non-nullable property 'LastModifiedBy' must contain a non-null value wh
en exiting constructor. Consider adding the 'required' modifier or declaring th
e property as nullable. [/src/backend/DataModeler.API.csproj]
#13 37.09 /src/backend/Services/BranchingManagementService.cs(549,27): warning 
CS8618: Non-nullable property 'LastAccessedBy' must contain a non-null value wh
en exiting constructor. Consider adding the 'required' modifier or declaring th
e property as nullable. [/src/backend/DataModeler.API.csproj]
#13 37.09 /src/backend/Services/BranchingManagementService.cs(551,27): warning 
CS8618: Non-nullable property 'MergeSourceBranch' must contain a non-null value
 when exiting constructor. Consider adding the 'required' modifier or declaring
 the property as nullable. [/src/backend/DataModeler.API.csproj]
#13 37.09 /src/backend/Services/VersionComparisonService.cs(612,27): warning CS
8618: Non-nullable property 'FromTable' must contain a non-null value when exit
ing constructor. Consider adding the 'required' modifier or declaring the prope
rty as nullable. [/src/backend/DataModeler.API.csproj]
#13 37.09 /src/backend/Services/VersionComparisonService.cs(613,27): warning CS
8618: Non-nullable property 'FromColumn' must contain a non-null value when exi
ting constructor. Consider adding the 'required' modifier or declaring the prop
erty as nullable. [/src/backend/DataModeler.API.csproj]
#13 37.09 /src/backend/Services/VersionComparisonService.cs(614,27): warning CS
8618: Non-nullable property 'ToTable' must contain a non-null value when exitin
g constructor. Consider adding the 'required' modifier or declaring the propert
y as nullable. [/src/backend/DataModeler.API.csproj]
#13 37.09 /src/backend/Services/VersionComparisonService.cs(615,27): warning CS
8618: Non-nullable property 'ToColumn' must contain a non-null value when exiti
ng constructor. Consider adding the 'required' modifier or declaring the proper
ty as nullable. [/src/backend/DataModeler.API.csproj]
#13 37.09 /src/backend/Program.cs(59,28): error CS0246: The type or namespace n
ame 'IAuthenticationService' could not be found (are you missing a using direct
ive or an assembly reference?) [/src/backend/DataModeler.API.csproj]
#13 37.09 /src/backend/Program.cs(59,52): error CS0246: The type or namespace n
ame 'AuthenticationService' could not be found (are you missing a using directi
ve or an assembly reference?) [/src/backend/DataModeler.API.csproj]
#13 37.09     272 Warning(s)
#13 37.09     2 Error(s)
#13 37.09 
#13 37.09 Time Elapsed 00:00:02.26
#13 ERROR: process "/bin/sh -c dotnet restore \"backend/DataModeler.API.csproj\
"     -r linux-musl-x64     && dotnet build \"backend/DataModeler.API.csproj\" 
-c Release -o /app/build     --no-restore -r linux-musl-x64" did not complete s
uccessfully: exit code: 1
------
 > [builder 5/6] RUN dotnet restore "backend/DataModeler.API.csproj"     -r lin
ux-musl-x64     && dotnet build "backend/DataModeler.API.csproj" -c Release -o 
/app/build     --no-restore -r linux-musl-x64:
37.09 /src/backend/Services/VersionComparisonService.cs(612,27): warning CS8618
: Non-nullable property 'FromTable' must contain a non-null value when exiting 
constructor. Consider adding the 'required' modifier or declaring the property 
as nullable. [/src/backend/DataModeler.API.csproj]
37.09 /src/backend/Services/VersionComparisonService.cs(613,27): warning CS8618
: Non-nullable property 'FromColumn' must contain a non-null value when exiting
 constructor. Consider adding the 'required' modifier or declaring the property
 as nullable. [/src/backend/DataModeler.API.csproj]
37.09 /src/backend/Services/VersionComparisonService.cs(614,27): warning CS8618
: Non-nullable property 'ToTable' must contain a non-null value when exiting co
nstructor. Consider adding the 'required' modifier or declaring the property as
 nullable. [/src/backend/DataModeler.API.csproj]
37.09 /src/backend/Services/VersionComparisonService.cs(615,27): warning CS8618
: Non-nullable property 'ToColumn' must contain a non-null value when exiting c
onstructor. Consider adding the 'required' modifier or declaring the property a
s nullable. [/src/backend/DataModeler.API.csproj]
37.09 /src/backend/Program.cs(59,28): error CS0246: The type or namespace name 
'IAuthenticationService' could not be found (are you missing a using directive 
or an assembly reference?) [/src/backend/DataModeler.API.csproj]
37.09 /src/backend/Program.cs(59,52): error CS0246: The type or namespace name 
'AuthenticationService' could not be found (are you missing a using directive o
r an assembly reference?) [/src/backend/DataModeler.API.csproj]
37.09     272 Warning(s)
37.09     2 Error(s)
37.09 
37.09 Time Elapsed 00:00:02.26
------

 [33m3 warnings found (use docker --debug to expand):
[0m - UndefinedVar: Usage of undefined variable '$BUILD_DATE' (line 74)
 - UndefinedVar: Usage of undefined variable '$VCS_REF' (line 74)
 - UndefinedVar: Usage of undefined variable '$VERSION' (line 74)
Dockerfile:16
--------------------
  15 |     # Restore dependencies with optimizations for Alpine/musl
  16 | >>> RUN dotnet restore "backend/DataModeler.API.csproj" \
  17 | >>>     -r linux-musl-x64 \
  18 | >>>     && dotnet build "backend/DataModeler.API.csproj" -c Release -o /
app/build \
  19 | >>>     --no-restore -r linux-musl-x64
  20 |     
--------------------
ERROR: failed to build: failed to solve: process "/bin/sh -c dotnet restore \"b
ackend/DataModeler.API.csproj\"     -r linux-musl-x64     && dotnet build \"bac
kend/DataModeler.API.csproj\" -c Release -o /app/build     --no-restore -r linu
x-musl-x64" did not complete successfully: exit code: 1

View build details: docker-desktop://dashboard/build/desktop-linux/desktop-linu
x/u3nk3wpo4rqusafvhwi1yei5b
