docker-compose : time="2026-03-31T22:30:04+03:00" level=warning msg="C:\\Users\
\celik\\DataModeler.v1\\docker-compose.yml: the attribute `version` is obsolete
, it will be ignored, please remove it to avoid potential confusion"
At line:1 char:1
+ docker-compose build --no-cache > build_output.txt 2>&1; $lastExitCod ...
+ ~~~~~~~~~~~~~~~~~~~~~~~~~~~~~~~~~~~~~~~~~~~~~~~~~~~~~~~
    + CategoryInfo          : NotSpecified: (time="2026-03-3...tial confusion" 
   :String) [], RemoteException
    + FullyQualifiedErrorId : NativeCommandError
 
 Image datamodelerv1-backend Building 
 Image datamodelerv1-frontend Building 
#1 [internal] load local bake definitions
#1 reading from stdin 1.39kB 0.0s done
#1 DONE 0.0s

#2 [backend internal] load build definition from Dockerfile
#2 transferring dockerfile: 2.23kB done
#2 DONE 0.0s

#3 [frontend internal] load build definition from Dockerfile
#3 transferring dockerfile: 2.00kB done
#3 DONE 0.0s

#4 [backend internal] load metadata for mcr.microsoft.com/dotnet/aspnet:8.0-alpine
#4 DONE 0.1s

#5 [frontend internal] load metadata for docker.io/library/node:18-alpine
#5 ...

#6 [backend runtime 1/6] FROM mcr.microsoft.com/dotnet/aspnet:8.0-alpine@sha256:354c2fcfb3c23abc60d98f0380cdb403fba844a62a123b6343a8c9611209995c
#6 resolve mcr.microsoft.com/dotnet/aspnet:8.0-alpine@sha256:354c2fcfb3c23abc60d98f0380cdb403fba844a62a123b6343a8c9611209995c 0.0s done
#6 CACHED

#7 [backend builder 1/6] FROM mcr.microsoft.com/dotnet/sdk:8.0-alpine@sha256:608d8a4b570b88bd8b1fbb792f00cee88d557eee3a56ebf06b359fdea05a50ed
#7 resolve mcr.microsoft.com/dotnet/sdk:8.0-alpine@sha256:608d8a4b570b88bd8b1fbb792f00cee88d557eee3a56ebf06b359fdea05a50ed 0.0s done
#7 DONE 0.0s

#8 [backend builder 2/6] WORKDIR /src
#8 CACHED

#9 [backend builder 3/6] COPY [backend/DataModeler.API.csproj, backend/]
#9 DONE 0.0s

#10 [backend runtime 2/6] RUN apk add --no-cache     curl     ca-certificates     tini
#10 1.392 ( 1/12) Installing ca-certificates (20251003-r0)
#10 1.493 ( 2/12) Installing brotli-libs (1.2.0-r0)
#10 1.619 ( 3/12) Installing c-ares (1.34.6-r0)
#10 1.692 ( 4/12) Installing libunistring (1.4.1-r0)
#10 1.884 ( 5/12) Installing libidn2 (2.3.8-r0)
#10 1.960 ( 6/12) Installing nghttp2-libs (1.68.0-r0)
#10 2.023 ( 7/12) Installing nghttp3 (1.13.1-r0)
#10 2.087 ( 8/12) Installing libpsl (0.21.5-r3)
#10 2.149 ( 9/12) Installing zstd-libs (1.5.7-r2)
#10 2.262 (10/12) Installing libcurl (8.17.0-r1)
#10 2.370 (11/12) Installing curl (8.17.0-r1)
#10 2.498 (12/12) Installing tini (0.19.0-r3)
#10 2.580 Executing busybox-1.37.0-r30.trigger
#10 2.587 Executing ca-certificates-20251003-r0.trigger
#10 2.658 OK: 16.3 MiB in 30 packages
#10 DONE 2.7s

#11 [backend runtime 3/6] RUN addgroup -S appgroup && adduser -S appuser -G appgroup
#11 DONE 0.7s

#12 [backend runtime 4/6] WORKDIR /app
#12 DONE 0.1s

#13 [backend internal] load metadata for mcr.microsoft.com/dotnet/sdk:8.0-alpine
#13 DONE 0.1s

#14 [backend internal] load .dockerignore
#14 transferring context: 2B done
#14 DONE 0.0s

#15 [backend internal] load build context
#15 transferring context: 32.63kB done
#15 DONE 0.0s

#16 [backend builder 3/6] COPY [backend/DataModeler.API.csproj, backend/]
#16 CACHED

#5 [frontend internal] load metadata for docker.io/library/node:18-alpine
#5 DONE 0.3s

#17 [backend builder 4/6] COPY [backend/, backend/]
#17 DONE 0.2s

#18 [frontend builder 2/6] WORKDIR /app
#18 CACHED

#19 [frontend builder 1/6] FROM docker.io/library/node:18-alpine@sha256:8d6421d663b4c28fd3ebc498332f249011d118945588d0a35cb9bc4b8ca09d9e
#19 resolve docker.io/library/node:18-alpine@sha256:8d6421d663b4c28fd3ebc498332f249011d118945588d0a35cb9bc4b8ca09d9e 0.0s done
#19 CACHED

#20 [frontend builder 3/6] COPY [frontend/package.json, ./]
#20 DONE 0.0s

#21 [frontend runtime 2/8] RUN apk add --no-cache dumb-init curl
#21 0.277 fetch https://dl-cdn.alpinelinux.org/alpine/v3.21/main/x86_64/APKINDEX.tar.gz
#21 0.717 fetch https://dl-cdn.alpinelinux.org/alpine/v3.21/community/x86_64/APKINDEX.tar.gz
#21 1.305 (1/10) Installing brotli-libs (1.1.0-r2)
#21 1.431 (2/10) Installing c-ares (1.34.6-r0)
#21 1.506 (3/10) Installing libunistring (1.2-r0)
#21 1.670 (4/10) Installing libidn2 (2.3.7-r0)
#21 1.752 (5/10) Installing nghttp2-libs (1.64.0-r0)
#21 1.820 (6/10) Installing libpsl (0.21.5-r3)
#21 1.886 (7/10) Installing zstd-libs (1.5.6-r2)
#21 2.002 (8/10) Installing libcurl (8.14.1-r2)
#21 2.128 (9/10) Installing curl (8.14.1-r2)
#21 2.267 (10/10) Installing dumb-init (1.2.5-r3)
#21 2.356 Executing busybox-1.37.0-r12.trigger
#21 2.365 OK: 15 MiB in 27 packages
#21 DONE 2.5s

#22 [frontend runtime 3/8] RUN addgroup -S appgroup && adduser -S appuser -G appgroup
#22 DONE 0.7s

#23 [frontend runtime 4/8] WORKDIR /app
#23 DONE 0.1s

#14 [frontend internal] load .dockerignore
#14 transferring context: 2B done
#14 DONE 0.0s

#24 [frontend internal] load build context
#24 transferring context: 3.52kB done
#24 DONE 0.0s

#25 [frontend builder 4/6] RUN npm install && npm cache clean --force
#25 ...

#26 [backend builder 5/6] RUN dotnet restore "backend/DataModeler.API.csproj"     && dotnet build "backend/DataModeler.API.csproj" -c Release -o /app/build     --no-restore
#26 0.790   Determining projects to restore...
#26 24.74 /src/backend/DataModeler.API.csproj : warning NU1903: Package 'AutoMapper' 13.0.1 has a known high severity vulnerability, https://github.com/advisories/GHSA-rvv3-g6hj-g44x
#26 24.82   Restored /src/backend/DataModeler.API.csproj (in 23.83 sec).
#26 25.47 /src/backend/DataModeler.API.csproj : warning NU1903: Package 'AutoMapper' 13.0.1 has a known high severity vulnerability, https://github.com/advisories/GHSA-rvv3-g6hj-g44x
#26 ...

#25 [frontend builder 4/6] RUN npm install && npm cache clean --force
#25 54.17 npm warn EBADENGINE Unsupported engine {
#25 54.17 npm warn EBADENGINE   package: 'eslint-visitor-keys@5.0.1',
#25 54.17 npm warn EBADENGINE   required: { node: '^20.19.0 || ^22.13.0 || >=24' },
#25 54.17 npm warn EBADENGINE   current: { node: 'v18.20.8', npm: '10.8.2' }
#25 54.17 npm warn EBADENGINE }
#25 ...

#26 [backend builder 5/6] RUN dotnet restore "backend/DataModeler.API.csproj"     && dotnet build "backend/DataModeler.API.csproj" -c Release -o /app/build     --no-restore
#26 27.49 /src/backend/Services/BranchingManagementService.cs(20,34): warning CS8625: Cannot convert null literal to non-nullable reference type. [/src/backend/DataModeler.API.csproj]
#26 27.49 /src/backend/Services/BranchingManagementService.cs(85,34): warning CS8625: Cannot convert null literal to non-nullable reference type. [/src/backend/DataModeler.API.csproj]
#26 27.49 /src/backend/Services/SystemMetricsService.cs(504,62): warning CS8425: Async-iterator 'SystemMetricsService.StreamMetricsAsync(CancellationToken)' has one or more parameters of type 'CancellationToken' but none of them is decorated with the 'EnumeratorCancellation' attribute, so the cancellation token parameter from the generated 'IAsyncEnumerable<>.GetAsyncEnumerator' will be unconsumed [/src/backend/DataModeler.API.csproj]
#26 27.49 /src/backend/DTOs/DevOpsDtos.cs(14,23): warning CS8618: Non-nullable property 'Message' must contain a non-null value when exiting constructor. Consider adding the 'required' modifier or declaring the property as nullable. [/src/backend/DataModeler.API.csproj]
#26 27.49 /src/backend/Services/AdminDashboardService.cs(614,23): warning CS8618: Non-nullable property 'Name' must contain a non-null value when exiting constructor. Consider adding the 'required' modifier or declaring the property as nullable. [/src/backend/DataModeler.API.csproj]
#26 27.49 /src/backend/Services/AdminDashboardService.cs(615,23): warning CS8618: Non-nullable property 'Status' must contain a non-null value when exiting constructor. Consider adding the 'required' modifier or declaring the property as nullable. [/src/backend/DataModeler.API.csproj]
#26 27.49 /src/backend/DTOs/RealtimeDtos.cs(366,23): warning CS8618: Non-nullable property 'FromTable' must contain a non-null value when exiting constructor. Consider adding the 'required' modifier or declaring the property as nullable. [/src/backend/DataModeler.API.csproj]
#26 27.49 /src/backend/DTOs/RealtimeDtos.cs(367,23): warning CS8618: Non-nullable property 'FromColumn' must contain a non-null value when exiting constructor. Consider adding the 'required' modifier or declaring the property as nullable. [/src/backend/DataModeler.API.csproj]
#26 27.49 /src/backend/DTOs/RealtimeDtos.cs(368,23): warning CS8618: Non-nullable property 'ToTable' must contain a non-null value when exiting constructor. Consider adding the 'required' modifier or declaring the property as nullable. [/src/backend/DataModeler.API.csproj]
#26 27.49 /src/backend/DTOs/RealtimeDtos.cs(369,23): warning CS8618: Non-nullable property 'ToColumn' must contain a non-null value when exiting constructor. Consider adding the 'required' modifier or declaring the property as nullable. [/src/backend/DataModeler.API.csproj]
#26 27.49 /src/backend/DTOs/RealtimeDtos.cs(370,23): warning CS8618: Non-nullable property 'RelationType' must contain a non-null value when exiting constructor. Consider adding the 'required' modifier or declaring the property as nullable. [/src/backend/DataModeler.API.csproj]
#26 27.49 /src/backend/Controllers/CollaborationController.cs(248,23): warning CS8618: Non-nullable property 'NotificationType' must contain a non-null value when exiting constructor. Consider adding the 'required' modifier or declaring the property as nullable. [/src/backend/DataModeler.API.csproj]
#26 27.49 /src/backend/Controllers/CollaborationController.cs(249,23): warning CS8618: Non-nullable property 'Message' must contain a non-null value when exiting constructor. Consider adding the 'required' modifier or declaring the property as nullable. [/src/backend/DataModeler.API.csproj]
#26 27.49 /src/backend/Controllers/CollaborationController.cs(250,23): warning CS8618: Non-nullable property 'Data' must contain a non-null value when exiting constructor. Consider adding the 'required' modifier or declaring the property as nullable. [/src/backend/DataModeler.API.csproj]
#26 27.49 /src/backend/Services/AdminDashboardService.cs(598,23): warning CS8618: Non-nullable property 'DatabaseStatus' must contain a non-null value when exiting constructor. Consider adding the 'required' modifier or declaring the property as nullable. [/src/backend/DataModeler.API.csproj]
#26 27.49 /src/backend/Services/WebSocketService.cs(443,23): warning CS8618: Non-nullable property 'UserId' must contain a non-null value when exiting constructor. Consider adding the 'required' modifier or declaring the property as nullable. [/src/backend/DataModeler.API.csproj]
#26 27.49 /src/backend/Services/WebSocketService.cs(444,23): warning CS8618: Non-nullable property 'UserName' must contain a non-null value when exiting constructor. Consider adding the 'required' modifier or declaring the property as nullable. [/src/backend/DataModeler.API.csproj]
#26 27.49 /src/backend/Services/WebSocketService.cs(446,23): warning CS8618: Non-nullable property 'Color' must contain a non-null value when exiting constructor. Consider adding the 'required' modifier or declaring the property as nullable. [/src/backend/DataModeler.API.csproj]
#26 27.49 /src/backend/DTOs/RealtimeDtos.cs(351,23): warning CS8618: Non-nullable property 'Name' must contain a non-null value when exiting constructor. Consider adding the 'required' modifier or declaring the property as nullable. [/src/backend/DataModeler.API.csproj]
#26 27.49 /src/backend/DTOs/RealtimeDtos.cs(352,23): warning CS8618: Non-nullable property 'Type' must contain a non-null value when exiting constructor. Consider adding the 'required' modifier or declaring the property as nullable. [/src/backend/DataModeler.API.csproj]
#26 27.49 /src/backend/DTOs/RealtimeDtos.cs(357,23): warning CS8618: Non-nullable property 'DefaultValue' must contain a non-null value when exiting constructor. Consider adding the 'required' modifier or declaring the property as nullable. [/src/backend/DataModeler.API.csproj]
#26 27.49 /src/backend/DTOs/RealtimeDtos.cs(358,23): warning CS8618: Non-nullable property 'Note' must contain a non-null value when exiting constructor. Consider adding the 'required' modifier or declaring the property as nullable. [/src/backend/DataModeler.API.csproj]
#26 27.49 /src/backend/Services/WebSocketService.cs(420,23): warning CS8618: Non-nullable property 'UserId' must contain a non-null value when exiting constructor. Consider adding the 'required' modifier or declaring the property as nullable. [/src/backend/DataModeler.API.csproj]
#26 27.49 /src/backend/Services/WebSocketService.cs(421,23): warning CS8618: Non-nullable property 'UserName' must contain a non-null value when exiting constructor. Consider adding the 'required' modifier or declaring the property as nullable. [/src/backend/DataModeler.API.csproj]
#26 27.49 /src/backend/Services/WebSocketService.cs(422,23): warning CS8618: Non-nullable property 'Color' must contain a non-null value when exiting constructor. Consider adding the 'required' modifier or declaring the property as nullable. [/src/backend/DataModeler.API.csproj]
#26 27.49 /src/backend/Services/WebSocketService.cs(408,23): warning CS8618: Non-nullable property 'UserId' must contain a non-null value when exiting constructor. Consider adding the 'required' modifier or declaring the property as nullable. [/src/backend/DataModeler.API.csproj]
#26 27.49 /src/backend/Services/WebSocketService.cs(409,23): warning CS8618: Non-nullable property 'UserName' must contain a non-null value when exiting constructor. Consider adding the 'required' modifier or declaring the property as nullable. [/src/backend/DataModeler.API.csproj]
#26 27.49 /src/backend/Services/WebSocketService.cs(410,26): warning CS8618: Non-nullable property 'WebSocket' must contain a non-null value when exiting constructor. Consider adding the 'required' modifier or declaring the property as nullable. [/src/backend/DataModeler.API.csproj]
#26 27.49 /src/backend/Services/WebSocketService.cs(412,31): warning CS8618: Non-nullable property 'CursorPosition' must contain a non-null value when exiting constructor. Consider adding the 'required' modifier or declaring the property as nullable. [/src/backend/DataModeler.API.csproj]
#26 27.49 /src/backend/Services/AdminDashboardService.cs(605,23): warning CS8618: Non-nullable property 'Status' must contain a non-null value when exiting constructor. Consider adding the 'required' modifier or declaring the property as nullable. [/src/backend/DataModeler.API.csproj]
#26 27.49 /src/backend/DTOs/RealtimeDtos.cs(340,23): warning CS8618: Non-nullable property 'Name' must contain a non-null value when exiting constructor. Consider adding the 'required' modifier or declaring the property as nullable. [/src/backend/DataModeler.API.csproj]
#26 27.49 /src/backend/DTOs/RealtimeDtos.cs(341,23): warning CS8618: Non-nullable property 'Alias' must contain a non-null value when exiting constructor. Consider adding the 'required' modifier or declaring the property as nullable. [/src/backend/DataModeler.API.csproj]
#26 27.49 /src/backend/DTOs/RealtimeDtos.cs(343,23): warning CS8618: Non-nullable property 'Note' must contain a non-null value when exiting constructor. Consider adding the 'required' modifier or declaring the property as nullable. [/src/backend/DataModeler.API.csproj]
#26 27.49 /src/backend/DTOs/RealtimeDtos.cs(318,23): warning CS8618: Non-nullable property 'NotificationType' must contain a non-null value when exiting constructor. Consider adding the 'required' modifier or declaring the property as nullable. [/src/backend/DataModeler.API.csproj]
#26 27.49 /src/backend/DTOs/RealtimeDtos.cs(319,23): warning CS8618: Non-nullable property 'Message' must contain a non-null value when exiting constructor. Consider adding the 'required' modifier or declaring the property as nullable. [/src/backend/DataModeler.API.csproj]
#26 27.49 /src/backend/DTOs/RealtimeDtos.cs(320,23): warning CS8618: Non-nullable property 'Data' must contain a non-null value when exiting constructor. Consider adding the 'required' modifier or declaring the property as nullable. [/src/backend/DataModeler.API.csproj]
#26 27.49 /src/backend/DTOs/RealtimeDtos.cs(300,23): warning CS8618: Non-nullable property 'ErrorCode' must contain a non-null value when exiting constructor. Consider adding the 'required' modifier or declaring the property as nullable. [/src/backend/DataModeler.API.csproj]
#26 27.49 /src/backend/DTOs/RealtimeDtos.cs(301,23): warning CS8618: Non-nullable property 'Message' must contain a non-null value when exiting constructor. Consider adding the 'required' modifier or declaring the property as nullable. [/src/backend/DataModeler.API.csproj]
#26 27.49 /src/backend/DTOs/RealtimeDtos.cs(302,23): warning CS8618: Non-nullable property 'Details' must contain a non-null value when exiting constructor. Consider adding the 'required' modifier or declaring the property as nullable. [/src/backend/DataModeler.API.csproj]
#26 27.49 /src/backend/DTOs/RealtimeDtos.cs(289,23): warning CS8618: Non-nullable property 'LockId' must contain a non-null value when exiting constructor. Consider adding the 'required' modifier or declaring the property as nullable. [/src/backend/DataModeler.API.csproj]
#26 27.49 /src/backend/DTOs/RealtimeDtos.cs(290,23): warning CS8618: Non-nullable property 'ReleasedBy' must contain a non-null value when exiting constructor. Consider adding the 'required' modifier or declaring the property as nullable. [/src/backend/DataModeler.API.csproj]
#26 27.49 /src/backend/DTOs/RealtimeDtos.cs(279,23): warning CS8618: Non-nullable property 'LockId' must contain a non-null value when exiting constructor. Consider adding the 'required' modifier or declaring the property as nullable. [/src/backend/DataModeler.API.csproj]
#26 27.49 /src/backend/DTOs/RealtimeDtos.cs(280,25): warning CS8618: Non-nullable property 'Range' must contain a non-null value when exiting constructor. Consider adding the 'required' modifier or declaring the property as nullable. [/src/backend/DataModeler.API.csproj]
#26 27.49 /src/backend/DTOs/RealtimeDtos.cs(281,23): warning CS8618: Non-nullable property 'LockedBy' must contain a non-null value when exiting constructor. Consider adding the 'required' modifier or declaring the property as nullable. [/src/backend/DataModeler.API.csproj]
#26 27.49 /src/backend/DTOs/RealtimeDtos.cs(270,25): warning CS8618: Non-nullable property 'Range' must contain a non-null value when exiting constructor. Consider adding the 'required' modifier or declaring the property as nullable. [/src/backend/DataModeler.API.csproj]
#26 27.49 /src/backend/DTOs/RealtimeDtos.cs(259,38): warning CS8618: Non-nullable property 'RemoteChange' must contain a non-null value when exiting constructor. Consider adding the 'required' modifier or declaring the property as nullable. [/src/backend/DataModeler.API.csproj]
#26 27.49 /src/backend/DTOs/RealtimeDtos.cs(260,23): warning CS8618: Non-nullable property 'ResolutionStrategy' must contain a non-null value when exiting constructor. Consider adding the 'required' modifier or declaring the property as nullable. [/src/backend/DataModeler.API.csproj]
#26 27.49 /src/backend/DTOs/RealtimeDtos.cs(249,23): warning CS8618: Non-nullable property 'Content' must contain a non-null value when exiting constructor. Consider adding the 'required' modifier or declaring the property as nullable. [/src/backend/DataModeler.API.csproj]
#26 27.49 /src/backend/DTOs/RealtimeDtos.cs(250,44): warning CS8618: Non-nullable property 'ChangesSincVersion' must contain a non-null value when exiting constructor. Consider adding the 'required' modifier or declaring the property as nullable. [/src/backend/DataModeler.API.csproj]
#26 27.49 /src/backend/DTOs/RealtimeDtos.cs(227,23): warning CS8618: Non-nullable property 'ResolvedBy' must contain a non-null value when exiting constructor. Consider adding the 'required' modifier or declaring the property as nullable. [/src/backend/DataModeler.API.csproj]
#26 27.49 /src/backend/DTOs/RealtimeDtos.cs(210,32): warning CS8618: Non-nullable property 'Reply' must contain a non-null value when exiting constructor. Consider adding the 'required' modifier or declaring the property as nullable. [/src/backend/DataModeler.API.csproj]
#26 27.49 /src/backend/DTOs/RealtimeDtos.cs(201,23): warning CS8618: Non-nullable property 'Content' must contain a non-null value when exiting constructor. Consider adding the 'required' modifier or declaring the property as nullable. [/src/backend/DataModeler.API.csproj]
#26 27.49 /src/backend/DTOs/RealtimeDtos.cs(192,27): warning CS8618: Non-nullable property 'Comment' must contain a non-null value when exiting constructor. Consider adding the 'required' modifier or declaring the property as nullable. [/src/backend/DataModeler.API.csproj]
#26 27.49 /src/backend/DTOs/RealtimeDtos.cs(180,23): warning CS8618: Non-nullable property 'UserId' must contain a non-null value when exiting constructor. Consider adding the 'required' modifier or declaring the property as nullable. [/src/backend/DataModeler.API.csproj]
#26 27.49 /src/backend/DTOs/RealtimeDtos.cs(181,23): warning CS8618: Non-nullable property 'UserName' must contain a non-null value when exiting constructor. Consider adding the 'required' modifier or declaring the property as nullable. [/src/backend/DataModeler.API.csproj]
#26 27.49 /src/backend/DTOs/RealtimeDtos.cs(182,23): warning CS8618: Non-nullable property 'Content' must contain a non-null value when exiting constructor. Consider adding the 'required' modifier or declaring the property as nullable. [/src/backend/DataModeler.API.csproj]
#26 27.49 /src/backend/DTOs/RealtimeDtos.cs(162,23): warning CS8618: Non-nullable property 'UserId' must contain a non-null value when exiting constructor. Consider adding the 'required' modifier or declaring the property as nullable. [/src/backend/DataModeler.API.csproj]
#26 27.49 /src/backend/DTOs/RealtimeDtos.cs(163,23): warning CS8618: Non-nullable property 'UserName' must contain a non-null value when exiting constructor. Consider adding the 'required' modifier or declaring the property as nullable. [/src/backend/DataModeler.API.csproj]
#26 27.49 /src/backend/DTOs/RealtimeDtos.cs(164,23): warning CS8618: Non-nullable property 'Content' must contain a non-null value when exiting constructor. Consider adding the 'required' modifier or declaring the property as nullable. [/src/backend/DataModeler.API.csproj]
#26 27.49 /src/backend/DTOs/RealtimeDtos.cs(165,34): warning CS8618: Non-nullable property 'Position' must contain a non-null value when exiting constructor. Consider adding the 'required' modifier or declaring the property as nullable. [/src/backend/DataModeler.API.csproj]
#26 27.49 /src/backend/DTOs/RealtimeDtos.cs(169,23): warning CS8618: Non-nullable property 'ResolvedBy' must contain a non-null value when exiting constructor. Consider adding the 'required' modifier or declaring the property as nullable. [/src/backend/DataModeler.API.csproj]
#26 27.49 /src/backend/DTOs/RealtimeDtos.cs(153,27): warning CS8618: Non-nullable property 'Comment' must contain a non-null value when exiting constructor. Consider adding the 'required' modifier or declaring the property as nullable. [/src/backend/DataModeler.API.csproj]
#26 27.49 /src/backend/DTOs/RealtimeDtos.cs(141,23): warning CS8618: Non-nullable property 'UserId' must contain a non-null value when exiting constructor. Consider adding the 'required' modifier or declaring the property as nullable. [/src/backend/DataModeler.API.csproj]
#26 27.49 /src/backend/DTOs/RealtimeDtos.cs(142,23): warning CS8618: Non-nullable property 'Color' must contain a non-null value when exiting constructor. Consider adding the 'required' modifier or declaring the property as nullable. [/src/backend/DataModeler.API.csproj]
#26 27.49 /src/backend/DTOs/RealtimeDtos.cs(143,25): warning CS8618: Non-nullable property 'Range' must contain a non-null value when exiting constructor. Consider adding the 'required' modifier or declaring the property as nullable. [/src/backend/DataModeler.API.csproj]
#26 27.49 /src/backend/DTOs/RealtimeDtos.cs(130,23): warning CS8618: Non-nullable property 'UserId' must contain a non-null value when exiting constructor. Consider adding the 'required' modifier or declaring the property as nullable. [/src/backend/DataModeler.API.csproj]
#26 27.49 /src/backend/DTOs/RealtimeDtos.cs(131,23): warning CS8618: Non-nullable property 'UserName' must contain a non-null value when exiting constructor. Consider adding the 'required' modifier or declaring the property as nullable. [/src/backend/DataModeler.API.csproj]
#26 27.49 /src/backend/DTOs/RealtimeDtos.cs(132,23): warning CS8618: Non-nullable property 'Color' must contain a non-null value when exiting constructor. Consider adding the 'required' modifier or declaring the property as nullable. [/src/backend/DataModeler.API.csproj]
#26 27.49 /src/backend/DTOs/RealtimeDtos.cs(133,34): warning CS8618: Non-nullable property 'Position' must contain a non-null value when exiting constructor. Consider adding the 'required' modifier or declaring the property as nullable. [/src/backend/DataModeler.API.csproj]
#26 27.49 /src/backend/DTOs/RealtimeDtos.cs(119,27): warning CS8618: Non-nullable property 'ErdData' must contain a non-null value when exiting constructor. Consider adding the 'required' modifier or declaring the property as nullable. [/src/backend/DataModeler.API.csproj]
#26 27.49 /src/backend/DTOs/RealtimeDtos.cs(109,23): warning CS8618: Non-nullable property 'Content' must contain a non-null value when exiting constructor. Consider adding the 'required' modifier or declaring the property as nullable. [/src/backend/DataModeler.API.csproj]
#26 27.49 /src/backend/DTOs/RealtimeDtos.cs(91,34): warning CS8618: Non-nullable property 'StartPosition' must contain a non-null value when exiting constructor. Consider adding the 'required' modifier or declaring the property as nullable. [/src/backend/DataModeler.API.csproj]
#26 27.49 /src/backend/DTOs/RealtimeDtos.cs(92,34): warning CS8618: Non-nullable property 'EndPosition' must contain a non-null value when exiting constructor. Consider adding the 'required' modifier or declaring the property as nullable. [/src/backend/DataModeler.API.csproj]
#26 27.49 /src/backend/DTOs/RealtimeDtos.cs(80,23): warning CS8618: Non-nullable property 'ChangeType' must contain a non-null value when exiting constructor. Consider adding the 'required' modifier or declaring the property as nullable. [/src/backend/DataModeler.API.csproj]
#26 27.49 /src/backend/DTOs/RealtimeDtos.cs(81,25): warning CS8618: Non-nullable property 'Range' must contain a non-null value when exiting constructor. Consider adding the 'required' modifier or declaring the property as nullable. [/src/backend/DataModeler.API.csproj]
#26 27.49 /src/backend/DTOs/RealtimeDtos.cs(82,23): warning CS8618: Non-nullable property 'Text' must contain a non-null value when exiting constructor. Consider adding the 'required' modifier or declaring the property as nullable. [/src/backend/DataModeler.API.csproj]
#26 27.49 /src/backend/DTOs/RealtimeDtos.cs(71,23): warning CS8618: Non-nullable property 'SenderId' must contain a non-null value when exiting constructor. Consider adding the 'required' modifier or declaring the property as nullable. [/src/backend/DataModeler.API.csproj]
#26 27.49 /src/backend/DTOs/RealtimeDtos.cs(72,38): warning CS8618: Non-nullable property 'Change' must contain a non-null value when exiting constructor. Consider adding the 'required' modifier or declaring the property as nullable. [/src/backend/DataModeler.API.csproj]
#26 27.49 /src/backend/Services/AdminDashboardService.cs(622,23): warning CS8618: Non-nullable property 'ModelId' must contain a non-null value when exiting constructor. Consider adding the 'required' modifier or declaring the property as nullable. [/src/backend/DataModeler.API.csproj]
#26 27.49 /src/backend/Services/AdminDashboardService.cs(623,23): warning CS8618: Non-nullable property 'Name' must contain a non-null value when exiting constructor. Consider adding the 'required' modifier or declaring the property as nullable. [/src/backend/DataModeler.API.csproj]
#26 27.49 /src/backend/Services/AdminDashboardService.cs(624,23): warning CS8618: Non-nullable property 'Owner' must contain a non-null value when exiting constructor. Consider adding the 'required' modifier or declaring the property as nullable. [/src/backend/DataModeler.API.csproj]
#26 27.49 /src/backend/DTOs/RealtimeDtos.cs(41,23): warning CS8618: Non-nullable property 'Id' must contain a non-null value when exiting constructor. Consider adding the 'required' modifier or declaring the property as nullable. [/src/backend/DataModeler.API.csproj]
#26 27.49 /src/backend/DTOs/RealtimeDtos.cs(42,23): warning CS8618: Non-nullable property 'Name' must contain a non-null value when exiting constructor. Consider adding the 'required' modifier or declaring the property as nullable. [/src/backend/DataModeler.API.csproj]
#26 27.49 /src/backend/DTOs/RealtimeDtos.cs(43,23): warning CS8618: Non-nullable property 'Color' must contain a non-null value when exiting constructor. Consider adding the 'required' modifier or declaring the property as nullable. [/src/backend/DataModeler.API.csproj]
#26 27.49 /src/backend/DTOs/RealtimeDtos.cs(45,34): warning CS8618: Non-nullable property 'CursorPosition' must contain a non-null value when exiting constructor. Consider adding the 'required' modifier or declaring the property as nullable. [/src/backend/DataModeler.API.csproj]
#26 27.49 /src/backend/DTOs/RealtimeDtos.cs(32,23): warning CS8618: Non-nullable property 'UserId' must contain a non-null value when exiting constructor. Consider adding the 'required' modifier or declaring the property as nullable. [/src/backend/DataModeler.API.csproj]
#26 27.49 /src/backend/DTOs/RealtimeDtos.cs(24,32): warning CS8618: Non-nullable property 'User' must contain a non-null value when exiting constructor. Consider adding the 'required' modifier or declaring the property as nullable. [/src/backend/DataModeler.API.csproj]
#26 27.49 /src/backend/DTOs/RealtimeDtos.cs(13,23): warning CS8618: Non-nullable property 'Type' must contain a non-null value when exiting constructor. Consider adding the 'required' modifier or declaring the property as nullable. [/src/backend/DataModeler.API.csproj]
#26 27.49 /src/backend/DTOs/DevOpsDtos.cs(336,23): warning CS8618: Non-nullable property 'UserId' must contain a non-null value when exiting constructor. Consider adding the 'required' modifier or declaring the property as nullable. [/src/backend/DataModeler.API.csproj]
#26 27.49 /src/backend/DTOs/DevOpsDtos.cs(337,23): warning CS8618: Non-nullable property 'OrganizationUrl' must contain a non-null value when exiting constructor. Consider adding the 'required' modifier or declaring the property as nullable. [/src/backend/DataModeler.API.csproj]
#26 27.49 /src/backend/DTOs/DevOpsDtos.cs(340,23): warning CS8618: Non-nullable property 'LinkedBy' must contain a non-null value when exiting constructor. Consider adding the 'required' modifier or declaring the property as nullable. [/src/backend/DataModeler.API.csproj]
#26 27.49 /src/backend/DTOs/DevOpsDtos.cs(324,23): warning CS8618: Non-nullable property 'DefaultOrganizationUrl' must contain a non-null value when exiting constructor. Consider adding the 'required' modifier or declaring the property as nullable. [/src/backend/DataModeler.API.csproj]
#26 27.49 /src/backend/DTOs/DevOpsDtos.cs(325,23): warning CS8618: Non-nullable property 'DefaultProjectId' must contain a non-null value when exiting constructor. Consider adding the 'required' modifier or declaring the property as nullable. [/src/backend/DataModeler.API.csproj]
#26 27.49 /src/backend/DTOs/DevOpsDtos.cs(26,23): warning CS8618: Non-nullable property 'Id' must contain a non-null value when exiting constructor. Consider adding the 'required' modifier or declaring the property as nullable. [/src/backend/DataModeler.API.csproj]
#26 27.49 /src/backend/DTOs/DevOpsDtos.cs(27,23): warning CS8618: Non-nullable property 'Name' must contain a non-null value when exiting constructor. Consider adding the 'required' modifier or declaring the property as nullable. [/src/backend/DataModeler.API.csproj]
#26 27.49 /src/backend/DTOs/DevOpsDtos.cs(28,23): warning CS8618: Non-nullable property 'ProjectId' must contain a non-null value when exiting constructor. Consider adding the 'required' modifier or declaring the property as nullable. [/src/backend/DataModeler.API.csproj]
#26 27.49 /src/backend/DTOs/DevOpsDtos.cs(29,23): warning CS8618: Non-nullable property 'Url' must contain a non-null value when exiting constructor. Consider adding the 'required' modifier or declaring the property as nullable. [/src/backend/DataModeler.API.csproj]
#26 27.49 /src/backend/DTOs/DevOpsDtos.cs(30,23): warning CS8618: Non-nullable property 'DefaultBranch' must contain a non-null value when exiting constructor. Consider adding the 'required' modifier or declaring the property as nullable. [/src/backend/DataModeler.API.csproj]
#26 27.49 /src/backend/DTOs/DevOpsDtos.cs(32,23): warning CS8618: Non-nullable property 'SshUrl' must contain a non-null value when exiting constructor. Consider adding the 'required' modifier or declaring the property as nullable. [/src/backend/DataModeler.API.csproj]
#26 27.49 /src/backend/DTOs/DevOpsDtos.cs(33,23): warning CS8618: Non-nullable property 'HttpUrl' must contain a non-null value when exiting constructor. Consider adding the 'required' modifier or declaring the property as nullable. [/src/backend/DataModeler.API.csproj]
#26 27.49 /src/backend/Services/AdminDashboardService.cs(70,40): error CS0103: The name 'CalculateAverageModelSize' does not exist in the current context [/src/backend/DataModeler.API.csproj]
#26 27.49 /src/backend/DTOs/DevOpsDtos.cs(312,23): warning CS8618: Non-nullable property 'DefaultOrganizationUrl' must contain a non-null value when exiting constructor. Consider adding the 'required' modifier or declaring the property as nullable. [/src/backend/DataModeler.API.csproj]
#26 27.49 /src/backend/DTOs/DevOpsDtos.cs(313,23): warning CS8618: Non-nullable property 'DefaultProjectId' must contain a non-null value when exiting constructor. Consider adding the 'required' modifier or declaring the property as nullable. [/src/backend/DataModeler.API.csproj]
#26 27.49 /src/backend/DTOs/DevOpsDtos.cs(295,23): warning CS8618: Non-nullable property 'SyncDirection' must contain a non-null value when exiting constructor. Consider adding the 'required' modifier or declaring the property as nullable. [/src/backend/DataModeler.API.csproj]
#26 27.49 /src/backend/DTOs/DevOpsDtos.cs(296,23): warning CS8618: Non-nullable property 'Status' must contain a non-null value when exiting constructor. Consider adding the 'required' modifier or declaring the property as nullable. [/src/backend/DataModeler.API.csproj]
#26 27.49 /src/backend/DTOs/DevOpsDtos.cs(297,23): warning CS8618: Non-nullable property 'DevOpsCommitId' must contain a non-null value when exiting constructor. Consider adding the 'required' modifier or declaring the property as nullable. [/src/backend/DataModeler.API.csproj]
#26 27.49 /src/backend/DTOs/DevOpsDtos.cs(298,23): warning CS8618: Non-nullable property 'LocalVersionId' must contain a non-null value when exiting constructor. Consider adding the 'required' modifier or declaring the property as nullable. [/src/backend/DataModeler.API.csproj]
#26 27.49 /src/backend/DTOs/DevOpsDtos.cs(299,23): warning CS8618: Non-nullable property 'Details' must contain a non-null value when exiting constructor. Consider adding the 'required' modifier or declaring the property as nullable. [/src/backend/DataModeler.API.csproj]
#26 27.49 /src/backend/DTOs/DevOpsDtos.cs(302,23): warning CS8618: Non-nullable property 'InitiatedBy' must contain a non-null value when exiting constructor. Consider adding the 'required' modifier or declaring the property as nullable. [/src/backend/DataModeler.API.csproj]
#26 27.49 /src/backend/DTOs/DevOpsDtos.cs(279,23): warning CS8618: Non-nullable property 'DbmlContent' must contain a non-null value when exiting constructor. Consider adding the 'required' modifier or declaring the property as nullable. [/src/backend/DataModeler.API.csproj]
#26 27.49 /src/backend/DTOs/DevOpsDtos.cs(280,23): warning CS8618: Non-nullable property 'CommitId' must contain a non-null value when exiting constructor. Consider adding the 'required' modifier or declaring the property as nullable. [/src/backend/DataModeler.API.csproj]
#26 27.49 /src/backend/DTOs/DevOpsDtos.cs(281,23): warning CS8618: Non-nullable property 'Author' must contain a non-null value when exiting constructor. Consider adding the 'required' modifier or declaring the property as nullable. [/src/backend/DataModeler.API.csproj]
#26 27.49 /src/backend/DTOs/DevOpsDtos.cs(283,23): warning CS8618: Non-nullable property 'Message' must contain a non-null value when exiting constructor. Consider adding the 'required' modifier or declaring the property as nullable. [/src/backend/DataModeler.API.csproj]
#26 27.49 /src/backend/DTOs/DevOpsDtos.cs(270,23): warning CS8618: Non-nullable property 'CommitId' must contain a non-null value when exiting constructor. Consider adding the 'required' modifier or declaring the property as nullable. [/src/backend/DataModeler.API.csproj]
#26 27.49 /src/backend/DTOs/DevOpsDtos.cs(257,23): warning CS8618: Non-nullable property 'CommitId' must contain a non-null value when exiting constructor. Consider adding the 'required' modifier or declaring the property as nullable. [/src/backend/DataModeler.API.csproj]
#26 27.49 /src/backend/DTOs/DevOpsDtos.cs(259,23): warning CS8618: Non-nullable property 'Message' must contain a non-null value when exiting constructor. Consider adding the 'required' modifier or declaring the property as nullable. [/src/backend/DataModeler.API.csproj]
#26 27.49 /src/backend/DTOs/DevOpsDtos.cs(261,23): warning CS8618: Non-nullable property 'DevOpsUrl' must contain a non-null value when exiting constructor. Consider adding the 'required' modifier or declaring the property as nullable. [/src/backend/DataModeler.API.csproj]
#26 27.49 /src/backend/DTOs/DevOpsDtos.cs(244,23): warning CS8618: Non-nullable property 'DbmlContent' must contain a non-null value when exiting constructor. Consider adding the 'required' modifier or declaring the property as nullable. [/src/backend/DataModeler.API.csproj]
#26 27.49 /src/backend/DTOs/DevOpsDtos.cs(245,23): warning CS8618: Non-nullable property 'CommitMessage' must contain a non-null value when exiting constructor. Consider adding the 'required' modifier or declaring the property as nullable. [/src/backend/DataModeler.API.csproj]
#26 27.49 /src/backend/DTOs/DevOpsDtos.cs(247,23): warning CS8618: Non-nullable property 'PullRequestTitle' must contain a non-null value when exiting constructor. Consider adding the 'required' modifier or declaring the property as nullable. [/src/backend/DataModeler.API.csproj]
#26 27.49 /src/backend/DTOs/DevOpsDtos.cs(248,23): warning CS8618: Non-nullable property 'PullRequestDescription' must contain a non-null value when exiting constructor. Consider adding the 'required' modifier or declaring the property as nullable. [/src/backend/DataModeler.API.csproj]
#26 27.49 /src/backend/DTOs/DevOpsDtos.cs(225,23): warning CS8618: Non-nullable property 'OrganizationUrl' must contain a non-null value when exiting constructor. Consider adding the 'required' modifier or declaring the property as nullable. [/src/backend/DataModeler.API.csproj]
#26 27.49 /src/backend/DTOs/DevOpsDtos.cs(226,23): warning CS8618: Non-nullable property 'ProjectId' must contain a non-null value when exiting constructor. Consider adding the 'required' modifier or declaring the property as nullable. [/src/backend/DataModeler.API.csproj]
#26 27.49 /src/backend/DTOs/DevOpsDtos.cs(227,23): warning CS8618: Non-nullable property 'RepositoryId' must contain a non-null value when exiting constructor. Consider adding the 'required' modifier or declaring the property as nullable. [/src/backend/DataModeler.API.csproj]
#26 27.49 /src/backend/DTOs/DevOpsDtos.cs(210,23): warning CS8618: Non-nullable property 'EventType' must contain a non-null value when exiting constructor. Consider adding the 'required' modifier or declaring the property as nullable. [/src/backend/DataModeler.API.csproj]
#26 27.49 /src/backend/DTOs/DevOpsDtos.cs(211,23): warning CS8618: Non-nullable property 'Status' must contain a non-null value when exiting constructor. Consider adding the 'required' modifier or declaring the property as nullable. [/src/backend/DataModeler.API.csproj]
#26 27.49 /src/backend/DTOs/DevOpsDtos.cs(212,23): warning CS8618: Non-nullable property 'Details' must contain a non-null value when exiting constructor. Consider adding the 'required' modifier or declaring the property as nullable. [/src/backend/DataModeler.API.csproj]
#26 27.49 /src/backend/DTOs/DevOpsDtos.cs(199,23): warning CS8618: Non-nullable property 'TriggerReason' must contain a non-null value when exiting constructor. Consider adding the 'required' modifier or declaring the property as nullable. [/src/backend/DataModeler.API.csproj]
#26 27.49 /src/backend/DTOs/DevOpsDtos.cs(184,23): warning CS8618: Non-nullable property 'Name' must contain a non-null value when exiting constructor. Consider adding the 'required' modifier or declaring the property as nullable. [/src/backend/DataModeler.API.csproj]
#26 27.49 /src/backend/DTOs/DevOpsDtos.cs(185,23): warning CS8618: Non-nullable property 'State' must contain a non-null value when exiting constructor. Consider adding the 'required' modifier or declaring the property as nullable. [/src/backend/DataModeler.API.csproj]
#26 27.49 /src/backend/DTOs/DevOpsDtos.cs(186,23): warning CS8618: Non-nullable property 'Result' must contain a non-null value when exiting constructor. Consider adding the 'required' modifier or declaring the property as nullable. [/src/backend/DataModeler.API.csproj]
#26 27.49 /src/backend/DTOs/DevOpsDtos.cs(189,23): warning CS8618: Non-nullable property 'Url' must contain a non-null value when exiting constructor. Consider adding the 'required' modifier or declaring the property as nullable. [/src/backend/DataModeler.API.csproj]
#26 27.49 /src/backend/DTOs/DevOpsDtos.cs(172,23): warning CS8618: Non-nullable property 'Name' must contain a non-null value when exiting constructor. Consider adding the 'required' modifier or declaring the property as nullable. [/src/backend/DataModeler.API.csproj]
#26 27.49 /src/backend/DTOs/DevOpsDtos.cs(173,23): warning CS8618: Non-nullable property 'Url' must contain a non-null value when exiting constructor. Consider adding the 'required' modifier or declaring the property as nullable. [/src/backend/DataModeler.API.csproj]
#26 27.49 /src/backend/DTOs/DevOpsDtos.cs(174,23): warning CS8618: Non-nullable property 'Folder' must contain a non-null value when exiting constructor. Consider adding the 'required' modifier or declaring the property as nullable. [/src/backend/DataModeler.API.csproj]
#26 27.49 /src/backend/DTOs/DevOpsDtos.cs(151,23): warning CS8618: Non-nullable property 'Title' must contain a non-null value when exiting constructor. Consider adding the 'required' modifier or declaring the property as nullable. [/src/backend/DataModeler.API.csproj]
#26 27.49 /src/backend/DTOs/DevOpsDtos.cs(152,23): warning CS8618: Non-nullable property 'Description' must contain a non-null value when exiting constructor. Consider adding the 'required' modifier or declaring the property as nullable. [/src/backend/DataModeler.API.csproj]
#26 27.49 /src/backend/DTOs/DevOpsDtos.cs(153,23): warning CS8618: Non-nullable property 'Status' must contain a non-null value when exiting constructor. Consider adding the 'required' modifier or declaring the property as nullable. [/src/backend/DataModeler.API.csproj]
#26 27.49 /src/backend/DTOs/DevOpsDtos.cs(154,23): warning CS8618: Non-nullable property 'CreatedBy' must contain a non-null value when exiting constructor. Consider adding the 'required' modifier or declaring the property as nullable. [/src/backend/DataModeler.API.csproj]
#26 27.49 /src/backend/DTOs/DevOpsDtos.cs(157,23): warning CS8618: Non-nullable property 'SourceBranch' must contain a non-null value when exiting constructor. Consider adding the 'required' modifier or declaring the property as nullable. [/src/backend/DataModeler.API.csproj]
#26 27.49 /src/backend/DTOs/DevOpsDtos.cs(158,23): warning CS8618: Non-nullable property 'TargetBranch' must contain a non-null value when exiting constructor. Consider adding the 'required' modifier or declaring the property as nullable. [/src/backend/DataModeler.API.csproj]
#26 27.49 /src/backend/DTOs/DevOpsDtos.cs(161,23): warning CS8618: Non-nullable property 'Url' must contain a non-null value when exiting constructor. Consider adding the 'required' modifier or declaring the property as nullable. [/src/backend/DataModeler.API.csproj]
#26 27.49 /src/backend/DTOs/DevOpsDtos.cs(136,23): warning CS8618: Non-nullable property 'SourceBranch' must contain a non-null value when exiting constructor. Consider adding the 'required' modifier or declaring the property as nullable. [/src/backend/DataModeler.API.csproj]
#26 27.49 /src/backend/DTOs/DevOpsDtos.cs(137,23): warning CS8618: Non-nullable property 'TargetBranch' must contain a non-null value when exiting constructor. Consider adding the 'required' modifier or declaring the property as nullable. [/src/backend/DataModeler.API.csproj]
#26 27.49 /src/backend/DTOs/DevOpsDtos.cs(138,23): warning CS8618: Non-nullable property 'Title' must contain a non-null value when exiting constructor. Consider adding the 'required' modifier or declaring the property as nullable. [/src/backend/DataModeler.API.csproj]
#26 27.49 /src/backend/DTOs/DevOpsDtos.cs(139,23): warning CS8618: Non-nullable property 'Description' must contain a non-null value when exiting constructor. Consider adding the 'required' modifier or declaring the property as nullable. [/src/backend/DataModeler.API.csproj]
#26 27.49 /src/backend/DTOs/DevOpsDtos.cs(122,23): warning CS8618: Non-nullable property 'CommitId' must contain a non-null value when exiting constructor. Consider adding the 'required' modifier or declaring the property as nullable. [/src/backend/DataModeler.API.csproj]
#26 27.49 /src/backend/DTOs/DevOpsDtos.cs(123,23): warning CS8618: Non-nullable property 'Branch' must contain a non-null value when exiting constructor. Consider adding the 'required' modifier or declaring the property as nullable. [/src/backend/DataModeler.API.csproj]
#26 27.49 /src/backend/DTOs/DevOpsDtos.cs(125,23): warning CS8618: Non-nullable property 'Url' must contain a non-null value when exiting constructor. Consider adding the 'required' modifier or declaring the property as nullable. [/src/backend/DataModeler.API.csproj]
#26 27.49 /src/backend/DTOs/DevOpsDtos.cs(110,23): warning CS8618: Non-nullable property 'BranchName' must contain a non-null value when exiting constructor. Consider adding the 'required' modifier or declaring the property as nullable. [/src/backend/DataModeler.API.csproj]
#26 27.49 /src/backend/DTOs/DevOpsDtos.cs(111,23): warning CS8618: Non-nullable property 'FilePath' must contain a non-null value when exiting constructor. Consider adding the 'required' modifier or declaring the property as nullable. [/src/backend/DataModeler.API.csproj]
#26 27.49 /src/backend/DTOs/DevOpsDtos.cs(112,23): warning CS8618: Non-nullable property 'FileContent' must contain a non-null value when exiting constructor. Consider adding the 'required' modifier or declaring the property as nullable. [/src/backend/DataModeler.API.csproj]
#26 27.49 /src/backend/DTOs/DevOpsDtos.cs(113,23): warning CS8618: Non-nullable property 'Comment' must contain a non-null value when exiting constructor. Consider adding the 'required' modifier or declaring the property as nullable. [/src/backend/DataModeler.API.csproj]
#26 27.49 /src/backend/DTOs/DevOpsDtos.cs(114,23): warning CS8618: Non-nullable property 'OldObjectId' must contain a non-null value when exiting constructor. Consider adding the 'required' modifier or declaring the property as nullable. [/src/backend/DataModeler.API.csproj]
#26 27.49 /src/backend/DTOs/DevOpsDtos.cs(100,23): warning CS8618: Non-nullable property 'ObjectId' must contain a non-null value when exiting constructor. Consider adding the 'required' modifier or declaring the property as nullable. [/src/backend/DataModeler.API.csproj]
#26 27.49 /src/backend/DTOs/DevOpsDtos.cs(101,23): warning CS8618: Non-nullable property 'Path' must contain a non-null value when exiting constructor. Consider adding the 'required' modifier or declaring the property as nullable. [/src/backend/DataModeler.API.csproj]
#26 27.49 /src/backend/DTOs/DevOpsDtos.cs(102,23): warning CS8618: Non-nullable property 'ChangeType' must contain a non-null value when exiting constructor. Consider adding the 'required' modifier or declaring the property as nullable. [/src/backend/DataModeler.API.csproj]
#26 27.49 /src/backend/DTOs/DevOpsDtos.cs(84,23): warning CS8618: Non-nullable property 'CommitId' must contain a non-null value when exiting constructor. Consider adding the 'required' modifier or declaring the property as nullable. [/src/backend/DataModeler.API.csproj]
#26 27.49 /src/backend/DTOs/DevOpsDtos.cs(85,23): warning CS8618: Non-nullable property 'Author' must contain a non-null value when exiting constructor. Consider adding the 'required' modifier or declaring the property as nullable. [/src/backend/DataModeler.API.csproj]
#26 27.49 /src/backend/DTOs/DevOpsDtos.cs(86,23): warning CS8618: Non-nullable property 'AuthorEmail' must contain a non-null value when exiting constructor. Consider adding the 'required' modifier or declaring the property as nullable. [/src/backend/DataModeler.API.csproj]
#26 27.49 /src/backend/DTOs/DevOpsDtos.cs(87,23): warning CS8618: Non-nullable property 'Comment' must contain a non-null value when exiting constructor. Consider adding the 'required' modifier or declaring the property as nullable. [/src/backend/DataModeler.API.csproj]
#26 27.49 /src/backend/DTOs/DevOpsDtos.cs(91,23): warning CS8618: Non-nullable property 'Url' must contain a non-null value when exiting constructor. Consider adding the 'required' modifier or declaring the property as nullable. [/src/backend/DataModeler.API.csproj]
#26 27.49 /src/backend/DTOs/DevOpsDtos.cs(71,23): warning CS8618: Non-nullable property 'CommitId' must contain a non-null value when exiting constructor. Consider adding the 'required' modifier or declaring the property as nullable. [/src/backend/DataModeler.API.csproj]
#26 27.49 /src/backend/DTOs/DevOpsDtos.cs(72,23): warning CS8618: Non-nullable property 'Author' must contain a non-null value when exiting constructor. Consider adding the 'required' modifier or declaring the property as nullable. [/src/backend/DataModeler.API.csproj]
#26 27.49 /src/backend/DTOs/DevOpsDtos.cs(73,23): warning CS8618: Non-nullable property 'AuthorEmail' must contain a non-null value when exiting constructor. Consider adding the 'required' modifier or declaring the property as nullable. [/src/backend/DataModeler.API.csproj]
#26 27.49 /src/backend/DTOs/DevOpsDtos.cs(74,23): warning CS8618: Non-nullable property 'Comment' must contain a non-null value when exiting constructor. Consider adding the 'required' modifier or declaring the property as nullable. [/src/backend/DataModeler.API.csproj]
#26 27.49 /src/backend/DTOs/DevOpsDtos.cs(76,23): warning CS8618: Non-nullable property 'Url' must contain a non-null value when exiting constructor. Consider adding the 'required' modifier or declaring the property as nullable. [/src/backend/DataModeler.API.csproj]
#26 27.49 /src/backend/Program.cs(59,28): error CS0246: The type or namespace name 'ITokenService' could not be found (are you missing a using directive or an assembly reference?) [/src/backend/DataModeler.API.csproj]
#26 27.49 /src/backend/Program.cs(59,43): error CS0246: The type or namespace name 'TokenService' could not be found (are you missing a using directive or an assembly reference?) [/src/backend/DataModeler.API.csproj]
#26 27.49 /src/backend/Program.cs(60,28): error CS0246: The type or namespace name 'ILdapAuthService' could not be found (are you missing a using directive or an assembly reference?) [/src/backend/DataModeler.API.csproj]
#26 27.49 /src/backend/Program.cs(60,46): error CS0246: The type or namespace name 'LdapAuthService' could not be found (are you missing a using directive or an assembly reference?) [/src/backend/DataModeler.API.csproj]
#26 27.49 /src/backend/Program.cs(61,28): error CS0246: The type or namespace name 'IAzureAdService' could not be found (are you missing a using directive or an assembly reference?) [/src/backend/DataModeler.API.csproj]
#26 27.49 /src/backend/Program.cs(61,45): error CS0246: The type or namespace name 'AzureAdService' could not be found (are you missing a using directive or an assembly reference?) [/src/backend/DataModeler.API.csproj]
#26 27.49 /src/backend/Program.cs(62,28): error CS0246: The type or namespace name 'IAuthenticationService' could not be found (are you missing a using directive or an assembly reference?) [/src/backend/DataModeler.API.csproj]
#26 27.49 /src/backend/Program.cs(62,52): error CS0246: The type or namespace name 'AuthenticationService' could not be found (are you missing a using directive or an assembly reference?) [/src/backend/DataModeler.API.csproj]
#26 27.49 /src/backend/Program.cs(63,28): error CS0246: The type or namespace name 'IDbmlParserService' could not be found (are you missing a using directive or an assembly reference?) [/src/backend/DataModeler.API.csproj]
#26 27.49 /src/backend/Program.cs(63,48): error CS0246: The type or namespace name 'DbmlParserService' could not be found (are you missing a using directive or an assembly reference?) [/src/backend/DataModeler.API.csproj]
#26 27.49 /src/backend/Program.cs(70,32): error CS0246: The type or namespace name 'IAzureDevOpsService' could not be found (are you missing a using directive or an assembly reference?) [/src/backend/DataModeler.API.csproj]
#26 27.49 /src/backend/Program.cs(70,53): error CS0246: The type or namespace name 'AzureDevOpsService' could not be found (are you missing a using directive or an assembly reference?) [/src/backend/DataModeler.API.csproj]
#26 27.49 /src/backend/Controllers/CollaborationController.cs(69,44): error CS0029: Cannot implicitly convert type 'System.Net.WebSockets.WebSocket' to 'System.Net.WebSockets.WebSocketContext' [/src/backend/DataModeler.API.csproj]
#26 27.49 /src/backend/Controllers/CollaborationController.cs(73,23): error CS0103: The name '_connectionManager' does not exist in the current context [/src/backend/DataModeler.API.csproj]
#26 27.49 /src/backend/Controllers/DevOpsController.cs(21,42): warning CS1998: This async method lacks 'await' operators and will run synchronously. Consider using the 'await' operator to await non-blocking API calls, or 'await Task.Run(...)' to do CPU-bound work on a background thread. [/src/backend/DataModeler.API.csproj]
#26 27.49 /src/backend/DTOs/DevOpsDtos.cs(54,23): warning CS8618: Non-nullable property 'RepositoryId' must contain a non-null value when exiting constructor. Consider adding the 'required' modifier or declaring the property as nullable. [/src/backend/DataModeler.API.csproj]
#26 27.49 /src/backend/DTOs/DevOpsDtos.cs(55,23): warning CS8618: Non-nullable property 'RepositoryName' must contain a non-null value when exiting constructor. Consider adding the 'required' modifier or declaring the property as nullable. [/src/backend/DataModeler.API.csproj]
#26 27.49 /src/backend/DTOs/DevOpsDtos.cs(56,23): warning CS8618: Non-nullable property 'BranchName' must contain a non-null value when exiting constructor. Consider adding the 'required' modifier or declaring the property as nullable. [/src/backend/DataModeler.API.csproj]
#26 27.49 /src/backend/DTOs/DevOpsDtos.cs(57,23): warning CS8618: Non-nullable property 'FilePath' must contain a non-null value when exiting constructor. Consider adding the 'required' modifier or declaring the property as nullable. [/src/backend/DataModeler.API.csproj]
#26 27.49 /src/backend/DTOs/DevOpsDtos.cs(61,23): warning CS8618: Non-nullable property 'LastSyncStatus' must contain a non-null value when exiting constructor. Consider adding the 'required' modifier or declaring the property as nullable. [/src/backend/DataModeler.API.csproj]
#26 27.49 /src/backend/Controllers/DevOpsController.cs(28,42): warning CS1998: This async method lacks 'await' operators and will run synchronously. Consider using the 'await' operator to await non-blocking API calls, or 'await Task.Run(...)' to do CPU-bound work on a background thread. [/src/backend/DataModeler.API.csproj]
#26 27.49 /src/backend/DTOs/DevOpsDtos.cs(42,23): warning CS8618: Non-nullable property 'RepositoryId' must contain a non-null value when exiting constructor. Consider adding the 'required' modifier or declaring the property as nullable. [/src/backend/DataModeler.API.csproj]
#26 27.49 /src/backend/Services/AdminDashboardService.cs(660,23): warning CS8618: Non-nullable property 'UserId' must contain a non-null value when exiting constructor. Consider adding the 'required' modifier or declaring the property as nullable. [/src/backend/DataModeler.API.csproj]
#26 27.49 /src/backend/Services/AdminDashboardService.cs(661,23): warning CS8618: Non-nullable property 'Username' must contain a non-null value when exiting constructor. Consider adding the 'required' modifier or declaring the property as nullable. [/src/backend/DataModeler.API.csproj]
#26 27.49 /src/backend/Services/AdminDashboardService.cs(667,23): warning CS8618: Non-nullable property 'Day' must contain a non-null value when exiting constructor. Consider adding the 'required' modifier or declaring the property as nullable. [/src/backend/DataModeler.API.csproj]
#26 27.49 /src/backend/Services/AdminDashboardService.cs(668,23): warning CS8618: Non-nullable property 'Hour' must contain a non-null value when exiting constructor. Consider adding the 'required' modifier or declaring the property as nullable. [/src/backend/DataModeler.API.csproj]
#26 27.49 /src/backend/Services/AdminDashboardService.cs(682,23): warning CS8618: Non-nullable property 'LargestModel' must contain a non-null value when exiting constructor. Consider adding the 'required' modifier or declaring the property as nullable. [/src/backend/DataModeler.API.csproj]
#26 27.49 /src/backend/Services/AdminDashboardService.cs(683,23): warning CS8618: Non-nullable property 'SmallestModel' must contain a non-null value when exiting constructor. Consider adding the 'required' modifier or declaring the property as nullable. [/src/backend/DataModeler.API.csproj]
#26 27.49 /src/backend/Services/AdminDashboardService.cs(714,23): warning CS8618: Non-nullable property 'Endpoint' must contain a non-null value when exiting constructor. Consider adding the 'required' modifier or declaring the property as nullable. [/src/backend/DataModeler.API.csproj]
#26 27.49 /src/backend/Services/AdminDashboardService.cs(721,23): warning CS8618: Non-nullable property 'Query' must contain a non-null value when exiting constructor. Consider adding the 'required' modifier or declaring the property as nullable. [/src/backend/DataModeler.API.csproj]
#26 27.49 /src/backend/Services/AdminDashboardService.cs(744,23): warning CS8618: Non-nullable property 'EventType' must contain a non-null value when exiting constructor. Consider adding the 'required' modifier or declaring the property as nullable. [/src/backend/DataModeler.API.csproj]
#26 27.49 /src/backend/Services/AdminDashboardService.cs(745,23): warning CS8618: Non-nullable property 'Description' must contain a non-null value when exiting constructor. Consider adding the 'required' modifier or declaring the property as nullable. [/src/backend/DataModeler.API.csproj]
#26 27.49 /src/backend/Services/AdminDashboardService.cs(747,23): warning CS8618: Non-nullable property 'UserId' must contain a non-null value when exiting constructor. Consider adding the 'required' modifier or declaring the property as nullable. [/src/backend/DataModeler.API.csproj]
#26 27.49 /src/backend/Controllers/CollaborationController.cs(95,35): error CS0103: The name '_webSocketService' does not exist in the current context [/src/backend/DataModeler.API.csproj]
#26 27.49 /src/backend/Controllers/CollaborationController.cs(109,21): error CS0828: Cannot assign 'method group' to anonymous type property [/src/backend/DataModeler.API.csproj]
#26 27.49 /src/backend/Controllers/CollaborationController.cs(133,35): error CS0103: The name '_webSocketService' does not exist in the current context [/src/backend/DataModeler.API.csproj]
#26 27.49 /src/backend/Controllers/CollaborationController.cs(134,39): error CS0103: The name '_webSocketService' does not exist in the current context [/src/backend/DataModeler.API.csproj]
#26 27.49 /src/backend/Services/AdminDashboardService.cs(756,36): warning CS8618: Non-nullable property 'ModelStorageBreakdown' must contain a non-null value when exiting constructor. Consider adding the 'required' modifier or declaring the property as nullable. [/src/backend/DataModeler.API.csproj]
#26 27.49 /src/backend/Services/AdminDashboardService.cs(757,36): warning CS8618: Non-nullable property 'VersionStorageUsage' must contain a non-null value when exiting constructor. Consider adding the 'required' modifier or declaring the property as nullable. [/src/backend/DataModeler.API.csproj]
#26 27.49 /src/backend/Services/AdminDashboardService.cs(758,36): warning CS8618: Non-nullable property 'BackupStorageUsage' must contain a non-null value when exiting constructor. Consider adding the 'required' modifier or declaring the property as nullable. [/src/backend/DataModeler.API.csproj]
#26 27.49 /src/backend/Services/AdminDashboardService.cs(772,23): warning CS8618: Non-nullable property 'ModelName' must contain a non-null value when exiting constructor. Consider adding the 'required' modifier or declaring the property as nullable. [/src/backend/DataModeler.API.csproj]
#26 27.49 /src/backend/Services/AdminDashboardService.cs(800,23): warning CS8618: Non-nullable property 'Feature' must contain a non-null value when exiting constructor. Consider adding the 'required' modifier or declaring the property as nullable. [/src/backend/DataModeler.API.csproj]
#26 27.49 /src/backend/Services/AdminReportService.cs(17,23): warning CS8618: Non-nullable property 'ReportName' must contain a non-null value when exiting constructor. Consider adding the 'required' modifier or declaring the property as nullable. [/src/backend/DataModeler.API.csproj]
#26 27.49 /src/backend/Services/AdminReportService.cs(33,23): warning CS8618: Non-nullable property 'Id' must contain a non-null value when exiting constructor. Consider adding the 'required' modifier or declaring the property as nullable. [/src/backend/DataModeler.API.csproj]
#26 27.49 /src/backend/Services/AdminReportService.cs(34,23): warning CS8618: Non-nullable property 'FileName' must contain a non-null value when exiting constructor. Consider adding the 'required' modifier or declaring the property as nullable. [/src/backend/DataModeler.API.csproj]
#26 27.49 /src/backend/Services/AdminReportService.cs(37,23): warning CS8618: Non-nullable property 'ContentType' must contain a non-null value when exiting constructor. Consider adding the 'required' modifier or declaring the property as nullable. [/src/backend/DataModeler.API.csproj]
#26 27.49 /src/backend/Services/AdminReportService.cs(38,23): warning CS8618: Non-nullable property 'Content' must contain a non-null value when exiting constructor. Consider adding the 'required' modifier or declaring the property as nullable. [/src/backend/DataModeler.API.csproj]
#26 27.49 /src/backend/Services/AdminReportService.cs(39,23): warning CS8618: Non-nullable property 'DownloadUrl' must contain a non-null value when exiting constructor. Consider adding the 'required' modifier or declaring the property as nullable. [/src/backend/DataModeler.API.csproj]
#26 27.49 /src/backend/Services/AdminReportService.cs(41,23): warning CS8618: Non-nullable property 'GeneratedBy' must contain a non-null value when exiting constructor. Consider adding the 'required' modifier or declaring the property as nullable. [/src/backend/DataModeler.API.csproj]
#26 27.49 /src/backend/Services/AdminReportService.cs(50,23): warning CS8618: Non-nullable property 'Id' must contain a non-null value when exiting constructor. Consider adding the 'required' modifier or declaring the property as nullable. [/src/backend/DataModeler.API.csproj]
#26 27.49 /src/backend/Services/AdminReportService.cs(51,23): warning CS8618: Non-nullable property 'Name' must contain a non-null value when exiting constructor. Consider adding the 'required' modifier or declaring the property as nullable. [/src/backend/DataModeler.API.csproj]
#26 27.49 /src/backend/Services/AdminReportService.cs(54,23): warning CS8618: Non-nullable property 'CronExpression' must contain a non-null value when exiting constructor. Consider adding the 'required' modifier or declaring the property as nullable. [/src/backend/DataModeler.API.csproj]
#26 27.49 /src/backend/Controllers/CollaborationController.cs(163,39): error CS0103: The name '_webSocketService' does not exist in the current context [/src/backend/DataModeler.API.csproj]
#26 27.49 /src/backend/Controllers/CollaborationController.cs(164,35): error CS0103: The name '_webSocketService' does not exist in the current context [/src/backend/DataModeler.API.csproj]
#26 27.49 /src/backend/Controllers/CollaborationController.cs(170,21): error CS0828: Cannot assign 'method group' to anonymous type property [/src/backend/DataModeler.API.csproj]
#26 27.49 /src/backend/Controllers/CollaborationController.cs(202,23): error CS0103: The name '_webSocketService' does not exist in the current context [/src/backend/DataModeler.API.csproj]
#26 27.49 /src/backend/Services/BranchingManagementService.cs(562,23): warning CS8618: Non-nullable property 'Name' must contain a non-null value when exiting constructor. Consider adding the 'required' modifier or declaring the property as nullable. [/src/backend/DataModeler.API.csproj]
#26 27.49 /src/backend/Services/BranchingManagementService.cs(563,23): warning CS8618: Non-nullable property 'CreatedBy' must contain a non-null value when exiting constructor. Consider adding the 'required' modifier or declaring the property as nullable. [/src/backend/DataModeler.API.csproj]
#26 27.49 /src/backend/Services/BranchingManagementService.cs(568,23): warning CS8618: Non-nullable property 'Description' must contain a non-null value when exiting constructor. Consider adding the 'required' modifier or declaring the property as nullable. [/src/backend/DataModeler.API.csproj]
#26 27.49 /src/backend/Services/BranchingManagementService.cs(571,23): warning CS8618: Non-nullable property 'LastModifiedBy' must contain a non-null value when exiting constructor. Consider adding the 'required' modifier or declaring the property as nullable. [/src/backend/DataModeler.API.csproj]
#26 27.49 /src/backend/Services/BranchingManagementService.cs(573,23): warning CS8618: Non-nullable property 'LastAccessedBy' must contain a non-null value when exiting constructor. Consider adding the 'required' modifier or declaring the property as nullable. [/src/backend/DataModeler.API.csproj]
#26 27.49 /src/backend/Services/BranchingManagementService.cs(575,23): warning CS8618: Non-nullable property 'MergeSourceBranch' must contain a non-null value when exiting constructor. Consider adding the 'required' modifier or declaring the property as nullable. [/src/backend/DataModeler.API.csproj]
#26 27.49 /src/backend/Services/BranchingManagementService.cs(580,23): warning CS8618: Non-nullable property 'SourceBranch' must contain a non-null value when exiting constructor. Consider adding the 'required' modifier or declaring the property as nullable. [/src/backend/DataModeler.API.csproj]
#26 27.49 /src/backend/Services/BranchingManagementService.cs(581,23): warning CS8618: Non-nullable property 'TargetBranch' must contain a non-null value when exiting constructor. Consider adding the 'required' modifier or declaring the property as nullable. [/src/backend/DataModeler.API.csproj]
#26 27.49 /src/backend/Services/BranchingManagementService.cs(583,23): warning CS8618: Non-nullable property 'Status' must contain a non-null value when exiting constructor. Consider adding the 'required' modifier or declaring the property as nullable. [/src/backend/DataModeler.API.csproj]
#26 27.49 /src/backend/Services/BranchingManagementService.cs(585,23): warning CS8618: Non-nullable property 'MergedBy' must contain a non-null value when exiting constructor. Consider adding the 'required' modifier or declaring the property as nullable. [/src/backend/DataModeler.API.csproj]
#26 27.49 /src/backend/Services/BranchingManagementService.cs(589,23): warning CS8618: Non-nullable property 'CommitMessage' must contain a non-null value when exiting constructor. Consider adding the 'required' modifier or declaring the property as nullable. [/src/backend/DataModeler.API.csproj]
#26 27.49 /src/backend/Services/BranchingManagementService.cs(591,23): warning CS8618: Non-nullable property 'ErrorMessage' must contain a non-null value when exiting constructor. Consider adding the 'required' modifier or declaring the property as nullable. [/src/backend/DataModeler.API.csproj]
#26 27.49 /src/backend/Services/BranchingManagementService.cs(596,23): warning CS8618: Non-nullable property 'ConflictType' must contain a non-null value when exiting constructor. Consider adding the 'required' modifier or declaring the property as nullable. [/src/backend/DataModeler.API.csproj]
#26 27.49 /src/backend/Services/BranchingManagementService.cs(597,23): warning CS8618: Non-nullable property 'Severity' must contain a non-null value when exiting constructor. Consider adding the 'required' modifier or declaring the property as nullable. [/src/backend/DataModeler.API.csproj]
#26 27.49 /src/backend/Services/BranchingManagementService.cs(598,23): warning CS8618: Non-nullable property 'Description' must contain a non-null value when exiting constructor. Consider adding the 'required' modifier or declaring the property as nullable. [/src/backend/DataModeler.API.csproj]
#26 27.49 /src/backend/Services/BranchingManagementService.cs(599,23): warning CS8618: Non-nullable property 'Resolution' must contain a non-null value when exiting constructor. Consider adding the 'required' modifier or declaring the property as nullable. [/src/backend/DataModeler.API.csproj]
#26 27.49 /src/backend/Services/WebSocketService.cs(110,37): error CS1061: 'Dictionary<string, UserConnection>' does not contain a definition for 'TryRemove' and no accessible extension method 'TryRemove' accepting a first argument of type 'Dictionary<string, UserConnection>' could be found (are you missing a using directive or an assembly reference?) [/src/backend/DataModeler.API.csproj]
#26 27.49 /src/backend/Services/BranchingManagementService.cs(608,23): warning CS8618: Non-nullable property 'MostActiveBranch' must contain a non-null value when exiting constructor. Consider adding the 'required' modifier or declaring the property as nullable. [/src/backend/DataModeler.API.csproj]
#26 27.49 /src/backend/Services/ModelVersioningService.cs(570,23): warning CS8618: Non-nullable property 'VersionId' must contain a non-null value when exiting constructor. Consider adding the 'required' modifier or declaring the property as nullable. [/src/backend/DataModeler.API.csproj]
#26 27.49 /src/backend/Services/ModelVersioningService.cs(571,23): warning CS8618: Non-nullable property 'ModelId' must contain a non-null value when exiting constructor. Consider adding the 'required' modifier or declaring the property as nullable. [/src/backend/DataModeler.API.csproj]
#26 27.49 /src/backend/Services/ModelVersioningService.cs(572,23): warning CS8618: Non-nullable property 'DbmlContent' must contain a non-null value when exiting constructor. Consider adding the 'required' modifier or declaring the property as nullable. [/src/backend/DataModeler.API.csproj]
#26 27.49 /src/backend/Services/ModelVersioningService.cs(573,23): warning CS8618: Non-nullable property 'CreatedBy' must contain a non-null value when exiting constructor. Consider adding the 'required' modifier or declaring the property as nullable. [/src/backend/DataModeler.API.csproj]
#26 27.49 /src/backend/Services/ModelVersioningService.cs(575,23): warning CS8618: Non-nullable property 'CommitMessage' must contain a non-null value when exiting constructor. Consider adding the 'required' modifier or declaring the property as nullable. [/src/backend/DataModeler.API.csproj]
#26 27.49 /src/backend/Services/ModelVersioningService.cs(576,23): warning CS8618: Non-nullable property 'BranchName' must contain a non-null value when exiting constructor. Consider adding the 'required' modifier or declaring the property as nullable. [/src/backend/DataModeler.API.csproj]
#26 27.49 /src/backend/Services/ModelVersioningService.cs(580,23): warning CS8618: Non-nullable property 'Checksum' must contain a non-null value when exiting constructor. Consider adding the 'required' modifier or declaring the property as nullable. [/src/backend/DataModeler.API.csproj]
#26 27.49 /src/backend/Services/ModelVersioningService.cs(581,43): warning CS8618: Non-nullable property 'Statistics' must contain a non-null value when exiting constructor. Consider adding the 'required' modifier or declaring the property as nullable. [/src/backend/DataModeler.API.csproj]
#26 27.49 /src/backend/Services/ModelVersioningService.cs(595,23): warning CS8618: Non-nullable property 'PreviousVersionId' must contain a non-null value when exiting constructor. Consider adding the 'required' modifier or declaring the property as nullable. [/src/backend/DataModeler.API.csproj]
#26 27.49 /src/backend/Services/ModelVersioningService.cs(596,23): warning CS8618: Non-nullable property 'NewVersionId' must contain a non-null value when exiting constructor. Consider adding the 'required' modifier or declaring the property as nullable. [/src/backend/DataModeler.API.csproj]
#26 27.49 /src/backend/Services/ModelVersioningService.cs(598,23): warning CS8618: Non-nullable property 'Content' must contain a non-null value when exiting constructor. Consider adding the 'required' modifier or declaring the property as nullable. [/src/backend/DataModeler.API.csproj]
#26 27.49 /src/backend/Services/ModelVersioningService.cs(599,23): warning CS8618: Non-nullable property 'Message' must contain a non-null value when exiting constructor. Consider adding the 'required' modifier or declaring the property as nullable. [/src/backend/DataModeler.API.csproj]
#26 27.49 /src/backend/Services/ModelVersioningService.cs(621,23): warning CS8618: Non-nullable property 'ChangeId' must contain a non-null value when exiting constructor. Consider adding the 'required' modifier or declaring the property as nullable. [/src/backend/DataModeler.API.csproj]
#26 27.49 /src/backend/Services/ModelVersioningService.cs(622,23): warning CS8618: Non-nullable property 'ChangeType' must contain a non-null value when exiting constructor. Consider adding the 'required' modifier or declaring the property as nullable. [/src/backend/DataModeler.API.csproj]
#26 27.49 /src/backend/Services/ModelVersioningService.cs(623,23): warning CS8618: Non-nullable property 'Description' must contain a non-null value when exiting constructor. Consider adding the 'required' modifier or declaring the property as nullable. [/src/backend/DataModeler.API.csproj]
#26 27.49 /src/backend/Services/ModelVersioningService.cs(627,23): warning CS8618: Non-nullable property 'Severity' must contain a non-null value when exiting constructor. Consider adding the 'required' modifier or declaring the property as nullable. [/src/backend/DataModeler.API.csproj]
#26 27.49 /src/backend/Services/ModelVersioningService.cs(604,23): warning CS8618: Non-nullable property 'ModelId' must contain a non-null value when exiting constructor. Consider adding the 'required' modifier or declaring the property as nullable. [/src/backend/DataModeler.API.csproj]
#26 27.49 /src/backend/Services/ModelVersioningService.cs(605,23): warning CS8618: Non-nullable property 'Version1Id' must contain a non-null value when exiting constructor. Consider adding the 'required' modifier or declaring the property as nullable. [/src/backend/DataModeler.API.csproj]
#26 27.49 /src/backend/Services/ModelVersioningService.cs(606,23): warning CS8618: Non-nullable property 'Version2Id' must contain a non-null value when exiting constructor. Consider adding the 'required' modifier or declaring the property as nullable. [/src/backend/DataModeler.API.csproj]
#26 27.49 /src/backend/Services/ModelVersioningService.cs(648,23): warning CS8618: Non-nullable property 'TagId' must contain a non-null value when exiting constructor. Consider adding the 'required' modifier or declaring the property as nullable. [/src/backend/DataModeler.API.csproj]
#26 27.49 /src/backend/Services/ModelVersioningService.cs(649,23): warning CS8618: Non-nullable property 'ModelId' must contain a non-null value when exiting constructor. Consider adding the 'required' modifier or declaring the property as nullable. [/src/backend/DataModeler.API.csproj]
#26 27.49 /src/backend/Services/ModelVersioningService.cs(650,23): warning CS8618: Non-nullable property 'VersionId' must contain a non-null value when exiting constructor. Consider adding the 'required' modifier or declaring the property as nullable. [/src/backend/DataModeler.API.csproj]
#26 27.49 /src/backend/Services/ModelVersioningService.cs(651,23): warning CS8618: Non-nullable property 'TagName' must contain a non-null value when exiting constructor. Consider adding the 'required' modifier or declaring the property as nullable. [/src/backend/DataModeler.API.csproj]
#26 27.49 /src/backend/Services/ModelVersioningService.cs(652,23): warning CS8618: Non-nullable property 'Description' must contain a non-null value when exiting constructor. Consider adding the 'required' modifier or declaring the property as nullable. [/src/backend/DataModeler.API.csproj]
#26 27.49 /src/backend/Services/ModelVersioningService.cs(658,23): warning CS8618: Non-nullable property 'ModelId' must contain a non-null value when exiting constructor. Consider adding the 'required' modifier or declaring the property as nullable. [/src/backend/DataModeler.API.csproj]
#26 27.49 /src/backend/Services/ModelVersioningService.cs(670,23): warning CS8618: Non-nullable property 'BranchName' must contain a non-null value when exiting constructor. Consider adding the 'required' modifier or declaring the property as nullable. [/src/backend/DataModeler.API.csproj]
#26 27.49 /src/backend/Services/ModelVersioningService.cs(632,23): warning CS8618: Non-nullable property 'VersionId' must contain a non-null value when exiting constructor. Consider adding the 'required' modifier or declaring the property as nullable. [/src/backend/DataModeler.API.csproj]
#26 27.49 /src/backend/Services/ModelVersioningService.cs(633,23): warning CS8618: Non-nullable property 'ModelId' must contain a non-null value when exiting constructor. Consider adding the 'required' modifier or declaring the property as nullable. [/src/backend/DataModeler.API.csproj]
#26 27.49 /src/backend/Services/ModelVersioningService.cs(635,23): warning CS8618: Non-nullable property 'CreatedBy' must contain a non-null value when exiting constructor. Consider adding the 'required' modifier or declaring the property as nullable. [/src/backend/DataModeler.API.csproj]
#26 27.49 /src/backend/Services/ModelVersioningService.cs(636,23): warning CS8618: Non-nullable property 'CommitMessage' must contain a non-null value when exiting constructor. Consider adding the 'required' modifier or declaring the property as nullable. [/src/backend/DataModeler.API.csproj]
#26 27.49 /src/backend/Services/ModelVersioningService.cs(637,23): warning CS8618: Non-nullable property 'BranchName' must contain a non-null value when exiting constructor. Consider adding the 'required' modifier or declaring the property as nullable. [/src/backend/DataModeler.API.csproj]
#26 27.49 /src/backend/Services/ModelVersioningService.cs(639,23): warning CS8618: Non-nullable property 'Checksum' must contain a non-null value when exiting constructor. Consider adding the 'required' modifier or declaring the property as nullable. [/src/backend/DataModeler.API.csproj]
#26 27.49 /src/backend/Services/ModelVersioningService.cs(642,43): warning CS8618: Non-nullable property 'Statistics' must contain a non-null value when exiting constructor. Consider adding the 'required' modifier or declaring the property as nullable. [/src/backend/DataModeler.API.csproj]
#26 27.49 /src/backend/Services/ModelVersioningService.cs(678,23): warning CS8618: Non-nullable property 'UserId' must contain a non-null value when exiting constructor. Consider adding the 'required' modifier or declaring the property as nullable. [/src/backend/DataModeler.API.csproj]
#26 27.49 /src/backend/Services/RelationshipPathTraversalService.cs(584,23): warning CS8618: Non-nullable property 'SourceTable' must contain a non-null value when exiting constructor. Consider adding the 'required' modifier or declaring the property as nullable. [/src/backend/DataModeler.API.csproj]
#26 27.49 /src/backend/Services/RelationshipPathTraversalService.cs(585,23): warning CS8618: Non-nullable property 'TargetTable' must contain a non-null value when exiting constructor. Consider adding the 'required' modifier or declaring the property as nullable. [/src/backend/DataModeler.API.csproj]
#26 27.49 /src/backend/Services/LdapAuthService.cs(53,45): error CS0246: The type or namespace name 'LdapConnection' could not be found (are you missing a using directive or an assembly reference?) [/src/backend/DataModeler.API.csproj]
#26 27.49 /src/backend/Services/LdapAuthService.cs(70,21): error CS0103: The name 'LdapConnection' does not exist in the current context [/src/backend/DataModeler.API.csproj]
#26 27.49 /src/backend/Services/LdapAuthService.cs(108,16): error CS0246: The type or namespace name 'LdapException' could not be found (are you missing a using directive or an assembly reference?) [/src/backend/DataModeler.API.csproj]
#26 27.49 /src/backend/Services/RelationshipPathTraversalService.cs(597,23): warning CS8618: Non-nullable property 'TableName' must contain a non-null value when exiting constructor. Consider adding the 'required' modifier or declaring the property as nullable. [/src/backend/DataModeler.API.csproj]
#26 27.49 /src/backend/Services/ModelVersioningService.cs(129,50): warning CS1998: This async method lacks 'await' operators and will run synchronously. Consider using the 'await' operator to await non-blocking API calls, or 'await Task.Run(...)' to do CPU-bound work on a background thread. [/src/backend/DataModeler.API.csproj]
#26 27.49 /src/backend/Services/RelationshipPathTraversalService.cs(603,23): warning CS8618: Non-nullable property 'TableName' must contain a non-null value when exiting constructor. Consider adding the 'required' modifier or declaring the property as nullable. [/src/backend/DataModeler.API.csproj]
#26 27.49 /src/backend/Services/RelationshipPathTraversalService.cs(611,23): warning CS8618: Non-nullable property 'ConnectedTableName' must contain a non-null value when exiting constructor. Consider adding the 'required' modifier or declaring the property as nullable. [/src/backend/DataModeler.API.csproj]
#26 27.49 /src/backend/Services/RelationshipPathTraversalService.cs(612,23): warning CS8618: Non-nullable property 'ConnectionType' must contain a non-null value when exiting constructor. Consider adding the 'required' modifier or declaring the property as nullable. [/src/backend/DataModeler.API.csproj]
#26 27.49 /src/backend/Services/RelationshipPathTraversalService.cs(613,23): warning CS8618: Non-nullable property 'Cardinality' must contain a non-null value when exiting constructor. Consider adding the 'required' modifier or declaring the property as nullable. [/src/backend/DataModeler.API.csproj]
#26 27.49 /src/backend/Services/RelationshipPathTraversalService.cs(614,23): warning CS8618: Non-nullable property 'FromColumn' must contain a non-null value when exiting constructor. Consider adding the 'required' modifier or declaring the property as nullable. [/src/backend/DataModeler.API.csproj]
#26 27.49 /src/backend/Services/RelationshipPathTraversalService.cs(615,23): warning CS8618: Non-nullable property 'ToColumn' must contain a non-null value when exiting constructor. Consider adding the 'required' modifier or declaring the property as nullable. [/src/backend/DataModeler.API.csproj]
#26 27.49 /src/backend/Services/ModelVersioningService.cs(169,45): warning CS1998: This async method lacks 'await' operators and will run synchronously. Consider using the 'await' operator to await non-blocking API calls, or 'await Task.Run(...)' to do CPU-bound work on a background thread. [/src/backend/DataModeler.API.csproj]
#26 27.49 /src/backend/Services/LdapAuthService.cs(124,45): error CS0246: The type or namespace name 'LdapConnection' could not be found (are you missing a using directive or an assembly reference?) [/src/backend/DataModeler.API.csproj]
#26 27.49 /src/backend/Services/ModelVersioningService.cs(192,45): warning CS1998: This async method lacks 'await' operators and will run synchronously. Consider using the 'await' operator to await non-blocking API calls, or 'await Task.Run(...)' to do CPU-bound work on a background thread. [/src/backend/DataModeler.API.csproj]
#26 27.49 /src/backend/Services/RelationshipPathTraversalService.cs(631,23): warning CS8618: Non-nullable property 'Severity' must contain a non-null value when exiting constructor. Consider adding the 'required' modifier or declaring the property as nullable. [/src/backend/DataModeler.API.csproj]
#26 27.49 /src/backend/Services/RelationshipPathTraversalService.cs(645,23): warning CS8618: Non-nullable property 'MostConnectedTable' must contain a non-null value when exiting constructor. Consider adding the 'required' modifier or declaring the property as nullable. [/src/backend/DataModeler.API.csproj]
#26 27.49 /src/backend/Controllers/AdminController.cs(124,74): error CS1503: Argument 1: cannot convert from 'DataModeler.API.DTOs.LdapConfigDto' to 'DataModeler.API.Services.LdapConfig' [/src/backend/DataModeler.API.csproj]
#26 27.49 /src/backend/Controllers/AdminController.cs(133,73): error CS1503: Argument 1: cannot convert from 'DataModeler.API.DTOs.AzureAdConfigDto' to 'DataModeler.API.Services.AzureAdConfig' [/src/backend/DataModeler.API.csproj]
#26 27.49 /src/backend/Controllers/ModelsController.cs(87,21): error CS8072: An expression tree lambda may not contain a null propagating operator. [/src/backend/DataModeler.API.csproj]
#26 27.49 /src/backend/Controllers/ModelsController.cs(88,33): error CS8072: An expression tree lambda may not contain a null propagating operator. [/src/backend/DataModeler.API.csproj]
#26 27.49 /src/backend/Services/RelationshipPathTraversalService.cs(173,47): error CS1061: 'RelationshipDto' does not contain a definition for 'Type' and no accessible extension method 'Type' accepting a first argument of type 'RelationshipDto' could be found (are you missing a using directive or an assembly reference?) [/src/backend/DataModeler.API.csproj]
#26 27.49 /src/backend/Services/RelationshipPathTraversalService.cs(187,47): error CS1061: 'RelationshipDto' does not contain a definition for 'Type' and no accessible extension method 'Type' accepting a first argument of type 'RelationshipDto' could be found (are you missing a using directive or an assembly reference?) [/src/backend/DataModeler.API.csproj]
#26 27.49 /src/backend/Controllers/AdminController.cs(208,21): error CS1061: 'DevopsSettings' does not contain a definition for 'ConfigJson' and no accessible extension method 'ConfigJson' accepting a first argument of type 'DevopsSettings' could be found (are you missing a using directive or an assembly reference?) [/src/backend/DataModeler.API.csproj]
#26 27.49 /src/backend/Services/AdminReportService.cs(161,63): error CS1501: No overload for method 'GetPerformanceMetricsAsync' takes 2 arguments [/src/backend/DataModeler.API.csproj]
#26 27.49 /src/backend/Services/AdminDashboardService.cs(185,50): error CS0266: Cannot implicitly convert type 'double' to 'decimal'. An explicit conversion exists (are you missing a cast?) [/src/backend/DataModeler.API.csproj]
#26 27.49 /src/backend/Services/SqlDialectGenerators.cs(111,35): error CS1579: foreach statement cannot operate on variables of type 'void' because 'void' does not contain a public instance or extension definition for 'GetEnumerator' [/src/backend/DataModeler.API.csproj]
#26 27.49 /src/backend/Services/ModelVersioningService.cs(408,48): warning CS1998: This async method lacks 'await' operators and will run synchronously. Consider using the 'await' operator to await non-blocking API calls, or 'await Task.Run(...)' to do CPU-bound work on a background thread. [/src/backend/DataModeler.API.csproj]
#26 27.49 /src/backend/Services/BranchingManagementService.cs(271,33): warning CS1998: This async method lacks 'await' operators and will run synchronously. Consider using the 'await' operator to await non-blocking API calls, or 'await Task.Run(...)' to do CPU-bound work on a background thread. [/src/backend/DataModeler.API.csproj]
#26 27.49 /src/backend/Services/BranchingManagementService.cs(306,38): warning CS1998: This async method lacks 'await' operators and will run synchronously. Consider using the 'await' operator to await non-blocking API calls, or 'await Task.Run(...)' to do CPU-bound work on a background thread. [/src/backend/DataModeler.API.csproj]
#26 27.49 /src/backend/Services/SqlSchemaComparatorService.cs(610,23): warning CS8618: Non-nullable property 'StageName' must contain a non-null value when exiting constructor. Consider adding the 'required' modifier or declaring the property as nullable. [/src/backend/DataModeler.API.csproj]
#26 27.49 /src/backend/Services/SqlSchemaComparatorService.cs(611,23): warning CS8618: Non-nullable property 'Description' must contain a non-null value when exiting constructor. Consider adding the 'required' modifier or declaring the property as nullable. [/src/backend/DataModeler.API.csproj]
#26 27.49 /src/backend/Services/BranchingManagementService.cs(332,38): warning CS1998: This async method lacks 'await' operators and will run synchronously. Consider using the 'await' operator to await non-blocking API calls, or 'await Task.Run(...)' to do CPU-bound work on a background thread. [/src/backend/DataModeler.API.csproj]
#26 27.49 /src/backend/Services/SqlSchemaComparatorService.cs(640,23): warning CS8618: Non-nullable property 'Message' must contain a non-null value when exiting constructor. Consider adding the 'required' modifier or declaring the property as nullable. [/src/backend/DataModeler.API.csproj]
#26 27.49 /src/backend/Services/SqlSchemaComparatorService.cs(651,23): warning CS8618: Non-nullable property 'Message' must contain a non-null value when exiting constructor. Consider adding the 'required' modifier or declaring the property as nullable. [/src/backend/DataModeler.API.csproj]
#26 27.49 /src/backend/Services/SqlDialectGenerators.cs(181,67): warning CS8604: Possible null reference argument for parameter 'identifier' in 'string PostgreSqlDialectGenerator.EscapeIdentifier(string identifier)'. [/src/backend/DataModeler.API.csproj]
#26 27.50 /src/backend/Services/SqlDialectGenerators.cs(189,61): warning CS8604: Possible null reference argument for parameter 'identifier' in 'string PostgreSqlDialectGenerator.EscapeIdentifier(string identifier)'. [/src/backend/DataModeler.API.csproj]
#26 27.50 /src/backend/Services/StatementOrderingService.cs(401,36): warning CS8618: Non-nullable property 'OriginalPlan' must contain a non-null value when exiting constructor. Consider adding the 'required' modifier or declaring the property as nullable. [/src/backend/DataModeler.API.csproj]
#26 27.50 /src/backend/Services/SqlSchemaComparatorService.cs(595,23): warning CS8618: Non-nullable property 'DatabaseDialect' must contain a non-null value when exiting constructor. Consider adding the 'required' modifier or declaring the property as nullable. [/src/backend/DataModeler.API.csproj]
#26 27.50 /src/backend/Services/SqlSchemaComparatorService.cs(602,23): warning CS8618: Non-nullable property 'Summary' must contain a non-null value when exiting constructor. Consider adding the 'required' modifier or declaring the property as nullable. [/src/backend/DataModeler.API.csproj]
#26 27.50 /src/backend/Services/StatementOrderingService.cs(437,23): warning CS8618: Non-nullable property 'Description' must contain a non-null value when exiting constructor. Consider adding the 'required' modifier or declaring the property as nullable. [/src/backend/DataModeler.API.csproj]
#26 27.50 /src/backend/Services/StatementOrderingService.cs(438,23): warning CS8618: Non-nullable property 'RequiredAction' must contain a non-null value when exiting constructor. Consider adding the 'required' modifier or declaring the property as nullable. [/src/backend/DataModeler.API.csproj]
#26 27.50 /src/backend/Services/StatementOrderingService.cs(425,38): warning CS8618: Non-nullable property 'Operation' must contain a non-null value when exiting constructor. Consider adding the 'required' modifier or declaring the property as nullable. [/src/backend/DataModeler.API.csproj]
#26 27.50 /src/backend/Services/SqlDialectGenerators.cs(200,52): warning CS8604: Possible null reference argument for parameter 'identifier' in 'string PostgreSqlDialectGenerator.EscapeIdentifier(string identifier)'. [/src/backend/DataModeler.API.csproj]
#26 27.50 /src/backend/Services/SqlDialectGenerators.cs(201,51): warning CS8604: Possible null reference argument for parameter 'identifier' in 'string PostgreSqlDialectGenerator.EscapeIdentifier(string identifier)'. [/src/backend/DataModeler.API.csproj]
#26 27.50 /src/backend/Services/BranchingManagementService.cs(428,40): warning CS8601: Possible null reference assignment. [/src/backend/DataModeler.API.csproj]
#26 27.50 /src/backend/Services/StatementOrderingService.cs(459,23): warning CS8618: Non-nullable property 'Resolution' must contain a non-null value when exiting constructor. Consider adding the 'required' modifier or declaring the property as nullable. [/src/backend/DataModeler.API.csproj]
#26 27.50 /src/backend/Services/SystemMetricsService.cs(58,16): warning CS8618: Non-nullable field '_collectionTimer' must contain a non-null value when exiting constructor. Consider adding the 'required' modifier or declaring the field as nullable. [/src/backend/DataModeler.API.csproj]
#26 27.50 /src/backend/Services/SystemMetricsService.cs(58,16): warning CS8618: Non-nullable field '_cancellationTokenSource' must contain a non-null value when exiting constructor. Consider adding the 'required' modifier or declaring the field as nullable. [/src/backend/DataModeler.API.csproj]
#26 27.50 /src/backend/Services/SystemMetricsService.cs(58,16): warning CS8618: Non-nullable field '_lastCPUMetrics' must contain a non-null value when exiting constructor. Consider adding the 'required' modifier or declaring the field as nullable. [/src/backend/DataModeler.API.csproj]
#26 27.50 /src/backend/Services/SystemMetricsService.cs(58,16): warning CS8618: Non-nullable field '_lastMemoryMetrics' must contain a non-null value when exiting constructor. Consider adding the 'required' modifier or declaring the field as nullable. [/src/backend/DataModeler.API.csproj]
#26 27.50 /src/backend/Services/SqlDialectGenerators.cs(206,52): warning CS8604: Possible null reference argument for parameter 'identifier' in 'string PostgreSqlDialectGenerator.EscapeIdentifier(string identifier)'. [/src/backend/DataModeler.API.csproj]
#26 27.50 /src/backend/Services/SqlDialectGenerators.cs(207,52): warning CS8604: Possible null reference argument for parameter 'identifier' in 'string PostgreSqlDialectGenerator.EscapeIdentifier(string identifier)'. [/src/backend/DataModeler.API.csproj]
#26 27.50 /src/backend/Services/SystemMetricsService.cs(586,27): warning CS8618: Non-nullable property 'CPU' must contain a non-null value when exiting constructor. Consider adding the 'required' modifier or declaring the property as nullable. [/src/backend/DataModeler.API.csproj]
#26 27.50 /src/backend/Services/SystemMetricsService.cs(587,30): warning CS8618: Non-nullable property 'Memory' must contain a non-null value when exiting constructor. Consider adding the 'required' modifier or declaring the property as nullable. [/src/backend/DataModeler.API.csproj]
#26 27.50 /src/backend/Services/SystemMetricsService.cs(588,28): warning CS8618: Non-nullable property 'Disk' must contain a non-null value when exiting constructor. Consider adding the 'required' modifier or declaring the property as nullable. [/src/backend/DataModeler.API.csproj]
#26 27.50 /src/backend/Services/SystemMetricsService.cs(589,31): warning CS8618: Non-nullable property 'Network' must contain a non-null value when exiting constructor. Consider adding the 'required' modifier or declaring the property as nullable. [/src/backend/DataModeler.API.csproj]
#26 27.50 /src/backend/Services/SystemMetricsService.cs(590,32): warning CS8618: Non-nullable property 'Database' must contain a non-null value when exiting constructor. Consider adding the 'required' modifier or declaring the property as nullable. [/src/backend/DataModeler.API.csproj]
#26 27.50 /src/backend/Services/SystemMetricsService.cs(591,27): warning CS8618: Non-nullable property 'API' must contain a non-null value when exiting constructor. Consider adding the 'required' modifier or declaring the property as nullable. [/src/backend/DataModeler.API.csproj]
#26 27.50 /src/backend/Services/SystemMetricsService.cs(601,23): warning CS8618: Non-nullable property 'Error' must contain a non-null value when exiting constructor. Consider adding the 'required' modifier or declaring the property as nullable. [/src/backend/DataModeler.API.csproj]
#26 27.50 /src/backend/Controllers/AdminController.cs(261,26): error CS0029: Cannot implicitly convert type 'long' to 'System.Guid' [/src/backend/DataModeler.API.csproj]
#26 27.50 /src/backend/Controllers/AdminController.cs(262,30): error CS0266: Cannot implicitly convert type 'System.Guid?' to 'System.Guid'. An explicit conversion exists (are you missing a cast?) [/src/backend/DataModeler.API.csproj]
#26 27.50 /src/backend/Controllers/AdminController.cs(262,30): warning CS8629: Nullable value type may be null. [/src/backend/DataModeler.API.csproj]
#26 27.50 /src/backend/Services/AzureDevOpsService.cs(127,34): warning CS8601: Possible null reference assignment. [/src/backend/DataModeler.API.csproj]
#26 27.50 /src/backend/Services/AzureDevOpsService.cs(128,36): warning CS8601: Possible null reference assignment. [/src/backend/DataModeler.API.csproj]
#26 27.50 /src/backend/Services/AzureDevOpsService.cs(129,35): warning CS8601: Possible null reference assignment. [/src/backend/DataModeler.API.csproj]
#26 27.50 /src/backend/Services/AzureDevOpsService.cs(130,45): warning CS8601: Possible null reference assignment. [/src/backend/DataModeler.API.csproj]
#26 27.50 /src/backend/Services/AzureDevOpsService.cs(132,41): warning CS8601: Possible null reference assignment. [/src/backend/DataModeler.API.csproj]
#26 27.50 /src/backend/Services/AzureDevOpsService.cs(133,38): warning CS8601: Possible null reference assignment. [/src/backend/DataModeler.API.csproj]
#26 27.50 /src/backend/Services/AzureDevOpsService.cs(134,39): warning CS8601: Possible null reference assignment. [/src/backend/DataModeler.API.csproj]
#26 27.50 /src/backend/Services/SystemMetricsService.cs(615,23): warning CS8618: Non-nullable property 'Error' must contain a non-null value when exiting constructor. Consider adding the 'required' modifier or declaring the property as nullable. [/src/backend/DataModeler.API.csproj]
#26 27.50 /src/backend/Services/SystemMetricsService.cs(623,23): warning CS8618: Non-nullable property 'Error' must contain a non-null value when exiting constructor. Consider adding the 'required' modifier or declaring the property as nullable. [/src/backend/DataModeler.API.csproj]
#26 27.50 /src/backend/Services/SqlDialectGenerators.cs(219,53): warning CS8604: Possible null reference argument for parameter 'identifier' in 'string PostgreSqlDialectGenerator.EscapeIdentifier(string identifier)'. [/src/backend/DataModeler.API.csproj]
#26 27.50 /src/backend/Services/SqlDialectGenerators.cs(220,54): warning CS8604: Possible null reference argument for parameter 'identifier' in 'string PostgreSqlDialectGenerator.EscapeIdentifier(string identifier)'. [/src/backend/DataModeler.API.csproj]
#26 27.50 /src/backend/Services/SqlDialectGenerators.cs(229,53): warning CS8604: Possible null reference argument for parameter 'identifier' in 'string PostgreSqlDialectGenerator.EscapeIdentifier(string identifier)'. [/src/backend/DataModeler.API.csproj]
#26 27.50 /src/backend/Services/SqlDialectGenerators.cs(230,54): warning CS8604: Possible null reference argument for parameter 'identifier' in 'string PostgreSqlDialectGenerator.EscapeIdentifier(string identifier)'. [/src/backend/DataModeler.API.csproj]
#26 27.50 /src/backend/Services/SystemMetricsService.cs(628,23): warning CS8618: Non-nullable property 'DriveName' must contain a non-null value when exiting constructor. Consider adding the 'required' modifier or declaring the property as nullable. [/src/backend/DataModeler.API.csproj]
#26 27.50 /src/backend/Services/SystemMetricsService.cs(644,23): warning CS8618: Non-nullable property 'Error' must contain a non-null value when exiting constructor. Consider adding the 'required' modifier or declaring the property as nullable. [/src/backend/DataModeler.API.csproj]
#26 27.50 /src/backend/Services/SqlDialectGenerators.cs(238,52): warning CS8604: Possible null reference argument for parameter 'identifier' in 'string PostgreSqlDialectGenerator.EscapeIdentifier(string identifier)'. [/src/backend/DataModeler.API.csproj]
#26 27.50 /src/backend/Services/SqlDialectGenerators.cs(239,55): warning CS8604: Possible null reference argument for parameter 'identifier' in 'string PostgreSqlDialectGenerator.EscapeIdentifier(string identifier)'. [/src/backend/DataModeler.API.csproj]
#26 27.50 /src/backend/Services/SqlDialectGenerators.cs(240,53): warning CS8604: Possible null reference argument for parameter 'identifier' in 'string PostgreSqlDialectGenerator.EscapeIdentifier(string identifier)'. [/src/backend/DataModeler.API.csproj]
#26 27.50 /src/backend/Services/SqlDialectGenerators.cs(241,51): warning CS8604: Possible null reference argument for parameter 'identifier' in 'string PostgreSqlDialectGenerator.EscapeIdentifier(string identifier)'. [/src/backend/DataModeler.API.csproj]
#26 27.50 /src/backend/Services/SqlDialectGenerators.cs(242,41): warning CS8604: Possible null reference argument for parameter 'identifier' in 'string PostgreSqlDialectGenerator.EscapeIdentifier(string identifier)'. [/src/backend/DataModeler.API.csproj]
#26 27.50 /src/backend/Services/ModelVersioningService.cs(557,37): warning CS1998: This async method lacks 'await' operators and will run synchronously. Consider using the 'await' operator to await non-blocking API calls, or 'await Task.Run(...)' to do CPU-bound work on a background thread. [/src/backend/DataModeler.API.csproj]
#26 27.50 /src/backend/Services/SystemMetricsService.cs(659,23): warning CS8618: Non-nullable property 'Error' must contain a non-null value when exiting constructor. Consider adding the 'required' modifier or declaring the property as nullable. [/src/backend/DataModeler.API.csproj]
#26 27.50 /src/backend/Services/SqlDialectGenerators.cs(248,52): warning CS8604: Possible null reference argument for parameter 'identifier' in 'string PostgreSqlDialectGenerator.EscapeIdentifier(string identifier)'. [/src/backend/DataModeler.API.csproj]
#26 27.50 /src/backend/Services/SqlDialectGenerators.cs(249,56): warning CS8604: Possible null reference argument for parameter 'identifier' in 'string PostgreSqlDialectGenerator.EscapeIdentifier(string identifier)'. [/src/backend/DataModeler.API.csproj]
#26 27.50 /src/backend/Services/SystemMetricsService.cs(681,23): warning CS8618: Non-nullable property 'Status' must contain a non-null value when exiting constructor. Consider adding the 'required' modifier or declaring the property as nullable. [/src/backend/DataModeler.API.csproj]
#26 27.50 /src/backend/Services/SystemMetricsService.cs(683,23): warning CS8618: Non-nullable property 'Error' must contain a non-null value when exiting constructor. Consider adding the 'required' modifier or declaring the property as nullable. [/src/backend/DataModeler.API.csproj]
#26 27.50 /src/backend/Services/AzureDevOpsService.cs(174,30): warning CS8601: Possible null reference assignment. [/src/backend/DataModeler.API.csproj]
#26 27.50 /src/backend/Services/AzureDevOpsService.cs(175,32): warning CS8601: Possible null reference assignment. [/src/backend/DataModeler.API.csproj]
#26 27.50 /src/backend/Services/AzureDevOpsService.cs(176,31): warning CS8601: Possible null reference assignment. [/src/backend/DataModeler.API.csproj]
#26 27.50 /src/backend/Services/AzureDevOpsService.cs(177,41): warning CS8601: Possible null reference assignment. [/src/backend/DataModeler.API.csproj]
#26 27.50 /src/backend/Services/AzureDevOpsService.cs(180,34): warning CS8601: Possible null reference assignment. [/src/backend/DataModeler.API.csproj]
#26 27.50 /src/backend/Services/AzureDevOpsService.cs(181,35): warning CS8601: Possible null reference assignment. [/src/backend/DataModeler.API.csproj]
#26 27.50 /src/backend/Services/SystemMetricsService.cs(672,23): warning CS8618: Non-nullable property 'MostUsedEndpoint' must contain a non-null value when exiting constructor. Consider adding the 'required' modifier or declaring the property as nullable. [/src/backend/DataModeler.API.csproj]
#26 27.50 /src/backend/Services/SystemMetricsService.cs(675,23): warning CS8618: Non-nullable property 'Error' must contain a non-null value when exiting constructor. Consider adding the 'required' modifier or declaring the property as nullable. [/src/backend/DataModeler.API.csproj]
#26 27.50 /src/backend/Services/BranchingManagementService.cs(509,20): warning CS8603: Possible null reference return. [/src/backend/DataModeler.API.csproj]
#26 27.50 /src/backend/Services/SystemMetricsService.cs(688,23): warning CS8618: Non-nullable property 'Name' must contain a non-null value when exiting constructor. Consider adding the 'required' modifier or declaring the property as nullable. [/src/backend/DataModeler.API.csproj]
#26 27.50 /src/backend/Services/SystemMetricsService.cs(689,23): warning CS8618: Non-nullable property 'Status' must contain a non-null value when exiting constructor. Consider adding the 'required' modifier or declaring the property as nullable. [/src/backend/DataModeler.API.csproj]
#26 27.50 /src/backend/Services/SystemMetricsService.cs(691,23): warning CS8618: Non-nullable property 'Unit' must contain a non-null value when exiting constructor. Consider adding the 'required' modifier or declaring the property as nullable. [/src/backend/DataModeler.API.csproj]
#26 27.50 /src/backend/Services/SqlDialectGenerators.cs(258,61): warning CS8604: Possible null reference argument for parameter 'identifier' in 'string PostgreSqlDialectGenerator.EscapeIdentifier(string identifier)'. [/src/backend/DataModeler.API.csproj]
#26 27.50 /src/backend/Services/SqlDialectGenerators.cs(259,43): warning CS8604: Possible null reference argument for parameter 'identifier' in 'string PostgreSqlDialectGenerator.EscapeIdentifier(string identifier)'. [/src/backend/DataModeler.API.csproj]
#26 27.50 /src/backend/Services/SqlDialectGenerators.cs(264,61): warning CS8604: Possible null reference argument for parameter 'identifier' in 'string PostgreSqlDialectGenerator.EscapeIdentifier(string identifier)'. [/src/backend/DataModeler.API.csproj]
#26 27.50 /src/backend/Services/BranchingManagementService.cs(537,27): warning CS8618: Non-nullable property 'Name' must contain a non-null value when exiting constructor. Consider adding the 'required' modifier or declaring the property as nullable. [/src/backend/DataModeler.API.csproj]
#26 27.50 /src/backend/Services/BranchingManagementService.cs(538,27): warning CS8618: Non-nullable property 'CreatedBy' must contain a non-null value when exiting constructor. Consider adding the 'required' modifier or declaring the property as nullable. [/src/backend/DataModeler.API.csproj]
#26 27.50 /src/backend/Services/BranchingManagementService.cs(544,27): warning CS8618: Non-nullable property 'Description' must contain a non-null value when exiting constructor. Consider adding the 'required' modifier or declaring the property as nullable. [/src/backend/DataModeler.API.csproj]
#26 27.50 /src/backend/Services/BranchingManagementService.cs(545,31): warning CS8618: Non-nullable property 'VersionIds' must contain a non-null value when exiting constructor. Consider adding the 'required' modifier or declaring the property as nullable. [/src/backend/DataModeler.API.csproj]
#26 27.50 /src/backend/Services/BranchingManagementService.cs(547,27): warning CS8618: Non-nullable property 'LastModifiedBy' must contain a non-null value when exiting constructor. Consider adding the 'required' modifier or declaring the property as nullable. [/src/backend/DataModeler.API.csproj]
#26 27.50 /src/backend/Services/BranchingManagementService.cs(549,27): warning CS8618: Non-nullable property 'LastAccessedBy' must contain a non-null value when exiting constructor. Consider adding the 'required' modifier or declaring the property as nullable. [/src/backend/DataModeler.API.csproj]
#26 27.50 /src/backend/Services/BranchingManagementService.cs(551,27): warning CS8618: Non-nullable property 'MergeSourceBranch' must contain a non-null value when exiting constructor. Consider adding the 'required' modifier or declaring the property as nullable. [/src/backend/DataModeler.API.csproj]
#26 27.50 /src/backend/Services/SqlDialectGenerators.cs(270,52): warning CS8604: Possible null reference argument for parameter 'identifier' in 'string PostgreSqlDialectGenerator.EscapeIdentifier(string identifier)'. [/src/backend/DataModeler.API.csproj]
#26 27.50 /src/backend/Services/SystemMetricsService.cs(111,46): error CS1069: The type name 'PerformanceCounter' could not be found in the namespace 'System.Diagnostics'. This type has been forwarded to assembly 'System.Diagnostics.PerformanceCounter, Version=0.0.0.0, Culture=neutral, PublicKeyToken=cc7b13ffcd2ddd51' Consider adding a reference to that assembly. [/src/backend/DataModeler.API.csproj]
#26 27.50 /src/backend/Services/SystemMetricsService.cs(140,39): error CS0266: Cannot implicitly convert type 'float' to 'decimal'. An explicit conversion exists (are you missing a cast?) [/src/backend/DataModeler.API.csproj]
#26 27.50 /src/backend/Services/SqlDialectGenerators.cs(275,60): warning CS8604: Possible null reference argument for parameter 'identifier' in 'string PostgreSqlDialectGenerator.EscapeIdentifier(string identifier)'. [/src/backend/DataModeler.API.csproj]
#26 27.50 /src/backend/Services/VersionComparisonService.cs(636,23): warning CS8618: Non-nullable property 'Type' must contain a non-null value when exiting constructor. Consider adding the 'required' modifier or declaring the property as nullable. [/src/backend/DataModeler.API.csproj]
#26 27.50 /src/backend/Services/VersionComparisonService.cs(638,23): warning CS8618: Non-nullable property 'Content' must contain a non-null value when exiting constructor. Consider adding the 'required' modifier or declaring the property as nullable. [/src/backend/DataModeler.API.csproj]
#26 27.50 /src/backend/Services/VersionComparisonService.cs(625,23): warning CS8618: Non-nullable property 'OriginalContent' must contain a non-null value when exiting constructor. Consider adding the 'required' modifier or declaring the property as nullable. [/src/backend/DataModeler.API.csproj]
#26 27.50 /src/backend/Services/VersionComparisonService.cs(626,23): warning CS8618: Non-nullable property 'ModifiedContent' must contain a non-null value when exiting constructor. Consider adding the 'required' modifier or declaring the property as nullable. [/src/backend/DataModeler.API.csproj]
#26 27.50 /src/backend/Services/VersionComparisonService.cs(655,23): warning CS8618: Non-nullable property 'ChangeType' must contain a non-null value when exiting constructor. Consider adding the 'required' modifier or declaring the property as nullable. [/src/backend/DataModeler.API.csproj]
#26 27.50 /src/backend/Services/VersionComparisonService.cs(656,23): warning CS8618: Non-nullable property 'EntityName' must contain a non-null value when exiting constructor. Consider adding the 'required' modifier or declaring the property as nullable. [/src/backend/DataModeler.API.csproj]
#26 27.50 /src/backend/Services/VersionComparisonService.cs(657,23): warning CS8618: Non-nullable property 'Severity' must contain a non-null value when exiting constructor. Consider adding the 'required' modifier or declaring the property as nullable. [/src/backend/DataModeler.API.csproj]
#26 27.50 /src/backend/Services/VersionComparisonService.cs(658,23): warning CS8618: Non-nullable property 'Details' must contain a non-null value when exiting constructor. Consider adding the 'required' modifier or declaring the property as nullable. [/src/backend/DataModeler.API.csproj]
#26 27.50 /src/backend/Services/VersionComparisonService.cs(673,34): warning CS8618: Non-nullable property 'StructuralChanges' must contain a non-null value when exiting constructor. Consider adding the 'required' modifier or declaring the property as nullable. [/src/backend/DataModeler.API.csproj]
#26 27.50 /src/backend/Services/VersionComparisonService.cs(674,32): warning CS8618: Non-nullable property 'DetailedDiff' must contain a non-null value when exiting constructor. Consider adding the 'required' modifier or declaring the property as nullable. [/src/backend/DataModeler.API.csproj]
#26 27.50 /src/backend/Services/VersionComparisonService.cs(675,35): warning CS8618: Non-nullable property 'Similarity' must contain a non-null value when exiting constructor. Consider adding the 'required' modifier or declaring the property as nullable. [/src/backend/DataModeler.API.csproj]
#26 27.50 /src/backend/Services/VersionComparisonService.cs(676,23): warning CS8618: Non-nullable property 'SummaryText' must contain a non-null value when exiting constructor. Consider adding the 'required' modifier or declaring the property as nullable. [/src/backend/DataModeler.API.csproj]
#26 27.50 /src/backend/Services/SqlDialectGenerators.cs(285,52): warning CS8604: Possible null reference argument for parameter 'identifier' in 'string PostgreSqlDialectGenerator.EscapeIdentifier(string identifier)'. [/src/backend/DataModeler.API.csproj]
#26 27.50 /src/backend/Services/SqlDialectGenerators.cs(286,55): warning CS8604: Possible null reference argument for parameter 'identifier' in 'string PostgreSqlDialectGenerator.EscapeIdentifier(string identifier)'. [/src/backend/DataModeler.API.csproj]
#26 27.50 /src/backend/Services/SqlDialectGenerators.cs(287,48): warning CS8604: Possible null reference argument for parameter 'identifier' in 'string PostgreSqlDialectGenerator.EscapeIdentifier(string identifier)'. [/src/backend/DataModeler.API.csproj]
#26 27.50 /src/backend/Services/SqlDialectGenerators.cs(292,52): warning CS8604: Possible null reference argument for parameter 'identifier' in 'string PostgreSqlDialectGenerator.EscapeIdentifier(string identifier)'. [/src/backend/DataModeler.API.csproj]
#26 27.50 /src/backend/Services/SqlDialectGenerators.cs(293,56): warning CS8604: Possible null reference argument for parameter 'identifier' in 'string PostgreSqlDialectGenerator.EscapeIdentifier(string identifier)'. [/src/backend/DataModeler.API.csproj]
#26 27.50 /src/backend/Services/SystemMetricsService.cs(172,39): error CS0266: Cannot implicitly convert type 'double' to 'decimal'. An explicit conversion exists (are you missing a cast?) [/src/backend/DataModeler.API.csproj]
#26 27.50 /src/backend/Services/AzureDevOpsService.cs(258,28): warning CS8603: Possible null reference return. [/src/backend/DataModeler.API.csproj]
#26 27.50 /src/backend/Services/SystemMetricsService.cs(212,45): error CS1069: The type name 'PerformanceCounter' could not be found in the namespace 'System.Diagnostics'. This type has been forwarded to assembly 'System.Diagnostics.PerformanceCounter, Version=0.0.0.0, Culture=neutral, PublicKeyToken=cc7b13ffcd2ddd51' Consider adding a reference to that assembly. [/src/backend/DataModeler.API.csproj]
#26 27.50 /src/backend/Services/SystemMetricsService.cs(242,43): error CS0266: Cannot implicitly convert type 'double' to 'decimal'. An explicit conversion exists (are you missing a cast?) [/src/backend/DataModeler.API.csproj]
#26 27.50 /src/backend/Services/SystemMetricsService.cs(246,48): error CS0266: Cannot implicitly convert type 'float' to 'decimal'. An explicit conversion exists (are you missing a cast?) [/src/backend/DataModeler.API.csproj]
#26 27.50 /src/backend/Services/AzureDevOpsService.cs(291,33): error CS0019: Operator '??' cannot be applied to operands of type 'List<<anonymous type: string id>>' and 'List<object>' [/src/backend/DataModeler.API.csproj]
#26 27.50 /src/backend/Services/SystemMetricsService.cs(350,33): error CS0664: Literal of type double cannot be implicitly converted to type 'decimal'; use an 'M' suffix to create a literal of this type [/src/backend/DataModeler.API.csproj]
#26 27.50 /src/backend/Controllers/ModelsController.cs(455,22): error CS0029: Cannot implicitly convert type 'System.Guid' to 'long' [/src/backend/DataModeler.API.csproj]
#26 27.50 /src/backend/Services/WebSocketConnectionManager.cs(186,62): error CS0103: The name 'userName' does not exist in the current context [/src/backend/DataModeler.API.csproj]
#26 27.50 /src/backend/Services/AzureDevOpsService.cs(350,36): warning CS8601: Possible null reference assignment. [/src/backend/DataModeler.API.csproj]
#26 27.50 /src/backend/Services/AzureDevOpsService.cs(351,35): warning CS8601: Possible null reference assignment. [/src/backend/DataModeler.API.csproj]
#26 27.50 /src/backend/Services/AzureDevOpsService.cs(352,38): warning CS8601: Possible null reference assignment. [/src/backend/DataModeler.API.csproj]
#26 27.50 /src/backend/Services/SystemMetricsService.cs(389,29): error CS0266: Cannot implicitly convert type 'decimal' to 'double'. An explicit conversion exists (are you missing a cast?) [/src/backend/DataModeler.API.csproj]
#26 27.50 /src/backend/Services/SystemMetricsService.cs(401,29): error CS0266: Cannot implicitly convert type 'decimal' to 'double'. An explicit conversion exists (are you missing a cast?) [/src/backend/DataModeler.API.csproj]
#26 27.50 /src/backend/Services/SystemMetricsService.cs(413,29): error CS0266: Cannot implicitly convert type 'decimal' to 'double'. An explicit conversion exists (are you missing a cast?) [/src/backend/DataModeler.API.csproj]
#26 27.50 /src/backend/Services/SystemMetricsService.cs(434,30): error CS0019: Operator '>' cannot be applied to operands of type 'decimal' and 'double' [/src/backend/DataModeler.API.csproj]
#26 27.50 /src/backend/Services/SystemMetricsService.cs(435,29): error CS0019: Operator '>' cannot be applied to operands of type 'decimal' and 'double' [/src/backend/DataModeler.API.csproj]
#26 27.50 /src/backend/Services/SystemMetricsService.cs(436,29): error CS0266: Cannot implicitly convert type 'decimal' to 'double'. An explicit conversion exists (are you missing a cast?) [/src/backend/DataModeler.API.csproj]
#26 27.50 /src/backend/Services/SystemMetricsService.cs(498,32): warning CS8625: Cannot convert null literal to non-nullable reference type. [/src/backend/DataModeler.API.csproj]
#26 27.50 /src/backend/Services/AzureDevOpsService.cs(402,32): warning CS8601: Possible null reference assignment. [/src/backend/DataModeler.API.csproj]
#26 27.50 /src/backend/Services/AzureDevOpsService.cs(403,33): warning CS8601: Possible null reference assignment. [/src/backend/DataModeler.API.csproj]
#26 27.50 /src/backend/Services/AzureDevOpsService.cs(404,34): warning CS8601: Possible null reference assignment. [/src/backend/DataModeler.API.csproj]
#26 27.50 /src/backend/Services/AzureDevOpsService.cs(405,54): warning CS8604: Possible null reference argument for parameter 's' in 'DateTime DateTime.Parse(string s)'. [/src/backend/DataModeler.API.csproj]
#26 27.50 /src/backend/Services/AzureDevOpsService.cs(406,31): warning CS8601: Possible null reference assignment. [/src/backend/DataModeler.API.csproj]
#26 27.50 /src/backend/Services/AzureDevOpsService.cs(447,40): warning CS8601: Possible null reference assignment. [/src/backend/DataModeler.API.csproj]
#26 27.50 /src/backend/Services/AzureDevOpsService.cs(448,38): warning CS8601: Possible null reference assignment. [/src/backend/DataModeler.API.csproj]
#26 27.50 /src/backend/Services/AzureDevOpsService.cs(449,43): warning CS8601: Possible null reference assignment. [/src/backend/DataModeler.API.csproj]
#26 27.50 /src/backend/Services/AzureDevOpsService.cs(450,39): warning CS8601: Possible null reference assignment. [/src/backend/DataModeler.API.csproj]
#26 27.50 /src/backend/Services/AzureDevOpsService.cs(451,57): warning CS8604: Possible null reference argument for parameter 's' in 'DateTime DateTime.Parse(string s)'. [/src/backend/DataModeler.API.csproj]
#26 27.50 /src/backend/Services/AzureDevOpsService.cs(452,35): warning CS8601: Possible null reference assignment. [/src/backend/DataModeler.API.csproj]
#26 27.50 /src/backend/Services/AzureDevOpsService.cs(493,36): warning CS8601: Possible null reference assignment. [/src/backend/DataModeler.API.csproj]
#26 27.50 /src/backend/Services/AzureDevOpsService.cs(494,34): warning CS8601: Possible null reference assignment. [/src/backend/DataModeler.API.csproj]
#26 27.50 /src/backend/Services/AzureDevOpsService.cs(495,39): warning CS8601: Possible null reference assignment. [/src/backend/DataModeler.API.csproj]
#26 27.50 /src/backend/Services/AzureDevOpsService.cs(496,35): warning CS8601: Possible null reference assignment. [/src/backend/DataModeler.API.csproj]
#26 27.50 /src/backend/Services/AzureDevOpsService.cs(497,53): warning CS8604: Possible null reference argument for parameter 's' in 'DateTime DateTime.Parse(string s)'. [/src/backend/DataModeler.API.csproj]
#26 27.50 /src/backend/Services/AzureDevOpsService.cs(498,56): warning CS8604: Possible null reference argument for parameter 's' in 'DateTime DateTime.Parse(string s)'. [/src/backend/DataModeler.API.csproj]
#26 27.50 /src/backend/Services/AzureDevOpsService.cs(499,35): warning CS8619: Nullability of reference types in value of type 'List<string?>' doesn't match target type 'List<string>'. [/src/backend/DataModeler.API.csproj]
#26 27.50 /src/backend/Services/AzureDevOpsService.cs(500,31): warning CS8601: Possible null reference assignment. [/src/backend/DataModeler.API.csproj]
#26 27.50 /src/backend/Services/AzureDevOpsService.cs(505,48): warning CS8601: Possible null reference assignment. [/src/backend/DataModeler.API.csproj]
#26 27.50 /src/backend/Services/AzureDevOpsService.cs(506,44): warning CS8601: Possible null reference assignment. [/src/backend/DataModeler.API.csproj]
#26 27.50 /src/backend/Services/AzureDevOpsService.cs(507,50): warning CS8601: Possible null reference assignment. [/src/backend/DataModeler.API.csproj]
#26 27.50 /src/backend/Services/VersionComparisonService.cs(612,27): warning CS8618: Non-nullable property 'FromTable' must contain a non-null value when exiting constructor. Consider adding the 'required' modifier or declaring the property as nullable. [/src/backend/DataModeler.API.csproj]
#26 27.50 /src/backend/Services/VersionComparisonService.cs(613,27): warning CS8618: Non-nullable property 'FromColumn' must contain a non-null value when exiting constructor. Consider adding the 'required' modifier or declaring the property as nullable. [/src/backend/DataModeler.API.csproj]
#26 27.50 /src/backend/Services/VersionComparisonService.cs(614,27): warning CS8618: Non-nullable property 'ToTable' must contain a non-null value when exiting constructor. Consider adding the 'required' modifier or declaring the property as nullable. [/src/backend/DataModeler.API.csproj]
#26 27.50 /src/backend/Services/VersionComparisonService.cs(615,27): warning CS8618: Non-nullable property 'ToColumn' must contain a non-null value when exiting constructor. Consider adding the 'required' modifier or declaring the property as nullable. [/src/backend/DataModeler.API.csproj]
#26 27.51 
#26 27.51 Build FAILED.
#26 27.51 
#26 27.51 /src/backend/DataModeler.API.csproj : warning NU1903: Package 'AutoMapper' 13.0.1 has a known high severity vulnerability, https://github.com/advisories/GHSA-rvv3-g6hj-g44x
#26 27.51 /src/backend/Services/BranchingManagementService.cs(20,34): warning CS8625: Cannot convert null literal to non-nullable reference type. [/src/backend/DataModeler.API.csproj]
#26 27.51 /src/backend/Services/BranchingManagementService.cs(85,34): warning CS8625: Cannot convert null literal to non-nullable reference type. [/src/backend/DataModeler.API.csproj]
#26 27.51 /src/backend/Services/SystemMetricsService.cs(504,62): warning CS8425: Async-iterator 'SystemMetricsService.StreamMetricsAsync(CancellationToken)' has one or more parameters of type 'CancellationToken' but none of them is decorated with the 'EnumeratorCancellation' attribute, so the cancellation token parameter from the generated 'IAsyncEnumerable<>.GetAsyncEnumerator' will be unconsumed [/src/backend/DataModeler.API.csproj]
#26 27.51 /src/backend/DTOs/DevOpsDtos.cs(14,23): warning CS8618: Non-nullable property 'Message' must contain a non-null value when exiting constructor. Consider adding the 'required' modifier or declaring the property as nullable. [/src/backend/DataModeler.API.csproj]
#26 27.51 /src/backend/Services/AdminDashboardService.cs(614,23): warning CS8618: Non-nullable property 'Name' must contain a non-null value when exiting constructor. Consider adding the 'required' modifier or declaring the property as nullable. [/src/backend/DataModeler.API.csproj]
#26 27.51 /src/backend/Services/AdminDashboardService.cs(615,23): warning CS8618: Non-nullable property 'Status' must contain a non-null value when exiting constructor. Consider adding the 'required' modifier or declaring the property as nullable. [/src/backend/DataModeler.API.csproj]
#26 27.51 /src/backend/DTOs/RealtimeDtos.cs(366,23): warning CS8618: Non-nullable property 'FromTable' must contain a non-null value when exiting constructor. Consider adding the 'required' modifier or declaring the property as nullable. [/src/backend/DataModeler.API.csproj]
#26 27.51 /src/backend/DTOs/RealtimeDtos.cs(367,23): warning CS8618: Non-nullable property 'FromColumn' must contain a non-null value when exiting constructor. Consider adding the 'required' modifier or declaring the property as nullable. [/src/backend/DataModeler.API.csproj]
#26 27.51 /src/backend/DTOs/RealtimeDtos.cs(368,23): warning CS8618: Non-nullable property 'ToTable' must contain a non-null value when exiting constructor. Consider adding the 'required' modifier or declaring the property as nullable. [/src/backend/DataModeler.API.csproj]
#26 27.51 /src/backend/DTOs/RealtimeDtos.cs(369,23): warning CS8618: Non-nullable property 'ToColumn' must contain a non-null value when exiting constructor. Consider adding the 'required' modifier or declaring the property as nullable. [/src/backend/DataModeler.API.csproj]
#26 27.51 /src/backend/DTOs/RealtimeDtos.cs(370,23): warning CS8618: Non-nullable property 'RelationType' must contain a non-null value when exiting constructor. Consider adding the 'required' modifier or declaring the property as nullable. [/src/backend/DataModeler.API.csproj]
#26 27.51 /src/backend/Controllers/CollaborationController.cs(248,23): warning CS8618: Non-nullable property 'NotificationType' must contain a non-null value when exiting constructor. Consider adding the 'required' modifier or declaring the property as nullable. [/src/backend/DataModeler.API.csproj]
#26 27.51 /src/backend/Controllers/CollaborationController.cs(249,23): warning CS8618: Non-nullable property 'Message' must contain a non-null value when exiting constructor. Consider adding the 'required' modifier or declaring the property as nullable. [/src/backend/DataModeler.API.csproj]
#26 27.51 /src/backend/Controllers/CollaborationController.cs(250,23): warning CS8618: Non-nullable property 'Data' must contain a non-null value when exiting constructor. Consider adding the 'required' modifier or declaring the property as nullable. [/src/backend/DataModeler.API.csproj]
#26 27.51 /src/backend/Services/AdminDashboardService.cs(598,23): warning CS8618: Non-nullable property 'DatabaseStatus' must contain a non-null value when exiting constructor. Consider adding the 'required' modifier or declaring the property as nullable. [/src/backend/DataModeler.API.csproj]
#26 27.51 /src/backend/Services/WebSocketService.cs(443,23): warning CS8618: Non-nullable property 'UserId' must contain a non-null value when exiting constructor. Consider adding the 'required' modifier or declaring the property as nullable. [/src/backend/DataModeler.API.csproj]
#26 27.51 /src/backend/Services/WebSocketService.cs(444,23): warning CS8618: Non-nullable property 'UserName' must contain a non-null value when exiting constructor. Consider adding the 'required' modifier or declaring the property as nullable. [/src/backend/DataModeler.API.csproj]
#26 27.51 /src/backend/Services/WebSocketService.cs(446,23): warning CS8618: Non-nullable property 'Color' must contain a non-null value when exiting constructor. Consider adding the 'required' modifier or declaring the property as nullable. [/src/backend/DataModeler.API.csproj]
#26 27.51 /src/backend/DTOs/RealtimeDtos.cs(351,23): warning CS8618: Non-nullable property 'Name' must contain a non-null value when exiting constructor. Consider adding the 'required' modifier or declaring the property as nullable. [/src/backend/DataModeler.API.csproj]
#26 27.51 /src/backend/DTOs/RealtimeDtos.cs(352,23): warning CS8618: Non-nullable property 'Type' must contain a non-null value when exiting constructor. Consider adding the 'required' modifier or declaring the property as nullable. [/src/backend/DataModeler.API.csproj]
#26 27.51 /src/backend/DTOs/RealtimeDtos.cs(357,23): warning CS8618: Non-nullable property 'DefaultValue' must contain a non-null value when exiting constructor. Consider adding the 'required' modifier or declaring the property as nullable. [/src/backend/DataModeler.API.csproj]
#26 27.51 /src/backend/DTOs/RealtimeDtos.cs(358,23): warning CS8618: Non-nullable property 'Note' must contain a non-null value when exiting constructor. Consider adding the 'required' modifier or declaring the property as nullable. [/src/backend/DataModeler.API.csproj]
#26 27.51 /src/backend/Services/WebSocketService.cs(420,23): warning CS8618: Non-nullable property 'UserId' must contain a non-null value when exiting constructor. Consider adding the 'required' modifier or declaring the property as nullable. [/src/backend/DataModeler.API.csproj]
#26 27.51 /src/backend/Services/WebSocketService.cs(421,23): warning CS8618: Non-nullable property 'UserName' must contain a non-null value when exiting constructor. Consider adding the 'required' modifier or declaring the property as nullable. [/src/backend/DataModeler.API.csproj]
#26 27.51 /src/backend/Services/WebSocketService.cs(422,23): warning CS8618: Non-nullable property 'Color' must contain a non-null value when exiting constructor. Consider adding the 'required' modifier or declaring the property as nullable. [/src/backend/DataModeler.API.csproj]
#26 27.51 /src/backend/Services/WebSocketService.cs(408,23): warning CS8618: Non-nullable property 'UserId' must contain a non-null value when exiting constructor. Consider adding the 'required' modifier or declaring the property as nullable. [/src/backend/DataModeler.API.csproj]
#26 27.51 /src/backend/Services/WebSocketService.cs(409,23): warning CS8618: Non-nullable property 'UserName' must contain a non-null value when exiting constructor. Consider adding the 'required' modifier or declaring the property as nullable. [/src/backend/DataModeler.API.csproj]
#26 27.51 /src/backend/Services/WebSocketService.cs(410,26): warning CS8618: Non-nullable property 'WebSocket' must contain a non-null value when exiting constructor. Consider adding the 'required' modifier or declaring the property as nullable. [/src/backend/DataModeler.API.csproj]
#26 27.51 /src/backend/Services/WebSocketService.cs(412,31): warning CS8618: Non-nullable property 'CursorPosition' must contain a non-null value when exiting constructor. Consider adding the 'required' modifier or declaring the property as nullable. [/src/backend/DataModeler.API.csproj]
#26 27.51 /src/backend/Services/AdminDashboardService.cs(605,23): warning CS8618: Non-nullable property 'Status' must contain a non-null value when exiting constructor. Consider adding the 'required' modifier or declaring the property as nullable. [/src/backend/DataModeler.API.csproj]
#26 27.51 /src/backend/DTOs/RealtimeDtos.cs(340,23): warning CS8618: Non-nullable property 'Name' must contain a non-null value when exiting constructor. Consider adding the 'required' modifier or declaring the property as nullable. [/src/backend/DataModeler.API.csproj]
#26 27.51 /src/backend/DTOs/RealtimeDtos.cs(341,23): warning CS8618: Non-nullable property 'Alias' must contain a non-null value when exiting constructor. Consider adding the 'required' modifier or declaring the property as nullable. [/src/backend/DataModeler.API.csproj]
#26 27.51 /src/backend/DTOs/RealtimeDtos.cs(343,23): warning CS8618: Non-nullable property 'Note' must contain a non-null value when exiting constructor. Consider adding the 'required' modifier or declaring the property as nullable. [/src/backend/DataModeler.API.csproj]
#26 27.51 /src/backend/DTOs/RealtimeDtos.cs(318,23): warning CS8618: Non-nullable property 'NotificationType' must contain a non-null value when exiting constructor. Consider adding the 'required' modifier or declaring the property as nullable. [/src/backend/DataModeler.API.csproj]
#26 27.51 /src/backend/DTOs/RealtimeDtos.cs(319,23): warning CS8618: Non-nullable property 'Message' must contain a non-null value when exiting constructor. Consider adding the 'required' modifier or declaring the property as nullable. [/src/backend/DataModeler.API.csproj]
#26 27.51 /src/backend/DTOs/RealtimeDtos.cs(320,23): warning CS8618: Non-nullable property 'Data' must contain a non-null value when exiting constructor. Consider adding the 'required' modifier or declaring the property as nullable. [/src/backend/DataModeler.API.csproj]
#26 27.51 /src/backend/DTOs/RealtimeDtos.cs(300,23): warning CS8618: Non-nullable property 'ErrorCode' must contain a non-null value when exiting constructor. Consider adding the 'required' modifier or declaring the property as nullable. [/src/backend/DataModeler.API.csproj]
#26 27.51 /src/backend/DTOs/RealtimeDtos.cs(301,23): warning CS8618: Non-nullable property 'Message' must contain a non-null value when exiting constructor. Consider adding the 'required' modifier or declaring the property as nullable. [/src/backend/DataModeler.API.csproj]
#26 27.51 /src/backend/DTOs/RealtimeDtos.cs(302,23): warning CS8618: Non-nullable property 'Details' must contain a non-null value when exiting constructor. Consider adding the 'required' modifier or declaring the property as nullable. [/src/backend/DataModeler.API.csproj]
#26 27.51 /src/backend/DTOs/RealtimeDtos.cs(289,23): warning CS8618: Non-nullable property 'LockId' must contain a non-null value when exiting constructor. Consider adding the 'required' modifier or declaring the property as nullable. [/src/backend/DataModeler.API.csproj]
#26 27.51 /src/backend/DTOs/RealtimeDtos.cs(290,23): warning CS8618: Non-nullable property 'ReleasedBy' must contain a non-null value when exiting constructor. Consider adding the 'required' modifier or declaring the property as nullable. [/src/backend/DataModeler.API.csproj]
#26 27.51 /src/backend/DTOs/RealtimeDtos.cs(279,23): warning CS8618: Non-nullable property 'LockId' must contain a non-null value when exiting constructor. Consider adding the 'required' modifier or declaring the property as nullable. [/src/backend/DataModeler.API.csproj]
#26 27.51 /src/backend/DTOs/RealtimeDtos.cs(280,25): warning CS8618: Non-nullable property 'Range' must contain a non-null value when exiting constructor. Consider adding the 'required' modifier or declaring the property as nullable. [/src/backend/DataModeler.API.csproj]
#26 27.51 /src/backend/DTOs/RealtimeDtos.cs(281,23): warning CS8618: Non-nullable property 'LockedBy' must contain a non-null value when exiting constructor. Consider adding the 'required' modifier or declaring the property as nullable. [/src/backend/DataModeler.API.csproj]
#26 27.51 /src/backend/DTOs/RealtimeDtos.cs(270,25): warning CS8618: Non-nullable property 'Range' must contain a non-null value when exiting constructor. Consider adding the 'required' modifier or declaring the property as nullable. [/src/backend/DataModeler.API.csproj]
#26 27.51 /src/backend/DTOs/RealtimeDtos.cs(259,38): warning CS8618: Non-nullable property 'RemoteChange' must contain a non-null value when exiting constructor. Consider adding the 'required' modifier or declaring the property as nullable. [/src/backend/DataModeler.API.csproj]
#26 27.51 /src/backend/DTOs/RealtimeDtos.cs(260,23): warning CS8618: Non-nullable property 'ResolutionStrategy' must contain a non-null value when exiting constructor. Consider adding the 'required' modifier or declaring the property as nullable. [/src/backend/DataModeler.API.csproj]
#26 27.51 /src/backend/DTOs/RealtimeDtos.cs(249,23): warning CS8618: Non-nullable property 'Content' must contain a non-null value when exiting constructor. Consider adding the 'required' modifier or declaring the property as nullable. [/src/backend/DataModeler.API.csproj]
#26 27.51 /src/backend/DTOs/RealtimeDtos.cs(250,44): warning CS8618: Non-nullable property 'ChangesSincVersion' must contain a non-null value when exiting constructor. Consider adding the 'required' modifier or declaring the property as nullable. [/src/backend/DataModeler.API.csproj]
#26 27.51 /src/backend/DTOs/RealtimeDtos.cs(227,23): warning CS8618: Non-nullable property 'ResolvedBy' must contain a non-null value when exiting constructor. Consider adding the 'required' modifier or declaring the property as nullable. [/src/backend/DataModeler.API.csproj]
#26 27.51 /src/backend/DTOs/RealtimeDtos.cs(210,32): warning CS8618: Non-nullable property 'Reply' must contain a non-null value when exiting constructor. Consider adding the 'required' modifier or declaring the property as nullable. [/src/backend/DataModeler.API.csproj]
#26 27.51 /src/backend/DTOs/RealtimeDtos.cs(201,23): warning CS8618: Non-nullable property 'Content' must contain a non-null value when exiting constructor. Consider adding the 'required' modifier or declaring the property as nullable. [/src/backend/DataModeler.API.csproj]
#26 27.51 /src/backend/DTOs/RealtimeDtos.cs(192,27): warning CS8618: Non-nullable property 'Comment' must contain a non-null value when exiting constructor. Consider adding the 'required' modifier or declaring the property as nullable. [/src/backend/DataModeler.API.csproj]
#26 27.51 /src/backend/DTOs/RealtimeDtos.cs(180,23): warning CS8618: Non-nullable property 'UserId' must contain a non-null value when exiting constructor. Consider adding the 'required' modifier or declaring the property as nullable. [/src/backend/DataModeler.API.csproj]
#26 27.51 /src/backend/DTOs/RealtimeDtos.cs(181,23): warning CS8618: Non-nullable property 'UserName' must contain a non-null value when exiting constructor. Consider adding the 'required' modifier or declaring the property as nullable. [/src/backend/DataModeler.API.csproj]
#26 27.51 /src/backend/DTOs/RealtimeDtos.cs(182,23): warning CS8618: Non-nullable property 'Content' must contain a non-null value when exiting constructor. Consider adding the 'required' modifier or declaring the property as nullable. [/src/backend/DataModeler.API.csproj]
#26 27.51 /src/backend/DTOs/RealtimeDtos.cs(162,23): warning CS8618: Non-nullable property 'UserId' must contain a non-null value when exiting constructor. Consider adding the 'required' modifier or declaring the property as nullable. [/src/backend/DataModeler.API.csproj]
#26 27.51 /src/backend/DTOs/RealtimeDtos.cs(163,23): warning CS8618: Non-nullable property 'UserName' must contain a non-null value when exiting constructor. Consider adding the 'required' modifier or declaring the property as nullable. [/src/backend/DataModeler.API.csproj]
#26 27.51 /src/backend/DTOs/RealtimeDtos.cs(164,23): warning CS8618: Non-nullable property 'Content' must contain a non-null value when exiting constructor. Consider adding the 'required' modifier or declaring the property as nullable. [/src/backend/DataModeler.API.csproj]
#26 27.51 /src/backend/DTOs/RealtimeDtos.cs(165,34): warning CS8618: Non-nullable property 'Position' must contain a non-null value when exiting constructor. Consider adding the 'required' modifier or declaring the property as nullable. [/src/backend/DataModeler.API.csproj]
#26 27.51 /src/backend/DTOs/RealtimeDtos.cs(169,23): warning CS8618: Non-nullable property 'ResolvedBy' must contain a non-null value when exiting constructor. Consider adding the 'required' modifier or declaring the property as nullable. [/src/backend/DataModeler.API.csproj]
#26 27.51 /src/backend/DTOs/RealtimeDtos.cs(153,27): warning CS8618: Non-nullable property 'Comment' must contain a non-null value when exiting constructor. Consider adding the 'required' modifier or declaring the property as nullable. [/src/backend/DataModeler.API.csproj]
#26 27.51 /src/backend/DTOs/RealtimeDtos.cs(141,23): warning CS8618: Non-nullable property 'UserId' must contain a non-null value when exiting constructor. Consider adding the 'required' modifier or declaring the property as nullable. [/src/backend/DataModeler.API.csproj]
#26 27.51 /src/backend/DTOs/RealtimeDtos.cs(142,23): warning CS8618: Non-nullable property 'Color' must contain a non-null value when exiting constructor. Consider adding the 'required' modifier or declaring the property as nullable. [/src/backend/DataModeler.API.csproj]
#26 27.51 /src/backend/DTOs/RealtimeDtos.cs(143,25): warning CS8618: Non-nullable property 'Range' must contain a non-null value when exiting constructor. Consider adding the 'required' modifier or declaring the property as nullable. [/src/backend/DataModeler.API.csproj]
#26 27.51 /src/backend/DTOs/RealtimeDtos.cs(130,23): warning CS8618: Non-nullable property 'UserId' must contain a non-null value when exiting constructor. Consider adding the 'required' modifier or declaring the property as nullable. [/src/backend/DataModeler.API.csproj]
#26 27.51 /src/backend/DTOs/RealtimeDtos.cs(131,23): warning CS8618: Non-nullable property 'UserName' must contain a non-null value when exiting constructor. Consider adding the 'required' modifier or declaring the property as nullable. [/src/backend/DataModeler.API.csproj]
#26 27.51 /src/backend/DTOs/RealtimeDtos.cs(132,23): warning CS8618: Non-nullable property 'Color' must contain a non-null value when exiting constructor. Consider adding the 'required' modifier or declaring the property as nullable. [/src/backend/DataModeler.API.csproj]
#26 27.51 /src/backend/DTOs/RealtimeDtos.cs(133,34): warning CS8618: Non-nullable property 'Position' must contain a non-null value when exiting constructor. Consider adding the 'required' modifier or declaring the property as nullable. [/src/backend/DataModeler.API.csproj]
#26 27.51 /src/backend/DTOs/RealtimeDtos.cs(119,27): warning CS8618: Non-nullable property 'ErdData' must contain a non-null value when exiting constructor. Consider adding the 'required' modifier or declaring the property as nullable. [/src/backend/DataModeler.API.csproj]
#26 27.51 /src/backend/DTOs/RealtimeDtos.cs(109,23): warning CS8618: Non-nullable property 'Content' must contain a non-null value when exiting constructor. Consider adding the 'required' modifier or declaring the property as nullable. [/src/backend/DataModeler.API.csproj]
#26 27.51 /src/backend/DTOs/RealtimeDtos.cs(91,34): warning CS8618: Non-nullable property 'StartPosition' must contain a non-null value when exiting constructor. Consider adding the 'required' modifier or declaring the property as nullable. [/src/backend/DataModeler.API.csproj]
#26 27.51 /src/backend/DTOs/RealtimeDtos.cs(92,34): warning CS8618: Non-nullable property 'EndPosition' must contain a non-null value when exiting constructor. Consider adding the 'required' modifier or declaring the property as nullable. [/src/backend/DataModeler.API.csproj]
#26 27.51 /src/backend/DTOs/RealtimeDtos.cs(80,23): warning CS8618: Non-nullable property 'ChangeType' must contain a non-null value when exiting constructor. Consider adding the 'required' modifier or declaring the property as nullable. [/src/backend/DataModeler.API.csproj]
#26 27.51 /src/backend/DTOs/RealtimeDtos.cs(81,25): warning CS8618: Non-nullable property 'Range' must contain a non-null value when exiting constructor. Consider adding the 'required' modifier or declaring the property as nullable. [/src/backend/DataModeler.API.csproj]
#26 27.51 /src/backend/DTOs/RealtimeDtos.cs(82,23): warning CS8618: Non-nullable property 'Text' must contain a non-null value when exiting constructor. Consider adding the 'required' modifier or declaring the property as nullable. [/src/backend/DataModeler.API.csproj]
#26 27.51 /src/backend/DTOs/RealtimeDtos.cs(71,23): warning CS8618: Non-nullable property 'SenderId' must contain a non-null value when exiting constructor. Consider adding the 'required' modifier or declaring the property as nullable. [/src/backend/DataModeler.API.csproj]
#26 27.51 /src/backend/DTOs/RealtimeDtos.cs(72,38): warning CS8618: Non-nullable property 'Change' must contain a non-null value when exiting constructor. Consider adding the 'required' modifier or declaring the property as nullable. [/src/backend/DataModeler.API.csproj]
#26 27.51 /src/backend/Services/AdminDashboardService.cs(622,23): warning CS8618: Non-nullable property 'ModelId' must contain a non-null value when exiting constructor. Consider adding the 'required' modifier or declaring the property as nullable. [/src/backend/DataModeler.API.csproj]
#26 27.51 /src/backend/Services/AdminDashboardService.cs(623,23): warning CS8618: Non-nullable property 'Name' must contain a non-null value when exiting constructor. Consider adding the 'required' modifier or declaring the property as nullable. [/src/backend/DataModeler.API.csproj]
#26 27.51 /src/backend/Services/AdminDashboardService.cs(624,23): warning CS8618: Non-nullable property 'Owner' must contain a non-null value when exiting constructor. Consider adding the 'required' modifier or declaring the property as nullable. [/src/backend/DataModeler.API.csproj]
#26 27.51 /src/backend/DTOs/RealtimeDtos.cs(41,23): warning CS8618: Non-nullable property 'Id' must contain a non-null value when exiting constructor. Consider adding the 'required' modifier or declaring the property as nullable. [/src/backend/DataModeler.API.csproj]
#26 27.51 /src/backend/DTOs/RealtimeDtos.cs(42,23): warning CS8618: Non-nullable property 'Name' must contain a non-null value when exiting constructor. Consider adding the 'required' modifier or declaring the property as nullable. [/src/backend/DataModeler.API.csproj]
#26 27.51 /src/backend/DTOs/RealtimeDtos.cs(43,23): warning CS8618: Non-nullable property 'Color' must contain a non-null value when exiting constructor. Consider adding the 'required' modifier or declaring the property as nullable. [/src/backend/DataModeler.API.csproj]
#26 27.51 /src/backend/DTOs/RealtimeDtos.cs(45,34): warning CS8618: Non-nullable property 'CursorPosition' must contain a non-null value when exiting constructor. Consider adding the 'required' modifier or declaring the property as nullable. [/src/backend/DataModeler.API.csproj]
#26 27.51 /src/backend/DTOs/RealtimeDtos.cs(32,23): warning CS8618: Non-nullable property 'UserId' must contain a non-null value when exiting constructor. Consider adding the 'required' modifier or declaring the property as nullable. [/src/backend/DataModeler.API.csproj]
#26 27.51 /src/backend/DTOs/RealtimeDtos.cs(24,32): warning CS8618: Non-nullable property 'User' must contain a non-null value when exiting constructor. Consider adding the 'required' modifier or declaring the property as nullable. [/src/backend/DataModeler.API.csproj]
#26 27.51 /src/backend/DTOs/RealtimeDtos.cs(13,23): warning CS8618: Non-nullable property 'Type' must contain a non-null value when exiting constructor. Consider adding the 'required' modifier or declaring the property as nullable. [/src/backend/DataModeler.API.csproj]
#26 27.51 /src/backend/DTOs/DevOpsDtos.cs(336,23): warning CS8618: Non-nullable property 'UserId' must contain a non-null value when exiting constructor. Consider adding the 'required' modifier or declaring the property as nullable. [/src/backend/DataModeler.API.csproj]
#26 27.51 /src/backend/DTOs/DevOpsDtos.cs(337,23): warning CS8618: Non-nullable property 'OrganizationUrl' must contain a non-null value when exiting constructor. Consider adding the 'required' modifier or declaring the property as nullable. [/src/backend/DataModeler.API.csproj]
#26 27.51 /src/backend/DTOs/DevOpsDtos.cs(340,23): warning CS8618: Non-nullable property 'LinkedBy' must contain a non-null value when exiting constructor. Consider adding the 'required' modifier or declaring the property as nullable. [/src/backend/DataModeler.API.csproj]
#26 27.51 /src/backend/DTOs/DevOpsDtos.cs(324,23): warning CS8618: Non-nullable property 'DefaultOrganizationUrl' must contain a non-null value when exiting constructor. Consider adding the 'required' modifier or declaring the property as nullable. [/src/backend/DataModeler.API.csproj]
#26 27.51 /src/backend/DTOs/DevOpsDtos.cs(325,23): warning CS8618: Non-nullable property 'DefaultProjectId' must contain a non-null value when exiting constructor. Consider adding the 'required' modifier or declaring the property as nullable. [/src/backend/DataModeler.API.csproj]
#26 27.51 /src/backend/DTOs/DevOpsDtos.cs(26,23): warning CS8618: Non-nullable property 'Id' must contain a non-null value when exiting constructor. Consider adding the 'required' modifier or declaring the property as nullable. [/src/backend/DataModeler.API.csproj]
#26 27.51 /src/backend/DTOs/DevOpsDtos.cs(27,23): warning CS8618: Non-nullable property 'Name' must contain a non-null value when exiting constructor. Consider adding the 'required' modifier or declaring the property as nullable. [/src/backend/DataModeler.API.csproj]
#26 27.51 /src/backend/DTOs/DevOpsDtos.cs(28,23): warning CS8618: Non-nullable property 'ProjectId' must contain a non-null value when exiting constructor. Consider adding the 'required' modifier or declaring the property as nullable. [/src/backend/DataModeler.API.csproj]
#26 27.51 /src/backend/DTOs/DevOpsDtos.cs(29,23): warning CS8618: Non-nullable property 'Url' must contain a non-null value when exiting constructor. Consider adding the 'required' modifier or declaring the property as nullable. [/src/backend/DataModeler.API.csproj]
#26 27.51 /src/backend/DTOs/DevOpsDtos.cs(30,23): warning CS8618: Non-nullable property 'DefaultBranch' must contain a non-null value when exiting constructor. Consider adding the 'required' modifier or declaring the property as nullable. [/src/backend/DataModeler.API.csproj]
#26 27.51 /src/backend/DTOs/DevOpsDtos.cs(32,23): warning CS8618: Non-nullable property 'SshUrl' must contain a non-null value when exiting constructor. Consider adding the 'required' modifier or declaring the property as nullable. [/src/backend/DataModeler.API.csproj]
#26 27.51 /src/backend/DTOs/DevOpsDtos.cs(33,23): warning CS8618: Non-nullable property 'HttpUrl' must contain a non-null value when exiting constructor. Consider adding the 'required' modifier or declaring the property as nullable. [/src/backend/DataModeler.API.csproj]
#26 27.51 /src/backend/DTOs/DevOpsDtos.cs(312,23): warning CS8618: Non-nullable property 'DefaultOrganizationUrl' must contain a non-null value when exiting constructor. Consider adding the 'required' modifier or declaring the property as nullable. [/src/backend/DataModeler.API.csproj]
#26 27.51 /src/backend/DTOs/DevOpsDtos.cs(313,23): warning CS8618: Non-nullable property 'DefaultProjectId' must contain a non-null value when exiting constructor. Consider adding the 'required' modifier or declaring the property as nullable. [/src/backend/DataModeler.API.csproj]
#26 27.51 /src/backend/DTOs/DevOpsDtos.cs(295,23): warning CS8618: Non-nullable property 'SyncDirection' must contain a non-null value when exiting constructor. Consider adding the 'required' modifier or declaring the property as nullable. [/src/backend/DataModeler.API.csproj]
#26 27.51 /src/backend/DTOs/DevOpsDtos.cs(296,23): warning CS8618: Non-nullable property 'Status' must contain a non-null value when exiting constructor. Consider adding the 'required' modifier or declaring the property as nullable. [/src/backend/DataModeler.API.csproj]
#26 27.51 /src/backend/DTOs/DevOpsDtos.cs(297,23): warning CS8618: Non-nullable property 'DevOpsCommitId' must contain a non-null value when exiting constructor. Consider adding the 'required' modifier or declaring the property as nullable. [/src/backend/DataModeler.API.csproj]
#26 27.51 /src/backend/DTOs/DevOpsDtos.cs(298,23): warning CS8618: Non-nullable property 'LocalVersionId' must contain a non-null value when exiting constructor. Consider adding the 'required' modifier or declaring the property as nullable. [/src/backend/DataModeler.API.csproj]
#26 27.51 /src/backend/DTOs/DevOpsDtos.cs(299,23): warning CS8618: Non-nullable property 'Details' must contain a non-null value when exiting constructor. Consider adding the 'required' modifier or declaring the property as nullable. [/src/backend/DataModeler.API.csproj]
#26 27.51 /src/backend/DTOs/DevOpsDtos.cs(302,23): warning CS8618: Non-nullable property 'InitiatedBy' must contain a non-null value when exiting constructor. Consider adding the 'required' modifier or declaring the property as nullable. [/src/backend/DataModeler.API.csproj]
#26 27.51 /src/backend/DTOs/DevOpsDtos.cs(279,23): warning CS8618: Non-nullable property 'DbmlContent' must contain a non-null value when exiting constructor. Consider adding the 'required' modifier or declaring the property as nullable. [/src/backend/DataModeler.API.csproj]
#26 27.51 /src/backend/DTOs/DevOpsDtos.cs(280,23): warning CS8618: Non-nullable property 'CommitId' must contain a non-null value when exiting constructor. Consider adding the 'required' modifier or declaring the property as nullable. [/src/backend/DataModeler.API.csproj]
#26 27.51 /src/backend/DTOs/DevOpsDtos.cs(281,23): warning CS8618: Non-nullable property 'Author' must contain a non-null value when exiting constructor. Consider adding the 'required' modifier or declaring the property as nullable. [/src/backend/DataModeler.API.csproj]
#26 27.51 /src/backend/DTOs/DevOpsDtos.cs(283,23): warning CS8618: Non-nullable property 'Message' must contain a non-null value when exiting constructor. Consider adding the 'required' modifier or declaring the property as nullable. [/src/backend/DataModeler.API.csproj]
#26 27.51 /src/backend/DTOs/DevOpsDtos.cs(270,23): warning CS8618: Non-nullable property 'CommitId' must contain a non-null value when exiting constructor. Consider adding the 'required' modifier or declaring the property as nullable. [/src/backend/DataModeler.API.csproj]
#26 27.51 /src/backend/DTOs/DevOpsDtos.cs(257,23): warning CS8618: Non-nullable property 'CommitId' must contain a non-null value when exiting constructor. Consider adding the 'required' modifier or declaring the property as nullable. [/src/backend/DataModeler.API.csproj]
#26 27.51 /src/backend/DTOs/DevOpsDtos.cs(259,23): warning CS8618: Non-nullable property 'Message' must contain a non-null value when exiting constructor. Consider adding the 'required' modifier or declaring the property as nullable. [/src/backend/DataModeler.API.csproj]
#26 27.51 /src/backend/DTOs/DevOpsDtos.cs(261,23): warning CS8618: Non-nullable property 'DevOpsUrl' must contain a non-null value when exiting constructor. Consider adding the 'required' modifier or declaring the property as nullable. [/src/backend/DataModeler.API.csproj]
#26 27.51 /src/backend/DTOs/DevOpsDtos.cs(244,23): warning CS8618: Non-nullable property 'DbmlContent' must contain a non-null value when exiting constructor. Consider adding the 'required' modifier or declaring the property as nullable. [/src/backend/DataModeler.API.csproj]
#26 27.51 /src/backend/DTOs/DevOpsDtos.cs(245,23): warning CS8618: Non-nullable property 'CommitMessage' must contain a non-null value when exiting constructor. Consider adding the 'required' modifier or declaring the property as nullable. [/src/backend/DataModeler.API.csproj]
#26 27.51 /src/backend/DTOs/DevOpsDtos.cs(247,23): warning CS8618: Non-nullable property 'PullRequestTitle' must contain a non-null value when exiting constructor. Consider adding the 'required' modifier or declaring the property as nullable. [/src/backend/DataModeler.API.csproj]
#26 27.51 /src/backend/DTOs/DevOpsDtos.cs(248,23): warning CS8618: Non-nullable property 'PullRequestDescription' must contain a non-null value when exiting constructor. Consider adding the 'required' modifier or declaring the property as nullable. [/src/backend/DataModeler.API.csproj]
#26 27.51 /src/backend/DTOs/DevOpsDtos.cs(225,23): warning CS8618: Non-nullable property 'OrganizationUrl' must contain a non-null value when exiting constructor. Consider adding the 'required' modifier or declaring the property as nullable. [/src/backend/DataModeler.API.csproj]
#26 27.51 /src/backend/DTOs/DevOpsDtos.cs(226,23): warning CS8618: Non-nullable property 'ProjectId' must contain a non-null value when exiting constructor. Consider adding the 'required' modifier or declaring the property as nullable. [/src/backend/DataModeler.API.csproj]
#26 27.51 /src/backend/DTOs/DevOpsDtos.cs(227,23): warning CS8618: Non-nullable property 'RepositoryId' must contain a non-null value when exiting constructor. Consider adding the 'required' modifier or declaring the property as nullable. [/src/backend/DataModeler.API.csproj]
#26 27.51 /src/backend/DTOs/DevOpsDtos.cs(210,23): warning CS8618: Non-nullable property 'EventType' must contain a non-null value when exiting constructor. Consider adding the 'required' modifier or declaring the property as nullable. [/src/backend/DataModeler.API.csproj]
#26 27.51 /src/backend/DTOs/DevOpsDtos.cs(211,23): warning CS8618: Non-nullable property 'Status' must contain a non-null value when exiting constructor. Consider adding the 'required' modifier or declaring the property as nullable. [/src/backend/DataModeler.API.csproj]
#26 27.51 /src/backend/DTOs/DevOpsDtos.cs(212,23): warning CS8618: Non-nullable property 'Details' must contain a non-null value when exiting constructor. Consider adding the 'required' modifier or declaring the property as nullable. [/src/backend/DataModeler.API.csproj]
#26 27.51 /src/backend/DTOs/DevOpsDtos.cs(199,23): warning CS8618: Non-nullable property 'TriggerReason' must contain a non-null value when exiting constructor. Consider adding the 'required' modifier or declaring the property as nullable. [/src/backend/DataModeler.API.csproj]
#26 27.51 /src/backend/DTOs/DevOpsDtos.cs(184,23): warning CS8618: Non-nullable property 'Name' must contain a non-null value when exiting constructor. Consider adding the 'required' modifier or declaring the property as nullable. [/src/backend/DataModeler.API.csproj]
#26 27.51 /src/backend/DTOs/DevOpsDtos.cs(185,23): warning CS8618: Non-nullable property 'State' must contain a non-null value when exiting constructor. Consider adding the 'required' modifier or declaring the property as nullable. [/src/backend/DataModeler.API.csproj]
#26 27.51 /src/backend/DTOs/DevOpsDtos.cs(186,23): warning CS8618: Non-nullable property 'Result' must contain a non-null value when exiting constructor. Consider adding the 'required' modifier or declaring the property as nullable. [/src/backend/DataModeler.API.csproj]
#26 27.51 /src/backend/DTOs/DevOpsDtos.cs(189,23): warning CS8618: Non-nullable property 'Url' must contain a non-null value when exiting constructor. Consider adding the 'required' modifier or declaring the property as nullable. [/src/backend/DataModeler.API.csproj]
#26 27.51 /src/backend/DTOs/DevOpsDtos.cs(172,23): warning CS8618: Non-nullable property 'Name' must contain a non-null value when exiting constructor. Consider adding the 'required' modifier or declaring the property as nullable. [/src/backend/DataModeler.API.csproj]
#26 27.51 /src/backend/DTOs/DevOpsDtos.cs(173,23): warning CS8618: Non-nullable property 'Url' must contain a non-null value when exiting constructor. Consider adding the 'required' modifier or declaring the property as nullable. [/src/backend/DataModeler.API.csproj]
#26 27.51 /src/backend/DTOs/DevOpsDtos.cs(174,23): warning CS8618: Non-nullable property 'Folder' must contain a non-null value when exiting constructor. Consider adding the 'required' modifier or declaring the property as nullable. [/src/backend/DataModeler.API.csproj]
#26 27.51 /src/backend/DTOs/DevOpsDtos.cs(151,23): warning CS8618: Non-nullable property 'Title' must contain a non-null value when exiting constructor. Consider adding the 'required' modifier or declaring the property as nullable. [/src/backend/DataModeler.API.csproj]
#26 27.51 /src/backend/DTOs/DevOpsDtos.cs(152,23): warning CS8618: Non-nullable property 'Description' must contain a non-null value when exiting constructor. Consider adding the 'required' modifier or declaring the property as nullable. [/src/backend/DataModeler.API.csproj]
#26 27.51 /src/backend/DTOs/DevOpsDtos.cs(153,23): warning CS8618: Non-nullable property 'Status' must contain a non-null value when exiting constructor. Consider adding the 'required' modifier or declaring the property as nullable. [/src/backend/DataModeler.API.csproj]
#26 27.51 /src/backend/DTOs/DevOpsDtos.cs(154,23): warning CS8618: Non-nullable property 'CreatedBy' must contain a non-null value when exiting constructor. Consider adding the 'required' modifier or declaring the property as nullable. [/src/backend/DataModeler.API.csproj]
#26 27.51 /src/backend/DTOs/DevOpsDtos.cs(157,23): warning CS8618: Non-nullable property 'SourceBranch' must contain a non-null value when exiting constructor. Consider adding the 'required' modifier or declaring the property as nullable. [/src/backend/DataModeler.API.csproj]
#26 27.51 /src/backend/DTOs/DevOpsDtos.cs(158,23): warning CS8618: Non-nullable property 'TargetBranch' must contain a non-null value when exiting constructor. Consider adding the 'required' modifier or declaring the property as nullable. [/src/backend/DataModeler.API.csproj]
#26 27.51 /src/backend/DTOs/DevOpsDtos.cs(161,23): warning CS8618: Non-nullable property 'Url' must contain a non-null value when exiting constructor. Consider adding the 'required' modifier or declaring the property as nullable. [/src/backend/DataModeler.API.csproj]
#26 27.51 /src/backend/DTOs/DevOpsDtos.cs(136,23): warning CS8618: Non-nullable property 'SourceBranch' must contain a non-null value when exiting constructor. Consider adding the 'required' modifier or declaring the property as nullable. [/src/backend/DataModeler.API.csproj]
#26 27.51 /src/backend/DTOs/DevOpsDtos.cs(137,23): warning CS8618: Non-nullable property 'TargetBranch' must contain a non-null value when exiting constructor. Consider adding the 'required' modifier or declaring the property as nullable. [/src/backend/DataModeler.API.csproj]
#26 27.51 /src/backend/DTOs/DevOpsDtos.cs(138,23): warning CS8618: Non-nullable property 'Title' must contain a non-null value when exiting constructor. Consider adding the 'required' modifier or declaring the property as nullable. [/src/backend/DataModeler.API.csproj]
#26 27.51 /src/backend/DTOs/DevOpsDtos.cs(139,23): warning CS8618: Non-nullable property 'Description' must contain a non-null value when exiting constructor. Consider adding the 'required' modifier or declaring the property as nullable. [/src/backend/DataModeler.API.csproj]
#26 27.51 /src/backend/DTOs/DevOpsDtos.cs(122,23): warning CS8618: Non-nullable property 'CommitId' must contain a non-null value when exiting constructor. Consider adding the 'required' modifier or declaring the property as nullable. [/src/backend/DataModeler.API.csproj]
#26 27.51 /src/backend/DTOs/DevOpsDtos.cs(123,23): warning CS8618: Non-nullable property 'Branch' must contain a non-null value when exiting constructor. Consider adding the 'required' modifier or declaring the property as nullable. [/src/backend/DataModeler.API.csproj]
#26 27.51 /src/backend/DTOs/DevOpsDtos.cs(125,23): warning CS8618: Non-nullable property 'Url' must contain a non-null value when exiting constructor. Consider adding the 'required' modifier or declaring the property as nullable. [/src/backend/DataModeler.API.csproj]
#26 27.51 /src/backend/DTOs/DevOpsDtos.cs(110,23): warning CS8618: Non-nullable property 'BranchName' must contain a non-null value when exiting constructor. Consider adding the 'required' modifier or declaring the property as nullable. [/src/backend/DataModeler.API.csproj]
#26 27.51 /src/backend/DTOs/DevOpsDtos.cs(111,23): warning CS8618: Non-nullable property 'FilePath' must contain a non-null value when exiting constructor. Consider adding the 'required' modifier or declaring the property as nullable. [/src/backend/DataModeler.API.csproj]
#26 27.51 /src/backend/DTOs/DevOpsDtos.cs(112,23): warning CS8618: Non-nullable property 'FileContent' must contain a non-null value when exiting constructor. Consider adding the 'required' modifier or declaring the property as nullable. [/src/backend/DataModeler.API.csproj]
#26 27.51 /src/backend/DTOs/DevOpsDtos.cs(113,23): warning CS8618: Non-nullable property 'Comment' must contain a non-null value when exiting constructor. Consider adding the 'required' modifier or declaring the property as nullable. [/src/backend/DataModeler.API.csproj]
#26 27.51 /src/backend/DTOs/DevOpsDtos.cs(114,23): warning CS8618: Non-nullable property 'OldObjectId' must contain a non-null value when exiting constructor. Consider adding the 'required' modifier or declaring the property as nullable. [/src/backend/DataModeler.API.csproj]
#26 27.51 /src/backend/DTOs/DevOpsDtos.cs(100,23): warning CS8618: Non-nullable property 'ObjectId' must contain a non-null value when exiting constructor. Consider adding the 'required' modifier or declaring the property as nullable. [/src/backend/DataModeler.API.csproj]
#26 27.51 /src/backend/DTOs/DevOpsDtos.cs(101,23): warning CS8618: Non-nullable property 'Path' must contain a non-null value when exiting constructor. Consider adding the 'required' modifier or declaring the property as nullable. [/src/backend/DataModeler.API.csproj]
#26 27.51 /src/backend/DTOs/DevOpsDtos.cs(102,23): warning CS8618: Non-nullable property 'ChangeType' must contain a non-null value when exiting constructor. Consider adding the 'required' modifier or declaring the property as nullable. [/src/backend/DataModeler.API.csproj]
#26 27.51 /src/backend/DTOs/DevOpsDtos.cs(84,23): warning CS8618: Non-nullable property 'CommitId' must contain a non-null value when exiting constructor. Consider adding the 'required' modifier or declaring the property as nullable. [/src/backend/DataModeler.API.csproj]
#26 27.51 /src/backend/DTOs/DevOpsDtos.cs(85,23): warning CS8618: Non-nullable property 'Author' must contain a non-null value when exiting constructor. Consider adding the 'required' modifier or declaring the property as nullable. [/src/backend/DataModeler.API.csproj]
#26 27.51 /src/backend/DTOs/DevOpsDtos.cs(86,23): warning CS8618: Non-nullable property 'AuthorEmail' must contain a non-null value when exiting constructor. Consider adding the 'required' modifier or declaring the property as nullable. [/src/backend/DataModeler.API.csproj]
#26 27.51 /src/backend/DTOs/DevOpsDtos.cs(87,23): warning CS8618: Non-nullable property 'Comment' must contain a non-null value when exiting constructor. Consider adding the 'required' modifier or declaring the property as nullable. [/src/backend/DataModeler.API.csproj]
#26 27.51 /src/backend/DTOs/DevOpsDtos.cs(91,23): warning CS8618: Non-nullable property 'Url' must contain a non-null value when exiting constructor. Consider adding the 'required' modifier or declaring the property as nullable. [/src/backend/DataModeler.API.csproj]
#26 27.51 /src/backend/DTOs/DevOpsDtos.cs(71,23): warning CS8618: Non-nullable property 'CommitId' must contain a non-null value when exiting constructor. Consider adding the 'required' modifier or declaring the property as nullable. [/src/backend/DataModeler.API.csproj]
#26 27.51 /src/backend/DTOs/DevOpsDtos.cs(72,23): warning CS8618: Non-nullable property 'Author' must contain a non-null value when exiting constructor. Consider adding the 'required' modifier or declaring the property as nullable. [/src/backend/DataModeler.API.csproj]
#26 27.51 /src/backend/DTOs/DevOpsDtos.cs(73,23): warning CS8618: Non-nullable property 'AuthorEmail' must contain a non-null value when exiting constructor. Consider adding the 'required' modifier or declaring the property as nullable. [/src/backend/DataModeler.API.csproj]
#26 27.51 /src/backend/DTOs/DevOpsDtos.cs(74,23): warning CS8618: Non-nullable property 'Comment' must contain a non-null value when exiting constructor. Consider adding the 'required' modifier or declaring the property as nullable. [/src/backend/DataModeler.API.csproj]
#26 27.51 /src/backend/DTOs/DevOpsDtos.cs(76,23): warning CS8618: Non-nullable property 'Url' must contain a non-null value when exiting constructor. Consider adding the 'required' modifier or declaring the property as nullable. [/src/backend/DataModeler.API.csproj]
#26 27.51 /src/backend/Controllers/DevOpsController.cs(21,42): warning CS1998: This async method lacks 'await' operators and will run synchronously. Consider using the 'await' operator to await non-blocking API calls, or 'await Task.Run(...)' to do CPU-bound work on a background thread. [/src/backend/DataModeler.API.csproj]
#26 27.51 /src/backend/DTOs/DevOpsDtos.cs(54,23): warning CS8618: Non-nullable property 'RepositoryId' must contain a non-null value when exiting constructor. Consider adding the 'required' modifier or declaring the property as nullable. [/src/backend/DataModeler.API.csproj]
#26 27.51 /src/backend/DTOs/DevOpsDtos.cs(55,23): warning CS8618: Non-nullable property 'RepositoryName' must contain a non-null value when exiting constructor. Consider adding the 'required' modifier or declaring the property as nullable. [/src/backend/DataModeler.API.csproj]
#26 27.51 /src/backend/DTOs/DevOpsDtos.cs(56,23): warning CS8618: Non-nullable property 'BranchName' must contain a non-null value when exiting constructor. Consider adding the 'required' modifier or declaring the property as nullable. [/src/backend/DataModeler.API.csproj]
#26 27.51 /src/backend/DTOs/DevOpsDtos.cs(57,23): warning CS8618: Non-nullable property 'FilePath' must contain a non-null value when exiting constructor. Consider adding the 'required' modifier or declaring the property as nullable. [/src/backend/DataModeler.API.csproj]
#26 27.51 /src/backend/DTOs/DevOpsDtos.cs(61,23): warning CS8618: Non-nullable property 'LastSyncStatus' must contain a non-null value when exiting constructor. Consider adding the 'required' modifier or declaring the property as nullable. [/src/backend/DataModeler.API.csproj]
#26 27.51 /src/backend/Controllers/DevOpsController.cs(28,42): warning CS1998: This async method lacks 'await' operators and will run synchronously. Consider using the 'await' operator to await non-blocking API calls, or 'await Task.Run(...)' to do CPU-bound work on a background thread. [/src/backend/DataModeler.API.csproj]
#26 27.51 /src/backend/DTOs/DevOpsDtos.cs(42,23): warning CS8618: Non-nullable property 'RepositoryId' must contain a non-null value when exiting constructor. Consider adding the 'required' modifier or declaring the property as nullable. [/src/backend/DataModeler.API.csproj]
#26 27.51 /src/backend/Services/AdminDashboardService.cs(660,23): warning CS8618: Non-nullable property 'UserId' must contain a non-null value when exiting constructor. Consider adding the 'required' modifier or declaring the property as nullable. [/src/backend/DataModeler.API.csproj]
#26 27.51 /src/backend/Services/AdminDashboardService.cs(661,23): warning CS8618: Non-nullable property 'Username' must contain a non-null value when exiting constructor. Consider adding the 'required' modifier or declaring the property as nullable. [/src/backend/DataModeler.API.csproj]
#26 27.51 /src/backend/Services/AdminDashboardService.cs(667,23): warning CS8618: Non-nullable property 'Day' must contain a non-null value when exiting constructor. Consider adding the 'required' modifier or declaring the property as nullable. [/src/backend/DataModeler.API.csproj]
#26 27.51 /src/backend/Services/AdminDashboardService.cs(668,23): warning CS8618: Non-nullable property 'Hour' must contain a non-null value when exiting constructor. Consider adding the 'required' modifier or declaring the property as nullable. [/src/backend/DataModeler.API.csproj]
#26 27.51 /src/backend/Services/AdminDashboardService.cs(682,23): warning CS8618: Non-nullable property 'LargestModel' must contain a non-null value when exiting constructor. Consider adding the 'required' modifier or declaring the property as nullable. [/src/backend/DataModeler.API.csproj]
#26 27.51 /src/backend/Services/AdminDashboardService.cs(683,23): warning CS8618: Non-nullable property 'SmallestModel' must contain a non-null value when exiting constructor. Consider adding the 'required' modifier or declaring the property as nullable. [/src/backend/DataModeler.API.csproj]
#26 27.51 /src/backend/Services/AdminDashboardService.cs(714,23): warning CS8618: Non-nullable property 'Endpoint' must contain a non-null value when exiting constructor. Consider adding the 'required' modifier or declaring the property as nullable. [/src/backend/DataModeler.API.csproj]
#26 27.51 /src/backend/Services/AdminDashboardService.cs(721,23): warning CS8618: Non-nullable property 'Query' must contain a non-null value when exiting constructor. Consider adding the 'required' modifier or declaring the property as nullable. [/src/backend/DataModeler.API.csproj]
#26 27.51 /src/backend/Services/AdminDashboardService.cs(744,23): warning CS8618: Non-nullable property 'EventType' must contain a non-null value when exiting constructor. Consider adding the 'required' modifier or declaring the property as nullable. [/src/backend/DataModeler.API.csproj]
#26 27.51 /src/backend/Services/AdminDashboardService.cs(745,23): warning CS8618: Non-nullable property 'Description' must contain a non-null value when exiting constructor. Consider adding the 'required' modifier or declaring the property as nullable. [/src/backend/DataModeler.API.csproj]
#26 27.51 /src/backend/Services/AdminDashboardService.cs(747,23): warning CS8618: Non-nullable property 'UserId' must contain a non-null value when exiting constructor. Consider adding the 'required' modifier or declaring the property as nullable. [/src/backend/DataModeler.API.csproj]
#26 27.51 /src/backend/Services/AdminDashboardService.cs(756,36): warning CS8618: Non-nullable property 'ModelStorageBreakdown' must contain a non-null value when exiting constructor. Consider adding the 'required' modifier or declaring the property as nullable. [/src/backend/DataModeler.API.csproj]
#26 27.51 /src/backend/Services/AdminDashboardService.cs(757,36): warning CS8618: Non-nullable property 'VersionStorageUsage' must contain a non-null value when exiting constructor. Consider adding the 'required' modifier or declaring the property as nullable. [/src/backend/DataModeler.API.csproj]
#26 27.51 /src/backend/Services/AdminDashboardService.cs(758,36): warning CS8618: Non-nullable property 'BackupStorageUsage' must contain a non-null value when exiting constructor. Consider adding the 'required' modifier or declaring the property as nullable. [/src/backend/DataModeler.API.csproj]
#26 27.51 /src/backend/Services/AdminDashboardService.cs(772,23): warning CS8618: Non-nullable property 'ModelName' must contain a non-null value when exiting constructor. Consider adding the 'required' modifier or declaring the property as nullable. [/src/backend/DataModeler.API.csproj]
#26 27.51 /src/backend/Services/AdminDashboardService.cs(800,23): warning CS8618: Non-nullable property 'Feature' must contain a non-null value when exiting constructor. Consider adding the 'required' modifier or declaring the property as nullable. [/src/backend/DataModeler.API.csproj]
#26 27.51 /src/backend/Services/AdminReportService.cs(17,23): warning CS8618: Non-nullable property 'ReportName' must contain a non-null value when exiting constructor. Consider adding the 'required' modifier or declaring the property as nullable. [/src/backend/DataModeler.API.csproj]
#26 27.51 /src/backend/Services/AdminReportService.cs(33,23): warning CS8618: Non-nullable property 'Id' must contain a non-null value when exiting constructor. Consider adding the 'required' modifier or declaring the property as nullable. [/src/backend/DataModeler.API.csproj]
#26 27.51 /src/backend/Services/AdminReportService.cs(34,23): warning CS8618: Non-nullable property 'FileName' must contain a non-null value when exiting constructor. Consider adding the 'required' modifier or declaring the property as nullable. [/src/backend/DataModeler.API.csproj]
#26 27.51 /src/backend/Services/AdminReportService.cs(37,23): warning CS8618: Non-nullable property 'ContentType' must contain a non-null value when exiting constructor. Consider adding the 'required' modifier or declaring the property as nullable. [/src/backend/DataModeler.API.csproj]
#26 27.51 /src/backend/Services/AdminReportService.cs(38,23): warning CS8618: Non-nullable property 'Content' must contain a non-null value when exiting constructor. Consider adding the 'required' modifier or declaring the property as nullable. [/src/backend/DataModeler.API.csproj]
#26 27.51 /src/backend/Services/AdminReportService.cs(39,23): warning CS8618: Non-nullable property 'DownloadUrl' must contain a non-null value when exiting constructor. Consider adding the 'required' modifier or declaring the property as nullable. [/src/backend/DataModeler.API.csproj]
#26 27.51 /src/backend/Services/AdminReportService.cs(41,23): warning CS8618: Non-nullable property 'GeneratedBy' must contain a non-null value when exiting constructor. Consider adding the 'required' modifier or declaring the property as nullable. [/src/backend/DataModeler.API.csproj]
#26 27.51 /src/backend/Services/AdminReportService.cs(50,23): warning CS8618: Non-nullable property 'Id' must contain a non-null value when exiting constructor. Consider adding the 'required' modifier or declaring the property as nullable. [/src/backend/DataModeler.API.csproj]
#26 27.51 /src/backend/Services/AdminReportService.cs(51,23): warning CS8618: Non-nullable property 'Name' must contain a non-null value when exiting constructor. Consider adding the 'required' modifier or declaring the property as nullable. [/src/backend/DataModeler.API.csproj]
#26 27.51 /src/backend/Services/AdminReportService.cs(54,23): warning CS8618: Non-nullable property 'CronExpression' must contain a non-null value when exiting constructor. Consider adding the 'required' modifier or declaring the property as nullable. [/src/backend/DataModeler.API.csproj]
#26 27.51 /src/backend/Services/BranchingManagementService.cs(562,23): warning CS8618: Non-nullable property 'Name' must contain a non-null value when exiting constructor. Consider adding the 'required' modifier or declaring the property as nullable. [/src/backend/DataModeler.API.csproj]
#26 27.51 /src/backend/Services/BranchingManagementService.cs(563,23): warning CS8618: Non-nullable property 'CreatedBy' must contain a non-null value when exiting constructor. Consider adding the 'required' modifier or declaring the property as nullable. [/src/backend/DataModeler.API.csproj]
#26 27.51 /src/backend/Services/BranchingManagementService.cs(568,23): warning CS8618: Non-nullable property 'Description' must contain a non-null value when exiting constructor. Consider adding the 'required' modifier or declaring the property as nullable. [/src/backend/DataModeler.API.csproj]
#26 27.51 /src/backend/Services/BranchingManagementService.cs(571,23): warning CS8618: Non-nullable property 'LastModifiedBy' must contain a non-null value when exiting constructor. Consider adding the 'required' modifier or declaring the property as nullable. [/src/backend/DataModeler.API.csproj]
#26 27.51 /src/backend/Services/BranchingManagementService.cs(573,23): warning CS8618: Non-nullable property 'LastAccessedBy' must contain a non-null value when exiting constructor. Consider adding the 'required' modifier or declaring the property as nullable. [/src/backend/DataModeler.API.csproj]
#26 27.51 /src/backend/Services/BranchingManagementService.cs(575,23): warning CS8618: Non-nullable property 'MergeSourceBranch' must contain a non-null value when exiting constructor. Consider adding the 'required' modifier or declaring the property as nullable. [/src/backend/DataModeler.API.csproj]
#26 27.51 /src/backend/Services/BranchingManagementService.cs(580,23): warning CS8618: Non-nullable property 'SourceBranch' must contain a non-null value when exiting constructor. Consider adding the 'required' modifier or declaring the property as nullable. [/src/backend/DataModeler.API.csproj]
#26 27.51 /src/backend/Services/BranchingManagementService.cs(581,23): warning CS8618: Non-nullable property 'TargetBranch' must contain a non-null value when exiting constructor. Consider adding the 'required' modifier or declaring the property as nullable. [/src/backend/DataModeler.API.csproj]
#26 27.51 /src/backend/Services/BranchingManagementService.cs(583,23): warning CS8618: Non-nullable property 'Status' must contain a non-null value when exiting constructor. Consider adding the 'required' modifier or declaring the property as nullable. [/src/backend/DataModeler.API.csproj]
#26 27.51 /src/backend/Services/BranchingManagementService.cs(585,23): warning CS8618: Non-nullable property 'MergedBy' must contain a non-null value when exiting constructor. Consider adding the 'required' modifier or declaring the property as nullable. [/src/backend/DataModeler.API.csproj]
#26 27.51 /src/backend/Services/BranchingManagementService.cs(589,23): warning CS8618: Non-nullable property 'CommitMessage' must contain a non-null value when exiting constructor. Consider adding the 'required' modifier or declaring the property as nullable. [/src/backend/DataModeler.API.csproj]
#26 27.51 /src/backend/Services/BranchingManagementService.cs(591,23): warning CS8618: Non-nullable property 'ErrorMessage' must contain a non-null value when exiting constructor. Consider adding the 'required' modifier or declaring the property as nullable. [/src/backend/DataModeler.API.csproj]
#26 27.51 /src/backend/Services/BranchingManagementService.cs(596,23): warning CS8618: Non-nullable property 'ConflictType' must contain a non-null value when exiting constructor. Consider adding the 'required' modifier or declaring the property as nullable. [/src/backend/DataModeler.API.csproj]
#26 27.51 /src/backend/Services/BranchingManagementService.cs(597,23): warning CS8618: Non-nullable property 'Severity' must contain a non-null value when exiting constructor. Consider adding the 'required' modifier or declaring the property as nullable. [/src/backend/DataModeler.API.csproj]
#26 27.51 /src/backend/Services/BranchingManagementService.cs(598,23): warning CS8618: Non-nullable property 'Description' must contain a non-null value when exiting constructor. Consider adding the 'required' modifier or declaring the property as nullable. [/src/backend/DataModeler.API.csproj]
#26 27.51 /src/backend/Services/BranchingManagementService.cs(599,23): warning CS8618: Non-nullable property 'Resolution' must contain a non-null value when exiting constructor. Consider adding the 'required' modifier or declaring the property as nullable. [/src/backend/DataModeler.API.csproj]
#26 27.51 /src/backend/Services/BranchingManagementService.cs(608,23): warning CS8618: Non-nullable property 'MostActiveBranch' must contain a non-null value when exiting constructor. Consider adding the 'required' modifier or declaring the property as nullable. [/src/backend/DataModeler.API.csproj]
#26 27.51 /src/backend/Services/ModelVersioningService.cs(570,23): warning CS8618: Non-nullable property 'VersionId' must contain a non-null value when exiting constructor. Consider adding the 'required' modifier or declaring the property as nullable. [/src/backend/DataModeler.API.csproj]
#26 27.51 /src/backend/Services/ModelVersioningService.cs(571,23): warning CS8618: Non-nullable property 'ModelId' must contain a non-null value when exiting constructor. Consider adding the 'required' modifier or declaring the property as nullable. [/src/backend/DataModeler.API.csproj]
#26 27.51 /src/backend/Services/ModelVersioningService.cs(572,23): warning CS8618: Non-nullable property 'DbmlContent' must contain a non-null value when exiting constructor. Consider adding the 'required' modifier or declaring the property as nullable. [/src/backend/DataModeler.API.csproj]
#26 27.51 /src/backend/Services/ModelVersioningService.cs(573,23): warning CS8618: Non-nullable property 'CreatedBy' must contain a non-null value when exiting constructor. Consider adding the 'required' modifier or declaring the property as nullable. [/src/backend/DataModeler.API.csproj]
#26 27.51 /src/backend/Services/ModelVersioningService.cs(575,23): warning CS8618: Non-nullable property 'CommitMessage' must contain a non-null value when exiting constructor. Consider adding the 'required' modifier or declaring the property as nullable. [/src/backend/DataModeler.API.csproj]
#26 27.51 /src/backend/Services/ModelVersioningService.cs(576,23): warning CS8618: Non-nullable property 'BranchName' must contain a non-null value when exiting constructor. Consider adding the 'required' modifier or declaring the property as nullable. [/src/backend/DataModeler.API.csproj]
#26 27.51 /src/backend/Services/ModelVersioningService.cs(580,23): warning CS8618: Non-nullable property 'Checksum' must contain a non-null value when exiting constructor. Consider adding the 'required' modifier or declaring the property as nullable. [/src/backend/DataModeler.API.csproj]
#26 27.51 /src/backend/Services/ModelVersioningService.cs(581,43): warning CS8618: Non-nullable property 'Statistics' must contain a non-null value when exiting constructor. Consider adding the 'required' modifier or declaring the property as nullable. [/src/backend/DataModeler.API.csproj]
#26 27.51 /src/backend/Services/ModelVersioningService.cs(595,23): warning CS8618: Non-nullable property 'PreviousVersionId' must contain a non-null value when exiting constructor. Consider adding the 'required' modifier or declaring the property as nullable. [/src/backend/DataModeler.API.csproj]
#26 27.51 /src/backend/Services/ModelVersioningService.cs(596,23): warning CS8618: Non-nullable property 'NewVersionId' must contain a non-null value when exiting constructor. Consider adding the 'required' modifier or declaring the property as nullable. [/src/backend/DataModeler.API.csproj]
#26 27.51 /src/backend/Services/ModelVersioningService.cs(598,23): warning CS8618: Non-nullable property 'Content' must contain a non-null value when exiting constructor. Consider adding the 'required' modifier or declaring the property as nullable. [/src/backend/DataModeler.API.csproj]
#26 27.51 /src/backend/Services/ModelVersioningService.cs(599,23): warning CS8618: Non-nullable property 'Message' must contain a non-null value when exiting constructor. Consider adding the 'required' modifier or declaring the property as nullable. [/src/backend/DataModeler.API.csproj]
#26 27.51 /src/backend/Services/ModelVersioningService.cs(621,23): warning CS8618: Non-nullable property 'ChangeId' must contain a non-null value when exiting constructor. Consider adding the 'required' modifier or declaring the property as nullable. [/src/backend/DataModeler.API.csproj]
#26 27.51 /src/backend/Services/ModelVersioningService.cs(622,23): warning CS8618: Non-nullable property 'ChangeType' must contain a non-null value when exiting constructor. Consider adding the 'required' modifier or declaring the property as nullable. [/src/backend/DataModeler.API.csproj]
#26 27.51 /src/backend/Services/ModelVersioningService.cs(623,23): warning CS8618: Non-nullable property 'Description' must contain a non-null value when exiting constructor. Consider adding the 'required' modifier or declaring the property as nullable. [/src/backend/DataModeler.API.csproj]
#26 27.51 /src/backend/Services/ModelVersioningService.cs(627,23): warning CS8618: Non-nullable property 'Severity' must contain a non-null value when exiting constructor. Consider adding the 'required' modifier or declaring the property as nullable. [/src/backend/DataModeler.API.csproj]
#26 27.51 /src/backend/Services/ModelVersioningService.cs(604,23): warning CS8618: Non-nullable property 'ModelId' must contain a non-null value when exiting constructor. Consider adding the 'required' modifier or declaring the property as nullable. [/src/backend/DataModeler.API.csproj]
#26 27.51 /src/backend/Services/ModelVersioningService.cs(605,23): warning CS8618: Non-nullable property 'Version1Id' must contain a non-null value when exiting constructor. Consider adding the 'required' modifier or declaring the property as nullable. [/src/backend/DataModeler.API.csproj]
#26 27.51 /src/backend/Services/ModelVersioningService.cs(606,23): warning CS8618: Non-nullable property 'Version2Id' must contain a non-null value when exiting constructor. Consider adding the 'required' modifier or declaring the property as nullable. [/src/backend/DataModeler.API.csproj]
#26 27.51 /src/backend/Services/ModelVersioningService.cs(648,23): warning CS8618: Non-nullable property 'TagId' must contain a non-null value when exiting constructor. Consider adding the 'required' modifier or declaring the property as nullable. [/src/backend/DataModeler.API.csproj]
#26 27.51 /src/backend/Services/ModelVersioningService.cs(649,23): warning CS8618: Non-nullable property 'ModelId' must contain a non-null value when exiting constructor. Consider adding the 'required' modifier or declaring the property as nullable. [/src/backend/DataModeler.API.csproj]
#26 27.51 /src/backend/Services/ModelVersioningService.cs(650,23): warning CS8618: Non-nullable property 'VersionId' must contain a non-null value when exiting constructor. Consider adding the 'required' modifier or declaring the property as nullable. [/src/backend/DataModeler.API.csproj]
#26 27.51 /src/backend/Services/ModelVersioningService.cs(651,23): warning CS8618: Non-nullable property 'TagName' must contain a non-null value when exiting constructor. Consider adding the 'required' modifier or declaring the property as nullable. [/src/backend/DataModeler.API.csproj]
#26 27.51 /src/backend/Services/ModelVersioningService.cs(652,23): warning CS8618: Non-nullable property 'Description' must contain a non-null value when exiting constructor. Consider adding the 'required' modifier or declaring the property as nullable. [/src/backend/DataModeler.API.csproj]
#26 27.51 /src/backend/Services/ModelVersioningService.cs(658,23): warning CS8618: Non-nullable property 'ModelId' must contain a non-null value when exiting constructor. Consider adding the 'required' modifier or declaring the property as nullable. [/src/backend/DataModeler.API.csproj]
#26 27.51 /src/backend/Services/ModelVersioningService.cs(670,23): warning CS8618: Non-nullable property 'BranchName' must contain a non-null value when exiting constructor. Consider adding the 'required' modifier or declaring the property as nullable. [/src/backend/DataModeler.API.csproj]
#26 27.51 /src/backend/Services/ModelVersioningService.cs(632,23): warning CS8618: Non-nullable property 'VersionId' must contain a non-null value when exiting constructor. Consider adding the 'required' modifier or declaring the property as nullable. [/src/backend/DataModeler.API.csproj]
#26 27.51 /src/backend/Services/ModelVersioningService.cs(633,23): warning CS8618: Non-nullable property 'ModelId' must contain a non-null value when exiting constructor. Consider adding the 'required' modifier or declaring the property as nullable. [/src/backend/DataModeler.API.csproj]
#26 27.51 /src/backend/Services/ModelVersioningService.cs(635,23): warning CS8618: Non-nullable property 'CreatedBy' must contain a non-null value when exiting constructor. Consider adding the 'required' modifier or declaring the property as nullable. [/src/backend/DataModeler.API.csproj]
#26 27.51 /src/backend/Services/ModelVersioningService.cs(636,23): warning CS8618: Non-nullable property 'CommitMessage' must contain a non-null value when exiting constructor. Consider adding the 'required' modifier or declaring the property as nullable. [/src/backend/DataModeler.API.csproj]
#26 27.51 /src/backend/Services/ModelVersioningService.cs(637,23): warning CS8618: Non-nullable property 'BranchName' must contain a non-null value when exiting constructor. Consider adding the 'required' modifier or declaring the property as nullable. [/src/backend/DataModeler.API.csproj]
#26 27.51 /src/backend/Services/ModelVersioningService.cs(639,23): warning CS8618: Non-nullable property 'Checksum' must contain a non-null value when exiting constructor. Consider adding the 'required' modifier or declaring the property as nullable. [/src/backend/DataModeler.API.csproj]
#26 27.51 /src/backend/Services/ModelVersioningService.cs(642,43): warning CS8618: Non-nullable property 'Statistics' must contain a non-null value when exiting constructor. Consider adding the 'required' modifier or declaring the property as nullable. [/src/backend/DataModeler.API.csproj]
#26 27.51 /src/backend/Services/ModelVersioningService.cs(678,23): warning CS8618: Non-nullable property 'UserId' must contain a non-null value when exiting constructor. Consider adding the 'required' modifier or declaring the property as nullable. [/src/backend/DataModeler.API.csproj]
#26 27.51 /src/backend/Services/RelationshipPathTraversalService.cs(584,23): warning CS8618: Non-nullable property 'SourceTable' must contain a non-null value when exiting constructor. Consider adding the 'required' modifier or declaring the property as nullable. [/src/backend/DataModeler.API.csproj]
#26 27.51 /src/backend/Services/RelationshipPathTraversalService.cs(585,23): warning CS8618: Non-nullable property 'TargetTable' must contain a non-null value when exiting constructor. Consider adding the 'required' modifier or declaring the property as nullable. [/src/backend/DataModeler.API.csproj]
#26 27.51 /src/backend/Services/RelationshipPathTraversalService.cs(597,23): warning CS8618: Non-nullable property 'TableName' must contain a non-null value when exiting constructor. Consider adding the 'required' modifier or declaring the property as nullable. [/src/backend/DataModeler.API.csproj]
#26 27.51 /src/backend/Services/ModelVersioningService.cs(129,50): warning CS1998: This async method lacks 'await' operators and will run synchronously. Consider using the 'await' operator to await non-blocking API calls, or 'await Task.Run(...)' to do CPU-bound work on a background thread. [/src/backend/DataModeler.API.csproj]
#26 27.51 /src/backend/Services/RelationshipPathTraversalService.cs(603,23): warning CS8618: Non-nullable property 'TableName' must contain a non-null value when exiting constructor. Consider adding the 'required' modifier or declaring the property as nullable. [/src/backend/DataModeler.API.csproj]
#26 27.51 /src/backend/Services/RelationshipPathTraversalService.cs(611,23): warning CS8618: Non-nullable property 'ConnectedTableName' must contain a non-null value when exiting constructor. Consider adding the 'required' modifier or declaring the property as nullable. [/src/backend/DataModeler.API.csproj]
#26 27.51 /src/backend/Services/RelationshipPathTraversalService.cs(612,23): warning CS8618: Non-nullable property 'ConnectionType' must contain a non-null value when exiting constructor. Consider adding the 'required' modifier or declaring the property as nullable. [/src/backend/DataModeler.API.csproj]
#26 27.51 /src/backend/Services/RelationshipPathTraversalService.cs(613,23): warning CS8618: Non-nullable property 'Cardinality' must contain a non-null value when exiting constructor. Consider adding the 'required' modifier or declaring the property as nullable. [/src/backend/DataModeler.API.csproj]
#26 27.51 /src/backend/Services/RelationshipPathTraversalService.cs(614,23): warning CS8618: Non-nullable property 'FromColumn' must contain a non-null value when exiting constructor. Consider adding the 'required' modifier or declaring the property as nullable. [/src/backend/DataModeler.API.csproj]
#26 27.51 /src/backend/Services/RelationshipPathTraversalService.cs(615,23): warning CS8618: Non-nullable property 'ToColumn' must contain a non-null value when exiting constructor. Consider adding the 'required' modifier or declaring the property as nullable. [/src/backend/DataModeler.API.csproj]
#26 27.51 /src/backend/Services/ModelVersioningService.cs(169,45): warning CS1998: This async method lacks 'await' operators and will run synchronously. Consider using the 'await' operator to await non-blocking API calls, or 'await Task.Run(...)' to do CPU-bound work on a background thread. [/src/backend/DataModeler.API.csproj]
#26 27.51 /src/backend/Services/ModelVersioningService.cs(192,45): warning CS1998: This async method lacks 'await' operators and will run synchronously. Consider using the 'await' operator to await non-blocking API calls, or 'await Task.Run(...)' to do CPU-bound work on a background thread. [/src/backend/DataModeler.API.csproj]
#26 27.51 /src/backend/Services/RelationshipPathTraversalService.cs(631,23): warning CS8618: Non-nullable property 'Severity' must contain a non-null value when exiting constructor. Consider adding the 'required' modifier or declaring the property as nullable. [/src/backend/DataModeler.API.csproj]
#26 27.51 /src/backend/Services/RelationshipPathTraversalService.cs(645,23): warning CS8618: Non-nullable property 'MostConnectedTable' must contain a non-null value when exiting constructor. Consider adding the 'required' modifier or declaring the property as nullable. [/src/backend/DataModeler.API.csproj]
#26 27.51 /src/backend/Services/ModelVersioningService.cs(408,48): warning CS1998: This async method lacks 'await' operators and will run synchronously. Consider using the 'await' operator to await non-blocking API calls, or 'await Task.Run(...)' to do CPU-bound work on a background thread. [/src/backend/DataModeler.API.csproj]
#26 27.51 /src/backend/Services/BranchingManagementService.cs(271,33): warning CS1998: This async method lacks 'await' operators and will run synchronously. Consider using the 'await' operator to await non-blocking API calls, or 'await Task.Run(...)' to do CPU-bound work on a background thread. [/src/backend/DataModeler.API.csproj]
#26 27.51 /src/backend/Services/BranchingManagementService.cs(306,38): warning CS1998: This async method lacks 'await' operators and will run synchronously. Consider using the 'await' operator to await non-blocking API calls, or 'await Task.Run(...)' to do CPU-bound work on a background thread. [/src/backend/DataModeler.API.csproj]
#26 27.51 /src/backend/Services/SqlSchemaComparatorService.cs(610,23): warning CS8618: Non-nullable property 'StageName' must contain a non-null value when exiting constructor. Consider adding the 'required' modifier or declaring the property as nullable. [/src/backend/DataModeler.API.csproj]
#26 27.51 /src/backend/Services/SqlSchemaComparatorService.cs(611,23): warning CS8618: Non-nullable property 'Description' must contain a non-null value when exiting constructor. Consider adding the 'required' modifier or declaring the property as nullable. [/src/backend/DataModeler.API.csproj]
#26 27.51 /src/backend/Services/BranchingManagementService.cs(332,38): warning CS1998: This async method lacks 'await' operators and will run synchronously. Consider using the 'await' operator to await non-blocking API calls, or 'await Task.Run(...)' to do CPU-bound work on a background thread. [/src/backend/DataModeler.API.csproj]
#26 27.51 /src/backend/Services/SqlSchemaComparatorService.cs(640,23): warning CS8618: Non-nullable property 'Message' must contain a non-null value when exiting constructor. Consider adding the 'required' modifier or declaring the property as nullable. [/src/backend/DataModeler.API.csproj]
#26 27.51 /src/backend/Services/SqlSchemaComparatorService.cs(651,23): warning CS8618: Non-nullable property 'Message' must contain a non-null value when exiting constructor. Consider adding the 'required' modifier or declaring the property as nullable. [/src/backend/DataModeler.API.csproj]
#26 27.51 /src/backend/Services/SqlDialectGenerators.cs(181,67): warning CS8604: Possible null reference argument for parameter 'identifier' in 'string PostgreSqlDialectGenerator.EscapeIdentifier(string identifier)'. [/src/backend/DataModeler.API.csproj]
#26 27.51 /src/backend/Services/SqlDialectGenerators.cs(189,61): warning CS8604: Possible null reference argument for parameter 'identifier' in 'string PostgreSqlDialectGenerator.EscapeIdentifier(string identifier)'. [/src/backend/DataModeler.API.csproj]
#26 27.51 /src/backend/Services/StatementOrderingService.cs(401,36): warning CS8618: Non-nullable property 'OriginalPlan' must contain a non-null value when exiting constructor. Consider adding the 'required' modifier or declaring the property as nullable. [/src/backend/DataModeler.API.csproj]
#26 27.51 /src/backend/Services/SqlSchemaComparatorService.cs(595,23): warning CS8618: Non-nullable property 'DatabaseDialect' must contain a non-null value when exiting constructor. Consider adding the 'required' modifier or declaring the property as nullable. [/src/backend/DataModeler.API.csproj]
#26 27.51 /src/backend/Services/SqlSchemaComparatorService.cs(602,23): warning CS8618: Non-nullable property 'Summary' must contain a non-null value when exiting constructor. Consider adding the 'required' modifier or declaring the property as nullable. [/src/backend/DataModeler.API.csproj]
#26 27.51 /src/backend/Services/StatementOrderingService.cs(437,23): warning CS8618: Non-nullable property 'Description' must contain a non-null value when exiting constructor. Consider adding the 'required' modifier or declaring the property as nullable. [/src/backend/DataModeler.API.csproj]
#26 27.51 /src/backend/Services/StatementOrderingService.cs(438,23): warning CS8618: Non-nullable property 'RequiredAction' must contain a non-null value when exiting constructor. Consider adding the 'required' modifier or declaring the property as nullable. [/src/backend/DataModeler.API.csproj]
#26 27.51 /src/backend/Services/StatementOrderingService.cs(425,38): warning CS8618: Non-nullable property 'Operation' must contain a non-null value when exiting constructor. Consider adding the 'required' modifier or declaring the property as nullable. [/src/backend/DataModeler.API.csproj]
#26 27.51 /src/backend/Services/SqlDialectGenerators.cs(200,52): warning CS8604: Possible null reference argument for parameter 'identifier' in 'string PostgreSqlDialectGenerator.EscapeIdentifier(string identifier)'. [/src/backend/DataModeler.API.csproj]
#26 27.51 /src/backend/Services/SqlDialectGenerators.cs(201,51): warning CS8604: Possible null reference argument for parameter 'identifier' in 'string PostgreSqlDialectGenerator.EscapeIdentifier(string identifier)'. [/src/backend/DataModeler.API.csproj]
#26 27.51 /src/backend/Services/BranchingManagementService.cs(428,40): warning CS8601: Possible null reference assignment. [/src/backend/DataModeler.API.csproj]
#26 27.51 /src/backend/Services/StatementOrderingService.cs(459,23): warning CS8618: Non-nullable property 'Resolution' must contain a non-null value when exiting constructor. Consider adding the 'required' modifier or declaring the property as nullable. [/src/backend/DataModeler.API.csproj]
#26 27.51 /src/backend/Services/SystemMetricsService.cs(58,16): warning CS8618: Non-nullable field '_collectionTimer' must contain a non-null value when exiting constructor. Consider adding the 'required' modifier or declaring the field as nullable. [/src/backend/DataModeler.API.csproj]
#26 27.51 /src/backend/Services/SystemMetricsService.cs(58,16): warning CS8618: Non-nullable field '_cancellationTokenSource' must contain a non-null value when exiting constructor. Consider adding the 'required' modifier or declaring the field as nullable. [/src/backend/DataModeler.API.csproj]
#26 27.51 /src/backend/Services/SystemMetricsService.cs(58,16): warning CS8618: Non-nullable field '_lastCPUMetrics' must contain a non-null value when exiting constructor. Consider adding the 'required' modifier or declaring the field as nullable. [/src/backend/DataModeler.API.csproj]
#26 27.51 /src/backend/Services/SystemMetricsService.cs(58,16): warning CS8618: Non-nullable field '_lastMemoryMetrics' must contain a non-null value when exiting constructor. Consider adding the 'required' modifier or declaring the field as nullable. [/src/backend/DataModeler.API.csproj]
#26 27.51 /src/backend/Services/SqlDialectGenerators.cs(206,52): warning CS8604: Possible null reference argument for parameter 'identifier' in 'string PostgreSqlDialectGenerator.EscapeIdentifier(string identifier)'. [/src/backend/DataModeler.API.csproj]
#26 27.51 /src/backend/Services/SqlDialectGenerators.cs(207,52): warning CS8604: Possible null reference argument for parameter 'identifier' in 'string PostgreSqlDialectGenerator.EscapeIdentifier(string identifier)'. [/src/backend/DataModeler.API.csproj]
#26 27.51 /src/backend/Services/SystemMetricsService.cs(586,27): warning CS8618: Non-nullable property 'CPU' must contain a non-null value when exiting constructor. Consider adding the 'required' modifier or declaring the property as nullable. [/src/backend/DataModeler.API.csproj]
#26 27.51 /src/backend/Services/SystemMetricsService.cs(587,30): warning CS8618: Non-nullable property 'Memory' must contain a non-null value when exiting constructor. Consider adding the 'required' modifier or declaring the property as nullable. [/src/backend/DataModeler.API.csproj]
#26 27.51 /src/backend/Services/SystemMetricsService.cs(588,28): warning CS8618: Non-nullable property 'Disk' must contain a non-null value when exiting constructor. Consider adding the 'required' modifier or declaring the property as nullable. [/src/backend/DataModeler.API.csproj]
#26 27.51 /src/backend/Services/SystemMetricsService.cs(589,31): warning CS8618: Non-nullable property 'Network' must contain a non-null value when exiting constructor. Consider adding the 'required' modifier or declaring the property as nullable. [/src/backend/DataModeler.API.csproj]
#26 27.51 /src/backend/Services/SystemMetricsService.cs(590,32): warning CS8618: Non-nullable property 'Database' must contain a non-null value when exiting constructor. Consider adding the 'required' modifier or declaring the property as nullable. [/src/backend/DataModeler.API.csproj]
#26 27.51 /src/backend/Services/SystemMetricsService.cs(591,27): warning CS8618: Non-nullable property 'API' must contain a non-null value when exiting constructor. Consider adding the 'required' modifier or declaring the property as nullable. [/src/backend/DataModeler.API.csproj]
#26 27.51 /src/backend/Services/SystemMetricsService.cs(601,23): warning CS8618: Non-nullable property 'Error' must contain a non-null value when exiting constructor. Consider adding the 'required' modifier or declaring the property as nullable. [/src/backend/DataModeler.API.csproj]
#26 27.51 /src/backend/Controllers/AdminController.cs(262,30): warning CS8629: Nullable value type may be null. [/src/backend/DataModeler.API.csproj]
#26 27.51 /src/backend/Services/AzureDevOpsService.cs(127,34): warning CS8601: Possible null reference assignment. [/src/backend/DataModeler.API.csproj]
#26 27.51 /src/backend/Services/AzureDevOpsService.cs(128,36): warning CS8601: Possible null reference assignment. [/src/backend/DataModeler.API.csproj]
#26 27.51 /src/backend/Services/AzureDevOpsService.cs(129,35): warning CS8601: Possible null reference assignment. [/src/backend/DataModeler.API.csproj]
#26 27.51 /src/backend/Services/AzureDevOpsService.cs(130,45): warning CS8601: Possible null reference assignment. [/src/backend/DataModeler.API.csproj]
#26 27.51 /src/backend/Services/AzureDevOpsService.cs(132,41): warning CS8601: Possible null reference assignment. [/src/backend/DataModeler.API.csproj]
#26 27.51 /src/backend/Services/AzureDevOpsService.cs(133,38): warning CS8601: Possible null reference assignment. [/src/backend/DataModeler.API.csproj]
#26 27.51 /src/backend/Services/AzureDevOpsService.cs(134,39): warning CS8601: Possible null reference assignment. [/src/backend/DataModeler.API.csproj]
#26 27.51 /src/backend/Services/SystemMetricsService.cs(615,23): warning CS8618: Non-nullable property 'Error' must contain a non-null value when exiting constructor. Consider adding the 'required' modifier or declaring the property as nullable. [/src/backend/DataModeler.API.csproj]
#26 27.51 /src/backend/Services/SystemMetricsService.cs(623,23): warning CS8618: Non-nullable property 'Error' must contain a non-null value when exiting constructor. Consider adding the 'required' modifier or declaring the property as nullable. [/src/backend/DataModeler.API.csproj]
#26 27.51 /src/backend/Services/SqlDialectGenerators.cs(219,53): warning CS8604: Possible null reference argument for parameter 'identifier' in 'string PostgreSqlDialectGenerator.EscapeIdentifier(string identifier)'. [/src/backend/DataModeler.API.csproj]
#26 27.51 /src/backend/Services/SqlDialectGenerators.cs(220,54): warning CS8604: Possible null reference argument for parameter 'identifier' in 'string PostgreSqlDialectGenerator.EscapeIdentifier(string identifier)'. [/src/backend/DataModeler.API.csproj]
#26 27.51 /src/backend/Services/SqlDialectGenerators.cs(229,53): warning CS8604: Possible null reference argument for parameter 'identifier' in 'string PostgreSqlDialectGenerator.EscapeIdentifier(string identifier)'. [/src/backend/DataModeler.API.csproj]
#26 27.51 /src/backend/Services/SqlDialectGenerators.cs(230,54): warning CS8604: Possible null reference argument for parameter 'identifier' in 'string PostgreSqlDialectGenerator.EscapeIdentifier(string identifier)'. [/src/backend/DataModeler.API.csproj]
#26 27.51 /src/backend/Services/SystemMetricsService.cs(628,23): warning CS8618: Non-nullable property 'DriveName' must contain a non-null value when exiting constructor. Consider adding the 'required' modifier or declaring the property as nullable. [/src/backend/DataModeler.API.csproj]
#26 27.51 /src/backend/Services/SystemMetricsService.cs(644,23): warning CS8618: Non-nullable property 'Error' must contain a non-null value when exiting constructor. Consider adding the 'required' modifier or declaring the property as nullable. [/src/backend/DataModeler.API.csproj]
#26 27.51 /src/backend/Services/SqlDialectGenerators.cs(238,52): warning CS8604: Possible null reference argument for parameter 'identifier' in 'string PostgreSqlDialectGenerator.EscapeIdentifier(string identifier)'. [/src/backend/DataModeler.API.csproj]
#26 27.51 /src/backend/Services/SqlDialectGenerators.cs(239,55): warning CS8604: Possible null reference argument for parameter 'identifier' in 'string PostgreSqlDialectGenerator.EscapeIdentifier(string identifier)'. [/src/backend/DataModeler.API.csproj]
#26 27.51 /src/backend/Services/SqlDialectGenerators.cs(240,53): warning CS8604: Possible null reference argument for parameter 'identifier' in 'string PostgreSqlDialectGenerator.EscapeIdentifier(string identifier)'. [/src/backend/DataModeler.API.csproj]
#26 27.51 /src/backend/Services/SqlDialectGenerators.cs(241,51): warning CS8604: Possible null reference argument for parameter 'identifier' in 'string PostgreSqlDialectGenerator.EscapeIdentifier(string identifier)'. [/src/backend/DataModeler.API.csproj]
#26 27.51 /src/backend/Services/SqlDialectGenerators.cs(242,41): warning CS8604: Possible null reference argument for parameter 'identifier' in 'string PostgreSqlDialectGenerator.EscapeIdentifier(string identifier)'. [/src/backend/DataModeler.API.csproj]
#26 27.51 /src/backend/Services/ModelVersioningService.cs(557,37): warning CS1998: This async method lacks 'await' operators and will run synchronously. Consider using the 'await' operator to await non-blocking API calls, or 'await Task.Run(...)' to do CPU-bound work on a background thread. [/src/backend/DataModeler.API.csproj]
#26 27.51 /src/backend/Services/SystemMetricsService.cs(659,23): warning CS8618: Non-nullable property 'Error' must contain a non-null value when exiting constructor. Consider adding the 'required' modifier or declaring the property as nullable. [/src/backend/DataModeler.API.csproj]
#26 27.51 /src/backend/Services/SqlDialectGenerators.cs(248,52): warning CS8604: Possible null reference argument for parameter 'identifier' in 'string PostgreSqlDialectGenerator.EscapeIdentifier(string identifier)'. [/src/backend/DataModeler.API.csproj]
#26 27.51 /src/backend/Services/SqlDialectGenerators.cs(249,56): warning CS8604: Possible null reference argument for parameter 'identifier' in 'string PostgreSqlDialectGenerator.EscapeIdentifier(string identifier)'. [/src/backend/DataModeler.API.csproj]
#26 27.51 /src/backend/Services/SystemMetricsService.cs(681,23): warning CS8618: Non-nullable property 'Status' must contain a non-null value when exiting constructor. Consider adding the 'required' modifier or declaring the property as nullable. [/src/backend/DataModeler.API.csproj]
#26 27.51 /src/backend/Services/SystemMetricsService.cs(683,23): warning CS8618: Non-nullable property 'Error' must contain a non-null value when exiting constructor. Consider adding the 'required' modifier or declaring the property as nullable. [/src/backend/DataModeler.API.csproj]
#26 27.51 /src/backend/Services/AzureDevOpsService.cs(174,30): warning CS8601: Possible null reference assignment. [/src/backend/DataModeler.API.csproj]
#26 27.51 /src/backend/Services/AzureDevOpsService.cs(175,32): warning CS8601: Possible null reference assignment. [/src/backend/DataModeler.API.csproj]
#26 27.51 /src/backend/Services/AzureDevOpsService.cs(176,31): warning CS8601: Possible null reference assignment. [/src/backend/DataModeler.API.csproj]
#26 27.51 /src/backend/Services/AzureDevOpsService.cs(177,41): warning CS8601: Possible null reference assignment. [/src/backend/DataModeler.API.csproj]
#26 27.51 /src/backend/Services/AzureDevOpsService.cs(180,34): warning CS8601: Possible null reference assignment. [/src/backend/DataModeler.API.csproj]
#26 27.51 /src/backend/Services/AzureDevOpsService.cs(181,35): warning CS8601: Possible null reference assignment. [/src/backend/DataModeler.API.csproj]
#26 27.51 /src/backend/Services/SystemMetricsService.cs(672,23): warning CS8618: Non-nullable property 'MostUsedEndpoint' must contain a non-null value when exiting constructor. Consider adding the 'required' modifier or declaring the property as nullable. [/src/backend/DataModeler.API.csproj]
#26 27.51 /src/backend/Services/SystemMetricsService.cs(675,23): warning CS8618: Non-nullable property 'Error' must contain a non-null value when exiting constructor. Consider adding the 'required' modifier or declaring the property as nullable. [/src/backend/DataModeler.API.csproj]
#26 27.51 /src/backend/Services/BranchingManagementService.cs(509,20): warning CS8603: Possible null reference return. [/src/backend/DataModeler.API.csproj]
#26 27.51 /src/backend/Services/SystemMetricsService.cs(688,23): warning CS8618: Non-nullable property 'Name' must contain a non-null value when exiting constructor. Consider adding the 'required' modifier or declaring the property as nullable. [/src/backend/DataModeler.API.csproj]
#26 27.51 /src/backend/Services/SystemMetricsService.cs(689,23): warning CS8618: Non-nullable property 'Status' must contain a non-null value when exiting constructor. Consider adding the 'required' modifier or declaring the property as nullable. [/src/backend/DataModeler.API.csproj]
#26 27.51 /src/backend/Services/SystemMetricsService.cs(691,23): warning CS8618: Non-nullable property 'Unit' must contain a non-null value when exiting constructor. Consider adding the 'required' modifier or declaring the property as nullable. [/src/backend/DataModeler.API.csproj]
#26 27.51 /src/backend/Services/SqlDialectGenerators.cs(258,61): warning CS8604: Possible null reference argument for parameter 'identifier' in 'string PostgreSqlDialectGenerator.EscapeIdentifier(string identifier)'. [/src/backend/DataModeler.API.csproj]
#26 27.51 /src/backend/Services/SqlDialectGenerators.cs(259,43): warning CS8604: Possible null reference argument for parameter 'identifier' in 'string PostgreSqlDialectGenerator.EscapeIdentifier(string identifier)'. [/src/backend/DataModeler.API.csproj]
#26 27.51 /src/backend/Services/SqlDialectGenerators.cs(264,61): warning CS8604: Possible null reference argument for parameter 'identifier' in 'string PostgreSqlDialectGenerator.EscapeIdentifier(string identifier)'. [/src/backend/DataModeler.API.csproj]
#26 27.51 /src/backend/Services/BranchingManagementService.cs(537,27): warning CS8618: Non-nullable property 'Name' must contain a non-null value when exiting constructor. Consider adding the 'required' modifier or declaring the property as nullable. [/src/backend/DataModeler.API.csproj]
#26 27.51 /src/backend/Services/BranchingManagementService.cs(538,27): warning CS8618: Non-nullable property 'CreatedBy' must contain a non-null value when exiting constructor. Consider adding the 'required' modifier or declaring the property as nullable. [/src/backend/DataModeler.API.csproj]
#26 27.51 /src/backend/Services/BranchingManagementService.cs(544,27): warning CS8618: Non-nullable property 'Description' must contain a non-null value when exiting constructor. Consider adding the 'required' modifier or declaring the property as nullable. [/src/backend/DataModeler.API.csproj]
#26 27.51 /src/backend/Services/BranchingManagementService.cs(545,31): warning CS8618: Non-nullable property 'VersionIds' must contain a non-null value when exiting constructor. Consider adding the 'required' modifier or declaring the property as nullable. [/src/backend/DataModeler.API.csproj]
#26 27.51 /src/backend/Services/BranchingManagementService.cs(547,27): warning CS8618: Non-nullable property 'LastModifiedBy' must contain a non-null value when exiting constructor. Consider adding the 'required' modifier or declaring the property as nullable. [/src/backend/DataModeler.API.csproj]
#26 27.51 /src/backend/Services/BranchingManagementService.cs(549,27): warning CS8618: Non-nullable property 'LastAccessedBy' must contain a non-null value when exiting constructor. Consider adding the 'required' modifier or declaring the property as nullable. [/src/backend/DataModeler.API.csproj]
#26 27.51 /src/backend/Services/BranchingManagementService.cs(551,27): warning CS8618: Non-nullable property 'MergeSourceBranch' must contain a non-null value when exiting constructor. Consider adding the 'required' modifier or declaring the property as nullable. [/src/backend/DataModeler.API.csproj]
#26 27.51 /src/backend/Services/SqlDialectGenerators.cs(270,52): warning CS8604: Possible null reference argument for parameter 'identifier' in 'string PostgreSqlDialectGenerator.EscapeIdentifier(string identifier)'. [/src/backend/DataModeler.API.csproj]
#26 27.51 /src/backend/Services/SqlDialectGenerators.cs(275,60): warning CS8604: Possible null reference argument for parameter 'identifier' in 'string PostgreSqlDialectGenerator.EscapeIdentifier(string identifier)'. [/src/backend/DataModeler.API.csproj]
#26 27.51 /src/backend/Services/VersionComparisonService.cs(636,23): warning CS8618: Non-nullable property 'Type' must contain a non-null value when exiting constructor. Consider adding the 'required' modifier or declaring the property as nullable. [/src/backend/DataModeler.API.csproj]
#26 27.51 /src/backend/Services/VersionComparisonService.cs(638,23): warning CS8618: Non-nullable property 'Content' must contain a non-null value when exiting constructor. Consider adding the 'required' modifier or declaring the property as nullable. [/src/backend/DataModeler.API.csproj]
#26 27.51 /src/backend/Services/VersionComparisonService.cs(625,23): warning CS8618: Non-nullable property 'OriginalContent' must contain a non-null value when exiting constructor. Consider adding the 'required' modifier or declaring the property as nullable. [/src/backend/DataModeler.API.csproj]
#26 27.51 /src/backend/Services/VersionComparisonService.cs(626,23): warning CS8618: Non-nullable property 'ModifiedContent' must contain a non-null value when exiting constructor. Consider adding the 'required' modifier or declaring the property as nullable. [/src/backend/DataModeler.API.csproj]
#26 27.51 /src/backend/Services/VersionComparisonService.cs(655,23): warning CS8618: Non-nullable property 'ChangeType' must contain a non-null value when exiting constructor. Consider adding the 'required' modifier or declaring the property as nullable. [/src/backend/DataModeler.API.csproj]
#26 27.51 /src/backend/Services/VersionComparisonService.cs(656,23): warning CS8618: Non-nullable property 'EntityName' must contain a non-null value when exiting constructor. Consider adding the 'required' modifier or declaring the property as nullable. [/src/backend/DataModeler.API.csproj]
#26 27.51 /src/backend/Services/VersionComparisonService.cs(657,23): warning CS8618: Non-nullable property 'Severity' must contain a non-null value when exiting constructor. Consider adding the 'required' modifier or declaring the property as nullable. [/src/backend/DataModeler.API.csproj]
#26 27.51 /src/backend/Services/VersionComparisonService.cs(658,23): warning CS8618: Non-nullable property 'Details' must contain a non-null value when exiting constructor. Consider adding the 'required' modifier or declaring the property as nullable. [/src/backend/DataModeler.API.csproj]
#26 27.51 /src/backend/Services/VersionComparisonService.cs(673,34): warning CS8618: Non-nullable property 'StructuralChanges' must contain a non-null value when exiting constructor. Consider adding the 'required' modifier or declaring the property as nullable. [/src/backend/DataModeler.API.csproj]
#26 27.51 /src/backend/Services/VersionComparisonService.cs(674,32): warning CS8618: Non-nullable property 'DetailedDiff' must contain a non-null value when exiting constructor. Consider adding the 'required' modifier or declaring the property as nullable. [/src/backend/DataModeler.API.csproj]
#26 27.51 /src/backend/Services/VersionComparisonService.cs(675,35): warning CS8618: Non-nullable property 'Similarity' must contain a non-null value when exiting constructor. Consider adding the 'required' modifier or declaring the property as nullable. [/src/backend/DataModeler.API.csproj]
#26 27.51 /src/backend/Services/VersionComparisonService.cs(676,23): warning CS8618: Non-nullable property 'SummaryText' must contain a non-null value when exiting constructor. Consider adding the 'required' modifier or declaring the property as nullable. [/src/backend/DataModeler.API.csproj]
#26 27.51 /src/backend/Services/SqlDialectGenerators.cs(285,52): warning CS8604: Possible null reference argument for parameter 'identifier' in 'string PostgreSqlDialectGenerator.EscapeIdentifier(string identifier)'. [/src/backend/DataModeler.API.csproj]
#26 27.51 /src/backend/Services/SqlDialectGenerators.cs(286,55): warning CS8604: Possible null reference argument for parameter 'identifier' in 'string PostgreSqlDialectGenerator.EscapeIdentifier(string identifier)'. [/src/backend/DataModeler.API.csproj]
#26 27.51 /src/backend/Services/SqlDialectGenerators.cs(287,48): warning CS8604: Possible null reference argument for parameter 'identifier' in 'string PostgreSqlDialectGenerator.EscapeIdentifier(string identifier)'. [/src/backend/DataModeler.API.csproj]
#26 27.51 /src/backend/Services/SqlDialectGenerators.cs(292,52): warning CS8604: Possible null reference argument for parameter 'identifier' in 'string PostgreSqlDialectGenerator.EscapeIdentifier(string identifier)'. [/src/backend/DataModeler.API.csproj]
#26 27.51 /src/backend/Services/SqlDialectGenerators.cs(293,56): warning CS8604: Possible null reference argument for parameter 'identifier' in 'string PostgreSqlDialectGenerator.EscapeIdentifier(string identifier)'. [/src/backend/DataModeler.API.csproj]
#26 27.51 /src/backend/Services/AzureDevOpsService.cs(258,28): warning CS8603: Possible null reference return. [/src/backend/DataModeler.API.csproj]
#26 27.51 /src/backend/Services/AzureDevOpsService.cs(350,36): warning CS8601: Possible null reference assignment. [/src/backend/DataModeler.API.csproj]
#26 27.51 /src/backend/Services/AzureDevOpsService.cs(351,35): warning CS8601: Possible null reference assignment. [/src/backend/DataModeler.API.csproj]
#26 27.51 /src/backend/Services/AzureDevOpsService.cs(352,38): warning CS8601: Possible null reference assignment. [/src/backend/DataModeler.API.csproj]
#26 27.51 /src/backend/Services/SystemMetricsService.cs(498,32): warning CS8625: Cannot convert null literal to non-nullable reference type. [/src/backend/DataModeler.API.csproj]
#26 27.51 /src/backend/Services/AzureDevOpsService.cs(402,32): warning CS8601: Possible null reference assignment. [/src/backend/DataModeler.API.csproj]
#26 27.51 /src/backend/Services/AzureDevOpsService.cs(403,33): warning CS8601: Possible null reference assignment. [/src/backend/DataModeler.API.csproj]
#26 27.51 /src/backend/Services/AzureDevOpsService.cs(404,34): warning CS8601: Possible null reference assignment. [/src/backend/DataModeler.API.csproj]
#26 27.51 /src/backend/Services/AzureDevOpsService.cs(405,54): warning CS8604: Possible null reference argument for parameter 's' in 'DateTime DateTime.Parse(string s)'. [/src/backend/DataModeler.API.csproj]
#26 27.51 /src/backend/Services/AzureDevOpsService.cs(406,31): warning CS8601: Possible null reference assignment. [/src/backend/DataModeler.API.csproj]
#26 27.51 /src/backend/Services/AzureDevOpsService.cs(447,40): warning CS8601: Possible null reference assignment. [/src/backend/DataModeler.API.csproj]
#26 27.51 /src/backend/Services/AzureDevOpsService.cs(448,38): warning CS8601: Possible null reference assignment. [/src/backend/DataModeler.API.csproj]
#26 27.51 /src/backend/Services/AzureDevOpsService.cs(449,43): warning CS8601: Possible null reference assignment. [/src/backend/DataModeler.API.csproj]
#26 27.51 /src/backend/Services/AzureDevOpsService.cs(450,39): warning CS8601: Possible null reference assignment. [/src/backend/DataModeler.API.csproj]
#26 27.51 /src/backend/Services/AzureDevOpsService.cs(451,57): warning CS8604: Possible null reference argument for parameter 's' in 'DateTime DateTime.Parse(string s)'. [/src/backend/DataModeler.API.csproj]
#26 27.51 /src/backend/Services/AzureDevOpsService.cs(452,35): warning CS8601: Possible null reference assignment. [/src/backend/DataModeler.API.csproj]
#26 27.51 /src/backend/Services/AzureDevOpsService.cs(493,36): warning CS8601: Possible null reference assignment. [/src/backend/DataModeler.API.csproj]
#26 27.51 /src/backend/Services/AzureDevOpsService.cs(494,34): warning CS8601: Possible null reference assignment. [/src/backend/DataModeler.API.csproj]
#26 27.51 /src/backend/Services/AzureDevOpsService.cs(495,39): warning CS8601: Possible null reference assignment. [/src/backend/DataModeler.API.csproj]
#26 27.51 /src/backend/Services/AzureDevOpsService.cs(496,35): warning CS8601: Possible null reference assignment. [/src/backend/DataModeler.API.csproj]
#26 27.51 /src/backend/Services/AzureDevOpsService.cs(497,53): warning CS8604: Possible null reference argument for parameter 's' in 'DateTime DateTime.Parse(string s)'. [/src/backend/DataModeler.API.csproj]
#26 27.51 /src/backend/Services/AzureDevOpsService.cs(498,56): warning CS8604: Possible null reference argument for parameter 's' in 'DateTime DateTime.Parse(string s)'. [/src/backend/DataModeler.API.csproj]
#26 27.51 /src/backend/Services/AzureDevOpsService.cs(499,35): warning CS8619: Nullability of reference types in value of type 'List<string?>' doesn't match target type 'List<string>'. [/src/backend/DataModeler.API.csproj]
#26 27.51 /src/backend/Services/AzureDevOpsService.cs(500,31): warning CS8601: Possible null reference assignment. [/src/backend/DataModeler.API.csproj]
#26 27.51 /src/backend/Services/AzureDevOpsService.cs(505,48): warning CS8601: Possible null reference assignment. [/src/backend/DataModeler.API.csproj]
#26 27.51 /src/backend/Services/AzureDevOpsService.cs(506,44): warning CS8601: Possible null reference assignment. [/src/backend/DataModeler.API.csproj]
#26 27.51 /src/backend/Services/AzureDevOpsService.cs(507,50): warning CS8601: Possible null reference assignment. [/src/backend/DataModeler.API.csproj]
#26 27.51 /src/backend/Services/VersionComparisonService.cs(612,27): warning CS8618: Non-nullable property 'FromTable' must contain a non-null value when exiting constructor. Consider adding the 'required' modifier or declaring the property as nullable. [/src/backend/DataModeler.API.csproj]
#26 27.51 /src/backend/Services/VersionComparisonService.cs(613,27): warning CS8618: Non-nullable property 'FromColumn' must contain a non-null value when exiting constructor. Consider adding the 'required' modifier or declaring the property as nullable. [/src/backend/DataModeler.API.csproj]
#26 27.51 /src/backend/Services/VersionComparisonService.cs(614,27): warning CS8618: Non-nullable property 'ToTable' must contain a non-null value when exiting constructor. Consider adding the 'required' modifier or declaring the property as nullable. [/src/backend/DataModeler.API.csproj]
#26 27.51 /src/backend/Services/VersionComparisonService.cs(615,27): warning CS8618: Non-nullable property 'ToColumn' must contain a non-null value when exiting constructor. Consider adding the 'required' modifier or declaring the property as nullable. [/src/backend/DataModeler.API.csproj]
#26 27.51 /src/backend/Services/AdminDashboardService.cs(70,40): error CS0103: The name 'CalculateAverageModelSize' does not exist in the current context [/src/backend/DataModeler.API.csproj]
#26 27.51 /src/backend/Program.cs(59,28): error CS0246: The type or namespace name 'ITokenService' could not be found (are you missing a using directive or an assembly reference?) [/src/backend/DataModeler.API.csproj]
#26 27.51 /src/backend/Program.cs(59,43): error CS0246: The type or namespace name 'TokenService' could not be found (are you missing a using directive or an assembly reference?) [/src/backend/DataModeler.API.csproj]
#26 27.51 /src/backend/Program.cs(60,28): error CS0246: The type or namespace name 'ILdapAuthService' could not be found (are you missing a using directive or an assembly reference?) [/src/backend/DataModeler.API.csproj]
#26 27.51 /src/backend/Program.cs(60,46): error CS0246: The type or namespace name 'LdapAuthService' could not be found (are you missing a using directive or an assembly reference?) [/src/backend/DataModeler.API.csproj]
#26 27.51 /src/backend/Program.cs(61,28): error CS0246: The type or namespace name 'IAzureAdService' could not be found (are you missing a using directive or an assembly reference?) [/src/backend/DataModeler.API.csproj]
#26 27.51 /src/backend/Program.cs(61,45): error CS0246: The type or namespace name 'AzureAdService' could not be found (are you missing a using directive or an assembly reference?) [/src/backend/DataModeler.API.csproj]
#26 27.51 /src/backend/Program.cs(62,28): error CS0246: The type or namespace name 'IAuthenticationService' could not be found (are you missing a using directive or an assembly reference?) [/src/backend/DataModeler.API.csproj]
#26 27.51 /src/backend/Program.cs(62,52): error CS0246: The type or namespace name 'AuthenticationService' could not be found (are you missing a using directive or an assembly reference?) [/src/backend/DataModeler.API.csproj]
#26 27.51 /src/backend/Program.cs(63,28): error CS0246: The type or namespace name 'IDbmlParserService' could not be found (are you missing a using directive or an assembly reference?) [/src/backend/DataModeler.API.csproj]
#26 27.51 /src/backend/Program.cs(63,48): error CS0246: The type or namespace name 'DbmlParserService' could not be found (are you missing a using directive or an assembly reference?) [/src/backend/DataModeler.API.csproj]
#26 27.51 /src/backend/Program.cs(70,32): error CS0246: The type or namespace name 'IAzureDevOpsService' could not be found (are you missing a using directive or an assembly reference?) [/src/backend/DataModeler.API.csproj]
#26 27.51 /src/backend/Program.cs(70,53): error CS0246: The type or namespace name 'AzureDevOpsService' could not be found (are you missing a using directive or an assembly reference?) [/src/backend/DataModeler.API.csproj]
#26 27.51 /src/backend/Controllers/CollaborationController.cs(69,44): error CS0029: Cannot implicitly convert type 'System.Net.WebSockets.WebSocket' to 'System.Net.WebSockets.WebSocketContext' [/src/backend/DataModeler.API.csproj]
#26 27.51 /src/backend/Controllers/CollaborationController.cs(73,23): error CS0103: The name '_connectionManager' does not exist in the current context [/src/backend/DataModeler.API.csproj]
#26 27.51 /src/backend/Controllers/CollaborationController.cs(95,35): error CS0103: The name '_webSocketService' does not exist in the current context [/src/backend/DataModeler.API.csproj]
#26 27.51 /src/backend/Controllers/CollaborationController.cs(109,21): error CS0828: Cannot assign 'method group' to anonymous type property [/src/backend/DataModeler.API.csproj]
#26 27.51 /src/backend/Controllers/CollaborationController.cs(133,35): error CS0103: The name '_webSocketService' does not exist in the current context [/src/backend/DataModeler.API.csproj]
#26 27.51 /src/backend/Controllers/CollaborationController.cs(134,39): error CS0103: The name '_webSocketService' does not exist in the current context [/src/backend/DataModeler.API.csproj]
#26 27.51 /src/backend/Controllers/CollaborationController.cs(163,39): error CS0103: The name '_webSocketService' does not exist in the current context [/src/backend/DataModeler.API.csproj]
#26 27.51 /src/backend/Controllers/CollaborationController.cs(164,35): error CS0103: The name '_webSocketService' does not exist in the current context [/src/backend/DataModeler.API.csproj]
#26 27.51 /src/backend/Controllers/CollaborationController.cs(170,21): error CS0828: Cannot assign 'method group' to anonymous type property [/src/backend/DataModeler.API.csproj]
#26 27.51 /src/backend/Controllers/CollaborationController.cs(202,23): error CS0103: The name '_webSocketService' does not exist in the current context [/src/backend/DataModeler.API.csproj]
#26 27.51 /src/backend/Services/WebSocketService.cs(110,37): error CS1061: 'Dictionary<string, UserConnection>' does not contain a definition for 'TryRemove' and no accessible extension method 'TryRemove' accepting a first argument of type 'Dictionary<string, UserConnection>' could be found (are you missing a using directive or an assembly reference?) [/src/backend/DataModeler.API.csproj]
#26 27.51 /src/backend/Services/LdapAuthService.cs(53,45): error CS0246: The type or namespace name 'LdapConnection' could not be found (are you missing a using directive or an assembly reference?) [/src/backend/DataModeler.API.csproj]
#26 27.51 /src/backend/Services/LdapAuthService.cs(70,21): error CS0103: The name 'LdapConnection' does not exist in the current context [/src/backend/DataModeler.API.csproj]
#26 27.51 /src/backend/Services/LdapAuthService.cs(108,16): error CS0246: The type or namespace name 'LdapException' could not be found (are you missing a using directive or an assembly reference?) [/src/backend/DataModeler.API.csproj]
#26 27.51 /src/backend/Services/LdapAuthService.cs(124,45): error CS0246: The type or namespace name 'LdapConnection' could not be found (are you missing a using directive or an assembly reference?) [/src/backend/DataModeler.API.csproj]
#26 27.51 /src/backend/Controllers/AdminController.cs(124,74): error CS1503: Argument 1: cannot convert from 'DataModeler.API.DTOs.LdapConfigDto' to 'DataModeler.API.Services.LdapConfig' [/src/backend/DataModeler.API.csproj]
#26 27.51 /src/backend/Controllers/AdminController.cs(133,73): error CS1503: Argument 1: cannot convert from 'DataModeler.API.DTOs.AzureAdConfigDto' to 'DataModeler.API.Services.AzureAdConfig' [/src/backend/DataModeler.API.csproj]
#26 27.51 /src/backend/Controllers/ModelsController.cs(87,21): error CS8072: An expression tree lambda may not contain a null propagating operator. [/src/backend/DataModeler.API.csproj]
#26 27.51 /src/backend/Controllers/ModelsController.cs(88,33): error CS8072: An expression tree lambda may not contain a null propagating operator. [/src/backend/DataModeler.API.csproj]
#26 27.51 /src/backend/Services/RelationshipPathTraversalService.cs(173,47): error CS1061: 'RelationshipDto' does not contain a definition for 'Type' and no accessible extension method 'Type' accepting a first argument of type 'RelationshipDto' could be found (are you missing a using directive or an assembly reference?) [/src/backend/DataModeler.API.csproj]
#26 27.51 /src/backend/Services/RelationshipPathTraversalService.cs(187,47): error CS1061: 'RelationshipDto' does not contain a definition for 'Type' and no accessible extension method 'Type' accepting a first argument of type 'RelationshipDto' could be found (are you missing a using directive or an assembly reference?) [/src/backend/DataModeler.API.csproj]
#26 27.51 /src/backend/Controllers/AdminController.cs(208,21): error CS1061: 'DevopsSettings' does not contain a definition for 'ConfigJson' and no accessible extension method 'ConfigJson' accepting a first argument of type 'DevopsSettings' could be found (are you missing a using directive or an assembly reference?) [/src/backend/DataModeler.API.csproj]
#26 27.51 /src/backend/Services/AdminReportService.cs(161,63): error CS1501: No overload for method 'GetPerformanceMetricsAsync' takes 2 arguments [/src/backend/DataModeler.API.csproj]
#26 27.51 /src/backend/Services/AdminDashboardService.cs(185,50): error CS0266: Cannot implicitly convert type 'double' to 'decimal'. An explicit conversion exists (are you missing a cast?) [/src/backend/DataModeler.API.csproj]
#26 27.51 /src/backend/Services/SqlDialectGenerators.cs(111,35): error CS1579: foreach statement cannot operate on variables of type 'void' because 'void' does not contain a public instance or extension definition for 'GetEnumerator' [/src/backend/DataModeler.API.csproj]
#26 27.51 /src/backend/Controllers/AdminController.cs(261,26): error CS0029: Cannot implicitly convert type 'long' to 'System.Guid' [/src/backend/DataModeler.API.csproj]
#26 27.51 /src/backend/Controllers/AdminController.cs(262,30): error CS0266: Cannot implicitly convert type 'System.Guid?' to 'System.Guid'. An explicit conversion exists (are you missing a cast?) [/src/backend/DataModeler.API.csproj]
#26 27.51 /src/backend/Services/SystemMetricsService.cs(111,46): error CS1069: The type name 'PerformanceCounter' could not be found in the namespace 'System.Diagnostics'. This type has been forwarded to assembly 'System.Diagnostics.PerformanceCounter, Version=0.0.0.0, Culture=neutral, PublicKeyToken=cc7b13ffcd2ddd51' Consider adding a reference to that assembly. [/src/backend/DataModeler.API.csproj]
#26 27.51 /src/backend/Services/SystemMetricsService.cs(140,39): error CS0266: Cannot implicitly convert type 'float' to 'decimal'. An explicit conversion exists (are you missing a cast?) [/src/backend/DataModeler.API.csproj]
#26 27.51 /src/backend/Services/SystemMetricsService.cs(172,39): error CS0266: Cannot implicitly convert type 'double' to 'decimal'. An explicit conversion exists (are you missing a cast?) [/src/backend/DataModeler.API.csproj]
#26 27.51 /src/backend/Services/SystemMetricsService.cs(212,45): error CS1069: The type name 'PerformanceCounter' could not be found in the namespace 'System.Diagnostics'. This type has been forwarded to assembly 'System.Diagnostics.PerformanceCounter, Version=0.0.0.0, Culture=neutral, PublicKeyToken=cc7b13ffcd2ddd51' Consider adding a reference to that assembly. [/src/backend/DataModeler.API.csproj]
#26 27.51 /src/backend/Services/SystemMetricsService.cs(242,43): error CS0266: Cannot implicitly convert type 'double' to 'decimal'. An explicit conversion exists (are you missing a cast?) [/src/backend/DataModeler.API.csproj]
#26 27.51 /src/backend/Services/SystemMetricsService.cs(246,48): error CS0266: Cannot implicitly convert type 'float' to 'decimal'. An explicit conversion exists (are you missing a cast?) [/src/backend/DataModeler.API.csproj]
#26 27.51 /src/backend/Services/AzureDevOpsService.cs(291,33): error CS0019: Operator '??' cannot be applied to operands of type 'List<<anonymous type: string id>>' and 'List<object>' [/src/backend/DataModeler.API.csproj]
#26 27.51 /src/backend/Services/SystemMetricsService.cs(350,33): error CS0664: Literal of type double cannot be implicitly converted to type 'decimal'; use an 'M' suffix to create a literal of this type [/src/backend/DataModeler.API.csproj]
#26 27.51 /src/backend/Controllers/ModelsController.cs(455,22): error CS0029: Cannot implicitly convert type 'System.Guid' to 'long' [/src/backend/DataModeler.API.csproj]
#26 27.51 /src/backend/Services/WebSocketConnectionManager.cs(186,62): error CS0103: The name 'userName' does not exist in the current context [/src/backend/DataModeler.API.csproj]
#26 27.51 /src/backend/Services/SystemMetricsService.cs(389,29): error CS0266: Cannot implicitly convert type 'decimal' to 'double'. An explicit conversion exists (are you missing a cast?) [/src/backend/DataModeler.API.csproj]
#26 27.51 /src/backend/Services/SystemMetricsService.cs(401,29): error CS0266: Cannot implicitly convert type 'decimal' to 'double'. An explicit conversion exists (are you missing a cast?) [/src/backend/DataModeler.API.csproj]
#26 27.51 /src/backend/Services/SystemMetricsService.cs(413,29): error CS0266: Cannot implicitly convert type 'decimal' to 'double'. An explicit conversion exists (are you missing a cast?) [/src/backend/DataModeler.API.csproj]
#26 27.51 /src/backend/Services/SystemMetricsService.cs(434,30): error CS0019: Operator '>' cannot be applied to operands of type 'decimal' and 'double' [/src/backend/DataModeler.API.csproj]
#26 27.51 /src/backend/Services/SystemMetricsService.cs(435,29): error CS0019: Operator '>' cannot be applied to operands of type 'decimal' and 'double' [/src/backend/DataModeler.API.csproj]
#26 27.51 /src/backend/Services/SystemMetricsService.cs(436,29): error CS0266: Cannot implicitly convert type 'decimal' to 'double'. An explicit conversion exists (are you missing a cast?) [/src/backend/DataModeler.API.csproj]
#26 27.51     398 Warning(s)
#26 27.51     56 Error(s)
#26 27.51 
#26 27.51 Time Elapsed 00:00:02.40
#26 ERROR: process "/bin/sh -c dotnet restore \"backend/DataModeler.API.csproj\"     && dotnet build \"backend/DataModeler.API.csproj\" -c Release -o /app/build     --no-restore" did not complete successfully: exit code: 1

#25 [frontend builder 4/6] RUN npm install && npm cache clean --force
#25 CANCELED
------
 > [backend builder 5/6] RUN dotnet restore "backend/DataModeler.API.csproj"     && dotnet build "backend/DataModeler.API.csproj" -c Release -o /app/build     --no-restore:
27.51 /src/backend/Services/SystemMetricsService.cs(389,29): error CS0266: Cannot implicitly convert type 'decimal' to 'double'. An explicit conversion exists (are you missing a cast?) [/src/backend/DataModeler.API.csproj]
27.51 /src/backend/Services/SystemMetricsService.cs(401,29): error CS0266: Cannot implicitly convert type 'decimal' to 'double'. An explicit conversion exists (are you missing a cast?) [/src/backend/DataModeler.API.csproj]
27.51 /src/backend/Services/SystemMetricsService.cs(413,29): error CS0266: Cannot implicitly convert type 'decimal' to 'double'. An explicit conversion exists (are you missing a cast?) [/src/backend/DataModeler.API.csproj]
27.51 /src/backend/Services/SystemMetricsService.cs(434,30): error CS0019: Operator '>' cannot be applied to operands of type 'decimal' and 'double' [/src/backend/DataModeler.API.csproj]
27.51 /src/backend/Services/SystemMetricsService.cs(435,29): error CS0019: Operator '>' cannot be applied to operands of type 'decimal' and 'double' [/src/backend/DataModeler.API.csproj]
27.51 /src/backend/Services/SystemMetricsService.cs(436,29): error CS0266: Cannot implicitly convert type 'decimal' to 'double'. An explicit conversion exists (are you missing a cast?) [/src/backend/DataModeler.API.csproj]
27.51     398 Warning(s)
27.51     56 Error(s)
27.51 
27.51 Time Elapsed 00:00:02.40
------
Dockerfile:16

--------------------

  15 |     # Restore dependencies with optimizations

  16 | >>> RUN dotnet restore "backend/DataModeler.API.csproj" \

  17 | >>>     && dotnet build "backend/DataModeler.API.csproj" -c Release -o /
app/build \

  18 | >>>     --no-restore

  19 |     

--------------------

target backend: failed to solve: process "/bin/sh -c dotnet restore \"backend/D
ataModeler.API.csproj\"     && dotnet build \"backend/DataModeler.API.csproj\" 
-c Release -o /app/build     --no-restore" did not complete successfully: exit 
code: 1



View build details: docker-desktop://dashboard/build/default/default/ja5ggkvzca
xjvz9j9pvym8qd2

